2026-09-15 12:25:07,111 [DEBUG] matplotlib: matplotlib data path: D:\Anaconda\envs\specllm\Lib\site-packages\matplotlib\mpl-data
2026-09-15 12:25:07,115 [DEBUG] matplotlib: CONFIGDIR=C:\Users\35454\.matplotlib
2026-09-15 12:25:07,116 [DEBUG] matplotlib: interactive is False
2026-09-15 12:25:07,116 [DEBUG] matplotlib: platform is win32
2026-09-15 12:25:07,133 [DEBUG] matplotlib: CACHEDIR=C:\Users\35454\.matplotlib
2026-09-15 12:25:07,135 [DEBUG] matplotlib.font_manager: Using fontManager instance from C:\Users\35454\.matplotlib\fontlist-v390.json
2026-09-15 12:25:07,685 [DEBUG] matplotlib.pyplot: Loaded backend tkagg version 8.6.
2026-09-15 12:25:07,716 [DEBUG] PIL.PngImagePlugin: STREAM b'IHDR' 16 13
2026-09-15 12:25:07,716 [DEBUG] PIL.PngImagePlugin: STREAM b'sBIT' 41 4
2026-09-15 12:25:07,716 [DEBUG] PIL.PngImagePlugin: b'sBIT' 41 4 (unknown)
2026-09-15 12:25:07,717 [DEBUG] PIL.PngImagePlugin: STREAM b'pHYs' 57 9
2026-09-15 12:25:07,717 [DEBUG] PIL.PngImagePlugin: STREAM b'IDAT' 78 1189
2026-09-15 12:25:07,721 [DEBUG] PIL.PngImagePlugin: STREAM b'IHDR' 16 13
2026-09-15 12:25:07,721 [DEBUG] PIL.PngImagePlugin: STREAM b'sBIT' 41 4
2026-09-15 12:25:07,721 [DEBUG] PIL.PngImagePlugin: b'sBIT' 41 4 (unknown)
2026-09-15 12:25:07,721 [DEBUG] PIL.PngImagePlugin: STREAM b'pHYs' 57 9
2026-09-15 12:25:07,721 [DEBUG] PIL.PngImagePlugin: STREAM b'IDAT' 78 2994
2026-09-15 12:25:07,737 [DEBUG] PIL.PngImagePlugin: STREAM b'IHDR' 16 13
2026-09-15 12:25:07,737 [DEBUG] PIL.PngImagePlugin: STREAM b'sBIT' 41 4
2026-09-15 12:25:07,738 [DEBUG] PIL.PngImagePlugin: b'sBIT' 41 4 (unknown)
2026-09-15 12:25:07,738 [DEBUG] PIL.PngImagePlugin: STREAM b'pHYs' 57 9
2026-09-15 12:25:07,738 [DEBUG] PIL.PngImagePlugin: STREAM b'IDAT' 78 696
2026-09-15 12:25:07,739 [DEBUG] PIL.PngImagePlugin: STREAM b'IHDR' 16 13
2026-09-15 12:25:07,740 [DEBUG] PIL.PngImagePlugin: STREAM b'sBIT' 41 4
2026-09-15 12:25:07,740 [DEBUG] PIL.PngImagePlugin: b'sBIT' 41 4 (unknown)
2026-09-15 12:25:07,740 [DEBUG] PIL.PngImagePlugin: STREAM b'pHYs' 57 9
2026-09-15 12:25:07,740 [DEBUG] PIL.PngImagePlugin: STREAM b'IDAT' 78 526
2026-09-15 12:25:07,741 [DEBUG] PIL.PngImagePlugin: STREAM b'IHDR' 16 13
2026-09-15 12:25:07,741 [DEBUG] PIL.PngImagePlugin: STREAM b'sBIT' 41 4
2026-09-15 12:25:07,741 [DEBUG] PIL.PngImagePlugin: b'sBIT' 41 4 (unknown)
2026-09-15 12:25:07,741 [DEBUG] PIL.PngImagePlugin: STREAM b'pHYs' 57 9
2026-09-15 12:25:07,741 [DEBUG] PIL.PngImagePlugin: STREAM b'IDAT' 78 499
2026-09-15 12:25:07,743 [DEBUG] PIL.PngImagePlugin: STREAM b'IHDR' 16 13
2026-09-15 12:25:07,743 [DEBUG] PIL.PngImagePlugin: STREAM b'sBIT' 41 4
2026-09-15 12:25:07,743 [DEBUG] PIL.PngImagePlugin: b'sBIT' 41 4 (unknown)
2026-09-15 12:25:07,743 [DEBUG] PIL.PngImagePlugin: STREAM b'pHYs' 57 9
2026-09-15 12:25:07,743 [DEBUG] PIL.PngImagePlugin: STREAM b'IDAT' 78 673
2026-09-15 12:25:07,744 [DEBUG] PIL.PngImagePlugin: STREAM b'IHDR' 16 13
2026-09-15 12:25:07,744 [DEBUG] PIL.PngImagePlugin: STREAM b'sBIT' 41 4
2026-09-15 12:25:07,744 [DEBUG] PIL.PngImagePlugin: b'sBIT' 41 4 (unknown)
2026-09-15 12:25:07,744 [DEBUG] PIL.PngImagePlugin: STREAM b'pHYs' 57 9
2026-09-15 12:25:07,744 [DEBUG] PIL.PngImagePlugin: STREAM b'IDAT' 78 922
2026-09-15 12:25:07,745 [DEBUG] PIL.PngImagePlugin: STREAM b'IHDR' 16 13
2026-09-15 12:25:07,745 [DEBUG] PIL.PngImagePlugin: STREAM b'sBIT' 41 4
2026-09-15 12:25:07,745 [DEBUG] PIL.PngImagePlugin: b'sBIT' 41 4 (unknown)
2026-09-15 12:25:07,746 [DEBUG] PIL.PngImagePlugin: STREAM b'pHYs' 57 9
2026-09-15 12:25:07,746 [DEBUG] PIL.PngImagePlugin: STREAM b'IDAT' 78 568
2026-09-15 12:25:07,746 [DEBUG] PIL.PngImagePlugin: STREAM b'IHDR' 16 13
2026-09-15 12:25:07,747 [DEBUG] PIL.PngImagePlugin: STREAM b'sBIT' 41 4
2026-09-15 12:25:07,747 [DEBUG] PIL.PngImagePlugin: b'sBIT' 41 4 (unknown)
2026-09-15 12:25:07,747 [DEBUG] PIL.PngImagePlugin: STREAM b'pHYs' 57 9
2026-09-15 12:25:07,747 [DEBUG] PIL.PngImagePlugin: STREAM b'IDAT' 78 626
2026-09-15 12:25:27,538 [DEBUG] matplotlib: matplotlib data path: D:\Anaconda\envs\specllm\Lib\site-packages\matplotlib\mpl-data
2026-09-15 12:25:27,541 [DEBUG] matplotlib: CONFIGDIR=C:\Users\35454\.matplotlib
2026-09-15 12:25:27,542 [DEBUG] matplotlib: interactive is False
2026-09-15 12:25:27,542 [DEBUG] matplotlib: platform is win32
2026-09-15 12:25:27,562 [DEBUG] matplotlib: CACHEDIR=C:\Users\35454\.matplotlib
2026-09-15 12:25:27,563 [DEBUG] matplotlib.font_manager: Using fontManager instance from C:\Users\35454\.matplotlib\fontlist-v390.json
2026-09-15 12:25:28,116 [DEBUG] matplotlib.pyplot: Loaded backend tkagg version 8.6.
2026-09-15 12:25:28,148 [DEBUG] PIL.PngImagePlugin: STREAM b'IHDR' 16 13
2026-09-15 12:25:28,148 [DEBUG] PIL.PngImagePlugin: STREAM b'sBIT' 41 4
2026-09-15 12:25:28,148 [DEBUG] PIL.PngImagePlugin: b'sBIT' 41 4 (unknown)
2026-09-15 12:25:28,148 [DEBUG] PIL.PngImagePlugin: STREAM b'pHYs' 57 9
2026-09-15 12:25:28,148 [DEBUG] PIL.PngImagePlugin: STREAM b'IDAT' 78 1189
2026-09-15 12:25:28,153 [DEBUG] PIL.PngImagePlugin: STREAM b'IHDR' 16 13
2026-09-15 12:25:28,153 [DEBUG] PIL.PngImagePlugin: STREAM b'sBIT' 41 4
2026-09-15 12:25:28,153 [DEBUG] PIL.PngImagePlugin: b'sBIT' 41 4 (unknown)
2026-09-15 12:25:28,153 [DEBUG] PIL.PngImagePlugin: STREAM b'pHYs' 57 9
2026-09-15 12:25:28,153 [DEBUG] PIL.PngImagePlugin: STREAM b'IDAT' 78 2994
2026-09-15 12:25:28,166 [DEBUG] PIL.PngImagePlugin: STREAM b'IHDR' 16 13
2026-09-15 12:25:28,166 [DEBUG] PIL.PngImagePlugin: STREAM b'sBIT' 41 4
2026-09-15 12:25:28,166 [DEBUG] PIL.PngImagePlugin: b'sBIT' 41 4 (unknown)
2026-09-15 12:25:28,167 [DEBUG] PIL.PngImagePlugin: STREAM b'pHYs' 57 9
2026-09-15 12:25:28,167 [DEBUG] PIL.PngImagePlugin: STREAM b'IDAT' 78 696
2026-09-15 12:25:28,168 [DEBUG] PIL.PngImagePlugin: STREAM b'IHDR' 16 13
2026-09-15 12:25:28,168 [DEBUG] PIL.PngImagePlugin: STREAM b'sBIT' 41 4
2026-09-15 12:25:28,168 [DEBUG] PIL.PngImagePlugin: b'sBIT' 41 4 (unknown)
2026-09-15 12:25:28,168 [DEBUG] PIL.PngImagePlugin: STREAM b'pHYs' 57 9
2026-09-15 12:25:28,168 [DEBUG] PIL.PngImagePlugin: STREAM b'IDAT' 78 526
2026-09-15 12:25:28,169 [DEBUG] PIL.PngImagePlugin: STREAM b'IHDR' 16 13
2026-09-15 12:25:28,169 [DEBUG] PIL.PngImagePlugin: STREAM b'sBIT' 41 4
2026-09-15 12:25:28,170 [DEBUG] PIL.PngImagePlugin: b'sBIT' 41 4 (unknown)
2026-09-15 12:25:28,170 [DEBUG] PIL.PngImagePlugin: STREAM b'pHYs' 57 9
2026-09-15 12:25:28,170 [DEBUG] PIL.PngImagePlugin: STREAM b'IDAT' 78 499
2026-09-15 12:25:28,171 [DEBUG] PIL.PngImagePlugin: STREAM b'IHDR' 16 13
2026-09-15 12:25:28,171 [DEBUG] PIL.PngImagePlugin: STREAM b'sBIT' 41 4
2026-09-15 12:25:28,171 [DEBUG] PIL.PngImagePlugin: b'sBIT' 41 4 (unknown)
2026-09-15 12:25:28,171 [DEBUG] PIL.PngImagePlugin: STREAM b'pHYs' 57 9
2026-09-15 12:25:28,171 [DEBUG] PIL.PngImagePlugin: STREAM b'IDAT' 78 673
2026-09-15 12:25:28,172 [DEBUG] PIL.PngImagePlugin: STREAM b'IHDR' 16 13
2026-09-15 12:25:28,172 [DEBUG] PIL.PngImagePlugin: STREAM b'sBIT' 41 4
2026-09-15 12:25:28,172 [DEBUG] PIL.PngImagePlugin: b'sBIT' 41 4 (unknown)
2026-09-15 12:25:28,173 [DEBUG] PIL.PngImagePlugin: STREAM b'pHYs' 57 9
2026-09-15 12:25:28,173 [DEBUG] PIL.PngImagePlugin: STREAM b'IDAT' 78 922
2026-09-15 12:25:28,174 [DEBUG] PIL.PngImagePlugin: STREAM b'IHDR' 16 13
2026-09-15 12:25:28,174 [DEBUG] PIL.PngImagePlugin: STREAM b'sBIT' 41 4
2026-09-15 12:25:28,174 [DEBUG] PIL.PngImagePlugin: b'sBIT' 41 4 (unknown)
2026-09-15 12:25:28,174 [DEBUG] PIL.PngImagePlugin: STREAM b'pHYs' 57 9
2026-09-15 12:25:28,174 [DEBUG] PIL.PngImagePlugin: STREAM b'IDAT' 78 568
2026-09-15 12:25:28,175 [DEBUG] PIL.PngImagePlugin: STREAM b'IHDR' 16 13
2026-09-15 12:25:28,175 [DEBUG] PIL.PngImagePlugin: STREAM b'sBIT' 41 4
2026-09-15 12:25:28,175 [DEBUG] PIL.PngImagePlugin: b'sBIT' 41 4 (unknown)
2026-09-15 12:25:28,175 [DEBUG] PIL.PngImagePlugin: STREAM b'pHYs' 57 9
2026-09-15 12:25:28,175 [DEBUG] PIL.PngImagePlugin: STREAM b'IDAT' 78 626
