2026-09-15 12:24:41,324 [DEBUG] matplotlib: matplotlib data path: D:\Anaconda\envs\specllm\Lib\site-packages\matplotlib\mpl-data
2026-09-15 12:24:41,328 [DEBUG] matplotlib: CONFIGDIR=C:\Users\35454\.matplotlib
2026-09-15 12:24:41,329 [DEBUG] matplotlib: interactive is False
2026-09-15 12:24:41,329 [DEBUG] matplotlib: platform is win32
2026-09-15 12:24:41,348 [DEBUG] matplotlib: CACHEDIR=C:\Users\35454\.matplotlib
2026-09-15 12:24:41,350 [DEBUG] matplotlib.font_manager: Using fontManager instance from C:\Users\35454\.matplotlib\fontlist-v390.json
2026-09-15 12:24:41,903 [DEBUG] matplotlib.pyplot: Loaded backend tkagg version 8.6.
2026-09-15 12:24:41,933 [DEBUG] PIL.PngImagePlugin: STREAM b'IHDR' 16 13
2026-09-15 12:24:41,933 [DEBUG] PIL.PngImagePlugin: STREAM b'sBIT' 41 4
2026-09-15 12:24:41,933 [DEBUG] PIL.PngImagePlugin: b'sBIT' 41 4 (unknown)
2026-09-15 12:24:41,933 [DEBUG] PIL.PngImagePlugin: STREAM b'pHYs' 57 9
2026-09-15 12:24:41,933 [DEBUG] PIL.PngImagePlugin: STREAM b'IDAT' 78 1189
2026-09-15 12:24:41,937 [DEBUG] PIL.PngImagePlugin: STREAM b'IHDR' 16 13
2026-09-15 12:24:41,938 [DEBUG] PIL.PngImagePlugin: STREAM b'sBIT' 41 4
2026-09-15 12:24:41,938 [DEBUG] PIL.PngImagePlugin: b'sBIT' 41 4 (unknown)
2026-09-15 12:24:41,938 [DEBUG] PIL.PngImagePlugin: STREAM b'pHYs' 57 9
2026-09-15 12:24:41,938 [DEBUG] PIL.PngImagePlugin: STREAM b'IDAT' 78 2994
2026-09-15 12:24:41,952 [DEBUG] PIL.PngImagePlugin: STREAM b'IHDR' 16 13
2026-09-15 12:24:41,952 [DEBUG] PIL.PngImagePlugin: STREAM b'sBIT' 41 4
2026-09-15 12:24:41,952 [DEBUG] PIL.PngImagePlugin: b'sBIT' 41 4 (unknown)
2026-09-15 12:24:41,952 [DEBUG] PIL.PngImagePlugin: STREAM b'pHYs' 57 9
2026-09-15 12:24:41,953 [DEBUG] PIL.PngImagePlugin: STREAM b'IDAT' 78 696
2026-09-15 12:24:41,954 [DEBUG] PIL.PngImagePlugin: STREAM b'IHDR' 16 13
2026-09-15 12:24:41,954 [DEBUG] PIL.PngImagePlugin: STREAM b'sBIT' 41 4
2026-09-15 12:24:41,954 [DEBUG] PIL.PngImagePlugin: b'sBIT' 41 4 (unknown)
2026-09-15 12:24:41,954 [DEBUG] PIL.PngImagePlugin: STREAM b'pHYs' 57 9
2026-09-15 12:24:41,955 [DEBUG] PIL.PngImagePlugin: STREAM b'IDAT' 78 526
2026-09-15 12:24:41,956 [DEBUG] PIL.PngImagePlugin: STREAM b'IHDR' 16 13
2026-09-15 12:24:41,956 [DEBUG] PIL.PngImagePlugin: STREAM b'sBIT' 41 4
2026-09-15 12:24:41,956 [DEBUG] PIL.PngImagePlugin: b'sBIT' 41 4 (unknown)
2026-09-15 12:24:41,956 [DEBUG] PIL.PngImagePlugin: STREAM b'pHYs' 57 9
2026-09-15 12:24:41,956 [DEBUG] PIL.PngImagePlugin: STREAM b'IDAT' 78 499
2026-09-15 12:24:41,957 [DEBUG] PIL.PngImagePlugin: STREAM b'IHDR' 16 13
2026-09-15 12:24:41,957 [DEBUG] PIL.PngImagePlugin: STREAM b'sBIT' 41 4
2026-09-15 12:24:41,957 [DEBUG] PIL.PngImagePlugin: b'sBIT' 41 4 (unknown)
2026-09-15 12:24:41,957 [DEBUG] PIL.PngImagePlugin: STREAM b'pHYs' 57 9
2026-09-15 12:24:41,958 [DEBUG] PIL.PngImagePlugin: STREAM b'IDAT' 78 673
2026-09-15 12:24:41,958 [DEBUG] PIL.PngImagePlugin: STREAM b'IHDR' 16 13
2026-09-15 12:24:41,959 [DEBUG] PIL.PngImagePlugin: STREAM b'sBIT' 41 4
2026-09-15 12:24:41,959 [DEBUG] PIL.PngImagePlugin: b'sBIT' 41 4 (unknown)
2026-09-15 12:24:41,959 [DEBUG] PIL.PngImagePlugin: STREAM b'pHYs' 57 9
2026-09-15 12:24:41,959 [DEBUG] PIL.PngImagePlugin: STREAM b'IDAT' 78 922
2026-09-15 12:24:41,960 [DEBUG] PIL.PngImagePlugin: STREAM b'IHDR' 16 13
2026-09-15 12:24:41,960 [DEBUG] PIL.PngImagePlugin: STREAM b'sBIT' 41 4
2026-09-15 12:24:41,960 [DEBUG] PIL.PngImagePlugin: b'sBIT' 41 4 (unknown)
2026-09-15 12:24:41,960 [DEBUG] PIL.PngImagePlugin: STREAM b'pHYs' 57 9
2026-09-15 12:24:41,960 [DEBUG] PIL.PngImagePlugin: STREAM b'IDAT' 78 568
2026-09-15 12:24:41,961 [DEBUG] PIL.PngImagePlugin: STREAM b'IHDR' 16 13
2026-09-15 12:24:41,961 [DEBUG] PIL.PngImagePlugin: STREAM b'sBIT' 41 4
2026-09-15 12:24:41,961 [DEBUG] PIL.PngImagePlugin: b'sBIT' 41 4 (unknown)
2026-09-15 12:24:41,961 [DEBUG] PIL.PngImagePlugin: STREAM b'pHYs' 57 9
2026-09-15 12:24:41,962 [DEBUG] PIL.PngImagePlugin: STREAM b'IDAT' 78 626
2026-09-15 12:24:55,577 [DEBUG] matplotlib: matplotlib data path: D:\Anaconda\envs\specllm\Lib\site-packages\matplotlib\mpl-data
2026-09-15 12:24:55,580 [DEBUG] matplotlib: CONFIGDIR=C:\Users\35454\.matplotlib
2026-09-15 12:24:55,581 [DEBUG] matplotlib: interactive is False
2026-09-15 12:24:55,581 [DEBUG] matplotlib: platform is win32
2026-09-15 12:24:55,598 [DEBUG] matplotlib: CACHEDIR=C:\Users\35454\.matplotlib
2026-09-15 12:24:55,600 [DEBUG] matplotlib.font_manager: Using fontManager instance from C:\Users\35454\.matplotlib\fontlist-v390.json
2026-09-15 12:24:56,161 [DEBUG] matplotlib.pyplot: Loaded backend tkagg version 8.6.
2026-09-15 12:24:56,190 [DEBUG] PIL.PngImagePlugin: STREAM b'IHDR' 16 13
2026-09-15 12:24:56,190 [DEBUG] PIL.PngImagePlugin: STREAM b'sBIT' 41 4
2026-09-15 12:24:56,191 [DEBUG] PIL.PngImagePlugin: b'sBIT' 41 4 (unknown)
2026-09-15 12:24:56,191 [DEBUG] PIL.PngImagePlugin: STREAM b'pHYs' 57 9
2026-09-15 12:24:56,191 [DEBUG] PIL.PngImagePlugin: STREAM b'IDAT' 78 1189
2026-09-15 12:24:56,195 [DEBUG] PIL.PngImagePlugin: STREAM b'IHDR' 16 13
2026-09-15 12:24:56,195 [DEBUG] PIL.PngImagePlugin: STREAM b'sBIT' 41 4
2026-09-15 12:24:56,195 [DEBUG] PIL.PngImagePlugin: b'sBIT' 41 4 (unknown)
2026-09-15 12:24:56,195 [DEBUG] PIL.PngImagePlugin: STREAM b'pHYs' 57 9
2026-09-15 12:24:56,195 [DEBUG] PIL.PngImagePlugin: STREAM b'IDAT' 78 2994
2026-09-15 12:24:56,211 [DEBUG] PIL.PngImagePlugin: STREAM b'IHDR' 16 13
2026-09-15 12:24:56,211 [DEBUG] PIL.PngImagePlugin: STREAM b'sBIT' 41 4
2026-09-15 12:24:56,211 [DEBUG] PIL.PngImagePlugin: b'sBIT' 41 4 (unknown)
2026-09-15 12:24:56,212 [DEBUG] PIL.PngImagePlugin: STREAM b'pHYs' 57 9
2026-09-15 12:24:56,212 [DEBUG] PIL.PngImagePlugin: STREAM b'IDAT' 78 696
2026-09-15 12:24:56,213 [DEBUG] PIL.PngImagePlugin: STREAM b'IHDR' 16 13
2026-09-15 12:24:56,213 [DEBUG] PIL.PngImagePlugin: STREAM b'sBIT' 41 4
2026-09-15 12:24:56,213 [DEBUG] PIL.PngImagePlugin: b'sBIT' 41 4 (unknown)
2026-09-15 12:24:56,213 [DEBUG] PIL.PngImagePlugin: STREAM b'pHYs' 57 9
2026-09-15 12:24:56,213 [DEBUG] PIL.PngImagePlugin: STREAM b'IDAT' 78 526
2026-09-15 12:24:56,214 [DEBUG] PIL.PngImagePlugin: STREAM b'IHDR' 16 13
2026-09-15 12:24:56,215 [DEBUG] PIL.PngImagePlugin: STREAM b'sBIT' 41 4
2026-09-15 12:24:56,215 [DEBUG] PIL.PngImagePlugin: b'sBIT' 41 4 (unknown)
2026-09-15 12:24:56,215 [DEBUG] PIL.PngImagePlugin: STREAM b'pHYs' 57 9
2026-09-15 12:24:56,215 [DEBUG] PIL.PngImagePlugin: STREAM b'IDAT' 78 499
2026-09-15 12:24:56,216 [DEBUG] PIL.PngImagePlugin: STREAM b'IHDR' 16 13
2026-09-15 12:24:56,216 [DEBUG] PIL.PngImagePlugin: STREAM b'sBIT' 41 4
2026-09-15 12:24:56,216 [DEBUG] PIL.PngImagePlugin: b'sBIT' 41 4 (unknown)
2026-09-15 12:24:56,216 [DEBUG] PIL.PngImagePlugin: STREAM b'pHYs' 57 9
2026-09-15 12:24:56,216 [DEBUG] PIL.PngImagePlugin: STREAM b'IDAT' 78 673
2026-09-15 12:24:56,217 [DEBUG] PIL.PngImagePlugin: STREAM b'IHDR' 16 13
2026-09-15 12:24:56,218 [DEBUG] PIL.PngImagePlugin: STREAM b'sBIT' 41 4
2026-09-15 12:24:56,218 [DEBUG] PIL.PngImagePlugin: b'sBIT' 41 4 (unknown)
2026-09-15 12:24:56,218 [DEBUG] PIL.PngImagePlugin: STREAM b'pHYs' 57 9
2026-09-15 12:24:56,218 [DEBUG] PIL.PngImagePlugin: STREAM b'IDAT' 78 922
2026-09-15 12:24:56,219 [DEBUG] PIL.PngImagePlugin: STREAM b'IHDR' 16 13
2026-09-15 12:24:56,219 [DEBUG] PIL.PngImagePlugin: STREAM b'sBIT' 41 4
2026-09-15 12:24:56,219 [DEBUG] PIL.PngImagePlugin: b'sBIT' 41 4 (unknown)
2026-09-15 12:24:56,219 [DEBUG] PIL.PngImagePlugin: STREAM b'pHYs' 57 9
2026-09-15 12:24:56,219 [DEBUG] PIL.PngImagePlugin: STREAM b'IDAT' 78 568
2026-09-15 12:24:56,220 [DEBUG] PIL.PngImagePlugin: STREAM b'IHDR' 16 13
2026-09-15 12:24:56,220 [DEBUG] PIL.PngImagePlugin: STREAM b'sBIT' 41 4
2026-09-15 12:24:56,220 [DEBUG] PIL.PngImagePlugin: b'sBIT' 41 4 (unknown)
2026-09-15 12:24:56,221 [DEBUG] PIL.PngImagePlugin: STREAM b'pHYs' 57 9
2026-09-15 12:24:56,221 [DEBUG] PIL.PngImagePlugin: STREAM b'IDAT' 78 626
