2026-09-12 16:59:23,171 [DEBUG] matplotlib: matplotlib data path: D:\Anaconda\envs\specllm\Lib\site-packages\matplotlib\mpl-data
2026-09-12 16:59:23,174 [DEBUG] matplotlib: CONFIGDIR=C:\Users\35454\.matplotlib
2026-09-12 16:59:23,175 [DEBUG] matplotlib: interactive is False
2026-09-12 16:59:23,175 [DEBUG] matplotlib: platform is win32
2026-09-12 16:59:23,192 [DEBUG] matplotlib: CACHEDIR=C:\Users\35454\.matplotlib
2026-09-12 16:59:23,195 [DEBUG] matplotlib.font_manager: Using fontManager instance from C:\Users\35454\.matplotlib\fontlist-v390.json
2026-09-12 16:59:23,788 [DEBUG] matplotlib.pyplot: Loaded backend tkagg version 8.6.
2026-09-12 16:59:23,820 [DEBUG] PIL.PngImagePlugin: STREAM b'IHDR' 16 13
2026-09-12 16:59:23,820 [DEBUG] PIL.PngImagePlugin: STREAM b'sBIT' 41 4
2026-09-12 16:59:23,820 [DEBUG] PIL.PngImagePlugin: b'sBIT' 41 4 (unknown)
2026-09-12 16:59:23,820 [DEBUG] PIL.PngImagePlugin: STREAM b'pHYs' 57 9
2026-09-12 16:59:23,820 [DEBUG] PIL.PngImagePlugin: STREAM b'IDAT' 78 1189
2026-09-12 16:59:23,824 [DEBUG] PIL.PngImagePlugin: STREAM b'IHDR' 16 13
2026-09-12 16:59:23,824 [DEBUG] PIL.PngImagePlugin: STREAM b'sBIT' 41 4
2026-09-12 16:59:23,825 [DEBUG] PIL.PngImagePlugin: b'sBIT' 41 4 (unknown)
2026-09-12 16:59:23,825 [DEBUG] PIL.PngImagePlugin: STREAM b'pHYs' 57 9
2026-09-12 16:59:23,825 [DEBUG] PIL.PngImagePlugin: STREAM b'IDAT' 78 2994
2026-09-12 16:59:23,838 [DEBUG] PIL.PngImagePlugin: STREAM b'IHDR' 16 13
2026-09-12 16:59:23,838 [DEBUG] PIL.PngImagePlugin: STREAM b'sBIT' 41 4
2026-09-12 16:59:23,839 [DEBUG] PIL.PngImagePlugin: b'sBIT' 41 4 (unknown)
2026-09-12 16:59:23,839 [DEBUG] PIL.PngImagePlugin: STREAM b'pHYs' 57 9
2026-09-12 16:59:23,839 [DEBUG] PIL.PngImagePlugin: STREAM b'IDAT' 78 696
2026-09-12 16:59:23,840 [DEBUG] PIL.PngImagePlugin: STREAM b'IHDR' 16 13
2026-09-12 16:59:23,840 [DEBUG] PIL.PngImagePlugin: STREAM b'sBIT' 41 4
2026-09-12 16:59:23,840 [DEBUG] PIL.PngImagePlugin: b'sBIT' 41 4 (unknown)
2026-09-12 16:59:23,840 [DEBUG] PIL.PngImagePlugin: STREAM b'pHYs' 57 9
2026-09-12 16:59:23,840 [DEBUG] PIL.PngImagePlugin: STREAM b'IDAT' 78 526
2026-09-12 16:59:23,841 [DEBUG] PIL.PngImagePlugin: STREAM b'IHDR' 16 13
2026-09-12 16:59:23,841 [DEBUG] PIL.PngImagePlugin: STREAM b'sBIT' 41 4
2026-09-12 16:59:23,841 [DEBUG] PIL.PngImagePlugin: b'sBIT' 41 4 (unknown)
2026-09-12 16:59:23,842 [DEBUG] PIL.PngImagePlugin: STREAM b'pHYs' 57 9
2026-09-12 16:59:23,842 [DEBUG] PIL.PngImagePlugin: STREAM b'IDAT' 78 499
2026-09-12 16:59:23,842 [DEBUG] PIL.PngImagePlugin: STREAM b'IHDR' 16 13
2026-09-12 16:59:23,843 [DEBUG] PIL.PngImagePlugin: STREAM b'sBIT' 41 4
2026-09-12 16:59:23,843 [DEBUG] PIL.PngImagePlugin: b'sBIT' 41 4 (unknown)
2026-09-12 16:59:23,843 [DEBUG] PIL.PngImagePlugin: STREAM b'pHYs' 57 9
2026-09-12 16:59:23,843 [DEBUG] PIL.PngImagePlugin: STREAM b'IDAT' 78 673
2026-09-12 16:59:23,844 [DEBUG] PIL.PngImagePlugin: STREAM b'IHDR' 16 13
2026-09-12 16:59:23,844 [DEBUG] PIL.PngImagePlugin: STREAM b'sBIT' 41 4
2026-09-12 16:59:23,844 [DEBUG] PIL.PngImagePlugin: b'sBIT' 41 4 (unknown)
2026-09-12 16:59:23,844 [DEBUG] PIL.PngImagePlugin: STREAM b'pHYs' 57 9
2026-09-12 16:59:23,844 [DEBUG] PIL.PngImagePlugin: STREAM b'IDAT' 78 922
2026-09-12 16:59:23,845 [DEBUG] PIL.PngImagePlugin: STREAM b'IHDR' 16 13
2026-09-12 16:59:23,845 [DEBUG] PIL.PngImagePlugin: STREAM b'sBIT' 41 4
2026-09-12 16:59:23,845 [DEBUG] PIL.PngImagePlugin: b'sBIT' 41 4 (unknown)
2026-09-12 16:59:23,846 [DEBUG] PIL.PngImagePlugin: STREAM b'pHYs' 57 9
2026-09-12 16:59:23,846 [DEBUG] PIL.PngImagePlugin: STREAM b'IDAT' 78 568
2026-09-12 16:59:23,846 [DEBUG] PIL.PngImagePlugin: STREAM b'IHDR' 16 13
2026-09-12 16:59:23,847 [DEBUG] PIL.PngImagePlugin: STREAM b'sBIT' 41 4
2026-09-12 16:59:23,849 [DEBUG] PIL.PngImagePlugin: b'sBIT' 41 4 (unknown)
2026-09-12 16:59:23,849 [DEBUG] PIL.PngImagePlugin: STREAM b'pHYs' 57 9
2026-09-12 16:59:23,849 [DEBUG] PIL.PngImagePlugin: STREAM b'IDAT' 78 626
2026-09-12 16:59:43,861 [DEBUG] matplotlib: matplotlib data path: D:\Anaconda\envs\specllm\Lib\site-packages\matplotlib\mpl-data
2026-09-12 16:59:43,864 [DEBUG] matplotlib: CONFIGDIR=C:\Users\35454\.matplotlib
2026-09-12 16:59:43,866 [DEBUG] matplotlib: interactive is False
2026-09-12 16:59:43,866 [DEBUG] matplotlib: platform is win32
2026-09-12 16:59:43,882 [DEBUG] matplotlib: CACHEDIR=C:\Users\35454\.matplotlib
2026-09-12 16:59:43,884 [DEBUG] matplotlib.font_manager: Using fontManager instance from C:\Users\35454\.matplotlib\fontlist-v390.json
2026-09-12 16:59:44,441 [DEBUG] matplotlib.pyplot: Loaded backend tkagg version 8.6.
2026-09-12 16:59:44,471 [DEBUG] PIL.PngImagePlugin: STREAM b'IHDR' 16 13
2026-09-12 16:59:44,471 [DEBUG] PIL.PngImagePlugin: STREAM b'sBIT' 41 4
2026-09-12 16:59:44,471 [DEBUG] PIL.PngImagePlugin: b'sBIT' 41 4 (unknown)
2026-09-12 16:59:44,471 [DEBUG] PIL.PngImagePlugin: STREAM b'pHYs' 57 9
2026-09-12 16:59:44,471 [DEBUG] PIL.PngImagePlugin: STREAM b'IDAT' 78 1189
2026-09-12 16:59:44,476 [DEBUG] PIL.PngImagePlugin: STREAM b'IHDR' 16 13
2026-09-12 16:59:44,476 [DEBUG] PIL.PngImagePlugin: STREAM b'sBIT' 41 4
2026-09-12 16:59:44,476 [DEBUG] PIL.PngImagePlugin: b'sBIT' 41 4 (unknown)
2026-09-12 16:59:44,476 [DEBUG] PIL.PngImagePlugin: STREAM b'pHYs' 57 9
2026-09-12 16:59:44,477 [DEBUG] PIL.PngImagePlugin: STREAM b'IDAT' 78 2994
2026-09-12 16:59:44,489 [DEBUG] PIL.PngImagePlugin: STREAM b'IHDR' 16 13
2026-09-12 16:59:44,489 [DEBUG] PIL.PngImagePlugin: STREAM b'sBIT' 41 4
2026-09-12 16:59:44,489 [DEBUG] PIL.PngImagePlugin: b'sBIT' 41 4 (unknown)
2026-09-12 16:59:44,489 [DEBUG] PIL.PngImagePlugin: STREAM b'pHYs' 57 9
2026-09-12 16:59:44,489 [DEBUG] PIL.PngImagePlugin: STREAM b'IDAT' 78 696
2026-09-12 16:59:44,490 [DEBUG] PIL.PngImagePlugin: STREAM b'IHDR' 16 13
2026-09-12 16:59:44,491 [DEBUG] PIL.PngImagePlugin: STREAM b'sBIT' 41 4
2026-09-12 16:59:44,491 [DEBUG] PIL.PngImagePlugin: b'sBIT' 41 4 (unknown)
2026-09-12 16:59:44,491 [DEBUG] PIL.PngImagePlugin: STREAM b'pHYs' 57 9
2026-09-12 16:59:44,491 [DEBUG] PIL.PngImagePlugin: STREAM b'IDAT' 78 526
2026-09-12 16:59:44,492 [DEBUG] PIL.PngImagePlugin: STREAM b'IHDR' 16 13
2026-09-12 16:59:44,492 [DEBUG] PIL.PngImagePlugin: STREAM b'sBIT' 41 4
2026-09-12 16:59:44,492 [DEBUG] PIL.PngImagePlugin: b'sBIT' 41 4 (unknown)
2026-09-12 16:59:44,492 [DEBUG] PIL.PngImagePlugin: STREAM b'pHYs' 57 9
2026-09-12 16:59:44,493 [DEBUG] PIL.PngImagePlugin: STREAM b'IDAT' 78 499
2026-09-12 16:59:44,493 [DEBUG] PIL.PngImagePlugin: STREAM b'IHDR' 16 13
2026-09-12 16:59:44,494 [DEBUG] PIL.PngImagePlugin: STREAM b'sBIT' 41 4
2026-09-12 16:59:44,494 [DEBUG] PIL.PngImagePlugin: b'sBIT' 41 4 (unknown)
2026-09-12 16:59:44,494 [DEBUG] PIL.PngImagePlugin: STREAM b'pHYs' 57 9
2026-09-12 16:59:44,494 [DEBUG] PIL.PngImagePlugin: STREAM b'IDAT' 78 673
2026-09-12 16:59:44,495 [DEBUG] PIL.PngImagePlugin: STREAM b'IHDR' 16 13
2026-09-12 16:59:44,495 [DEBUG] PIL.PngImagePlugin: STREAM b'sBIT' 41 4
2026-09-12 16:59:44,495 [DEBUG] PIL.PngImagePlugin: b'sBIT' 41 4 (unknown)
2026-09-12 16:59:44,495 [DEBUG] PIL.PngImagePlugin: STREAM b'pHYs' 57 9
2026-09-12 16:59:44,495 [DEBUG] PIL.PngImagePlugin: STREAM b'IDAT' 78 922
2026-09-12 16:59:44,496 [DEBUG] PIL.PngImagePlugin: STREAM b'IHDR' 16 13
2026-09-12 16:59:44,496 [DEBUG] PIL.PngImagePlugin: STREAM b'sBIT' 41 4
2026-09-12 16:59:44,496 [DEBUG] PIL.PngImagePlugin: b'sBIT' 41 4 (unknown)
2026-09-12 16:59:44,496 [DEBUG] PIL.PngImagePlugin: STREAM b'pHYs' 57 9
2026-09-12 16:59:44,496 [DEBUG] PIL.PngImagePlugin: STREAM b'IDAT' 78 568
2026-09-12 16:59:44,498 [DEBUG] PIL.PngImagePlugin: STREAM b'IHDR' 16 13
2026-09-12 16:59:44,498 [DEBUG] PIL.PngImagePlugin: STREAM b'sBIT' 41 4
2026-09-12 16:59:44,498 [DEBUG] PIL.PngImagePlugin: b'sBIT' 41 4 (unknown)
2026-09-12 16:59:44,499 [DEBUG] PIL.PngImagePlugin: STREAM b'pHYs' 57 9
2026-09-12 16:59:44,499 [DEBUG] PIL.PngImagePlugin: STREAM b'IDAT' 78 626
