2026-09-12 15:27:49,037 [DEBUG] matplotlib: matplotlib data path: D:\Anaconda\envs\specllm\Lib\site-packages\matplotlib\mpl-data
2026-09-12 15:27:49,041 [DEBUG] matplotlib: CONFIGDIR=C:\Users\35454\.matplotlib
2026-09-12 15:27:49,042 [DEBUG] matplotlib: interactive is False
2026-09-12 15:27:49,042 [DEBUG] matplotlib: platform is win32
2026-09-12 15:27:49,062 [DEBUG] matplotlib: CACHEDIR=C:\Users\35454\.matplotlib
2026-09-12 15:27:49,064 [DEBUG] matplotlib.font_manager: Using fontManager instance from C:\Users\35454\.matplotlib\fontlist-v390.json
2026-09-12 15:27:49,841 [DEBUG] matplotlib.pyplot: Loaded backend tkagg version 8.6.
2026-09-12 15:27:50,177 [DEBUG] PIL.PngImagePlugin: STREAM b'IHDR' 16 13
2026-09-12 15:27:50,177 [DEBUG] PIL.PngImagePlugin: STREAM b'sBIT' 41 4
2026-09-12 15:27:50,177 [DEBUG] PIL.PngImagePlugin: b'sBIT' 41 4 (unknown)
2026-09-12 15:27:50,178 [DEBUG] PIL.PngImagePlugin: STREAM b'pHYs' 57 9
2026-09-12 15:27:50,178 [DEBUG] PIL.PngImagePlugin: STREAM b'IDAT' 78 1189
2026-09-12 15:27:50,202 [DEBUG] PIL.PngImagePlugin: STREAM b'IHDR' 16 13
2026-09-12 15:27:50,202 [DEBUG] PIL.PngImagePlugin: STREAM b'sBIT' 41 4
2026-09-12 15:27:50,203 [DEBUG] PIL.PngImagePlugin: b'sBIT' 41 4 (unknown)
2026-09-12 15:27:50,203 [DEBUG] PIL.PngImagePlugin: STREAM b'pHYs' 57 9
2026-09-12 15:27:50,203 [DEBUG] PIL.PngImagePlugin: STREAM b'IDAT' 78 2994
2026-09-12 15:27:50,223 [DEBUG] PIL.PngImagePlugin: STREAM b'IHDR' 16 13
2026-09-12 15:27:50,223 [DEBUG] PIL.PngImagePlugin: STREAM b'sBIT' 41 4
2026-09-12 15:27:50,223 [DEBUG] PIL.PngImagePlugin: b'sBIT' 41 4 (unknown)
2026-09-12 15:27:50,223 [DEBUG] PIL.PngImagePlugin: STREAM b'pHYs' 57 9
2026-09-12 15:27:50,223 [DEBUG] PIL.PngImagePlugin: STREAM b'IDAT' 78 696
2026-09-12 15:27:50,227 [DEBUG] PIL.PngImagePlugin: STREAM b'IHDR' 16 13
2026-09-12 15:27:50,227 [DEBUG] PIL.PngImagePlugin: STREAM b'sBIT' 41 4
2026-09-12 15:27:50,227 [DEBUG] PIL.PngImagePlugin: b'sBIT' 41 4 (unknown)
2026-09-12 15:27:50,227 [DEBUG] PIL.PngImagePlugin: STREAM b'pHYs' 57 9
2026-09-12 15:27:50,227 [DEBUG] PIL.PngImagePlugin: STREAM b'IDAT' 78 526
2026-09-12 15:27:50,229 [DEBUG] PIL.PngImagePlugin: STREAM b'IHDR' 16 13
2026-09-12 15:27:50,229 [DEBUG] PIL.PngImagePlugin: STREAM b'sBIT' 41 4
2026-09-12 15:27:50,229 [DEBUG] PIL.PngImagePlugin: b'sBIT' 41 4 (unknown)
2026-09-12 15:27:50,229 [DEBUG] PIL.PngImagePlugin: STREAM b'pHYs' 57 9
2026-09-12 15:27:50,229 [DEBUG] PIL.PngImagePlugin: STREAM b'IDAT' 78 499
2026-09-12 15:27:50,231 [DEBUG] PIL.PngImagePlugin: STREAM b'IHDR' 16 13
2026-09-12 15:27:50,231 [DEBUG] PIL.PngImagePlugin: STREAM b'sBIT' 41 4
2026-09-12 15:27:50,231 [DEBUG] PIL.PngImagePlugin: b'sBIT' 41 4 (unknown)
2026-09-12 15:27:50,231 [DEBUG] PIL.PngImagePlugin: STREAM b'pHYs' 57 9
2026-09-12 15:27:50,231 [DEBUG] PIL.PngImagePlugin: STREAM b'IDAT' 78 673
2026-09-12 15:27:50,236 [DEBUG] PIL.PngImagePlugin: STREAM b'IHDR' 16 13
2026-09-12 15:27:50,236 [DEBUG] PIL.PngImagePlugin: STREAM b'sBIT' 41 4
2026-09-12 15:27:50,236 [DEBUG] PIL.PngImagePlugin: b'sBIT' 41 4 (unknown)
2026-09-12 15:27:50,237 [DEBUG] PIL.PngImagePlugin: STREAM b'pHYs' 57 9
2026-09-12 15:27:50,237 [DEBUG] PIL.PngImagePlugin: STREAM b'IDAT' 78 922
2026-09-12 15:27:50,241 [DEBUG] PIL.PngImagePlugin: STREAM b'IHDR' 16 13
2026-09-12 15:27:50,242 [DEBUG] PIL.PngImagePlugin: STREAM b'sBIT' 41 4
2026-09-12 15:27:50,242 [DEBUG] PIL.PngImagePlugin: b'sBIT' 41 4 (unknown)
2026-09-12 15:27:50,242 [DEBUG] PIL.PngImagePlugin: STREAM b'pHYs' 57 9
2026-09-12 15:27:50,242 [DEBUG] PIL.PngImagePlugin: STREAM b'IDAT' 78 568
2026-09-12 15:27:50,244 [DEBUG] PIL.PngImagePlugin: STREAM b'IHDR' 16 13
2026-09-12 15:27:50,244 [DEBUG] PIL.PngImagePlugin: STREAM b'sBIT' 41 4
2026-09-12 15:27:50,244 [DEBUG] PIL.PngImagePlugin: b'sBIT' 41 4 (unknown)
2026-09-12 15:27:50,244 [DEBUG] PIL.PngImagePlugin: STREAM b'pHYs' 57 9
2026-09-12 15:27:50,244 [DEBUG] PIL.PngImagePlugin: STREAM b'IDAT' 78 626
