2026-09-15 12:28:34,151 [DEBUG] matplotlib: matplotlib data path: d:\Anaconda\envs\specllm\Lib\site-packages\matplotlib\mpl-data
2026-09-15 12:28:34,154 [DEBUG] matplotlib: CONFIGDIR=C:\Users\35454\.matplotlib
2026-09-15 12:28:34,170 [DEBUG] matplotlib: interactive is False
2026-09-15 12:28:34,170 [DEBUG] matplotlib: platform is win32
2026-09-15 12:28:34,187 [DEBUG] matplotlib: CACHEDIR=C:\Users\35454\.matplotlib
2026-09-15 12:28:34,189 [DEBUG] matplotlib.font_manager: Using fontManager instance from C:\Users\35454\.matplotlib\fontlist-v390.json
2026-09-15 12:28:34,763 [DEBUG] matplotlib.pyplot: Loaded backend module://matplotlib_inline.backend_inline version unknown.
2026-09-15 12:28:34,764 [DEBUG] matplotlib.pyplot: Loaded backend module://matplotlib_inline.backend_inline version unknown.
2026-09-15 12:29:08,886 [DEBUG] cybench.models.nn_models: Early stopped at epoch 34
2026-09-15 12:29:09,512 [DEBUG] cybench.models.nn_models: Early stopped at epoch 19
2026-09-15 12:29:10,223 [DEBUG] cybench.models.nn_models: Early stopped at epoch 20
2026-09-15 12:29:10,739 [DEBUG] cybench.models.nn_models: Early stopped at epoch 17
2026-09-15 12:29:11,445 [DEBUG] cybench.models.nn_models: Early stopped at epoch 22
2026-09-15 12:29:12,001 [DEBUG] cybench.models.nn_models: Early stopped at epoch 17
2026-09-15 12:29:13,002 [DEBUG] cybench.models.nn_models: Early stopped at epoch 30
2026-09-15 12:29:13,500 [DEBUG] cybench.models.nn_models: Early stopped at epoch 15
2026-09-15 12:29:14,182 [DEBUG] cybench.models.nn_models: Early stopped at epoch 21
2026-09-15 12:29:15,020 [DEBUG] cybench.models.nn_models: Early stopped at epoch 26
2026-09-15 12:29:16,382 [DEBUG] cybench.models.nn_models: Early stopped at epoch 41
2026-09-15 12:29:17,294 [DEBUG] cybench.models.nn_models: Early stopped at epoch 29
2026-09-15 12:29:17,900 [DEBUG] cybench.models.nn_models: Early stopped at epoch 19
2026-09-15 12:29:18,616 [DEBUG] cybench.models.nn_models: Early stopped at epoch 23
2026-09-15 12:29:19,391 [DEBUG] cybench.models.nn_models: Early stopped at epoch 22
2026-09-15 12:29:20,097 [DEBUG] cybench.models.nn_models: Early stopped at epoch 22
2026-09-15 12:29:20,744 [DEBUG] cybench.models.nn_models: Early stopped at epoch 20
2026-09-15 12:29:21,422 [DEBUG] cybench.models.nn_models: Early stopped at epoch 21
2026-09-15 12:29:21,947 [DEBUG] cybench.models.nn_models: Early stopped at epoch 15
2026-09-15 12:29:22,407 [DEBUG] cybench.models.nn_models: Early stopped at epoch 16
2026-09-15 12:29:29,645 [DEBUG] cybench.models.nn_models: Early stopped at epoch 40
2026-09-15 12:29:30,928 [DEBUG] cybench.models.nn_models: Early stopped at epoch 21
2026-09-15 12:29:32,267 [DEBUG] cybench.models.nn_models: Early stopped at epoch 20
2026-09-15 12:29:33,572 [DEBUG] cybench.models.nn_models: Early stopped at epoch 24
2026-09-15 12:29:34,754 [DEBUG] cybench.models.nn_models: Early stopped at epoch 21
2026-09-15 12:29:37,240 [DEBUG] cybench.models.nn_models: Early stopped at epoch 41
2026-09-15 12:29:39,396 [DEBUG] cybench.models.nn_models: Early stopped at epoch 34
2026-09-15 12:29:41,124 [DEBUG] cybench.models.nn_models: Early stopped at epoch 33
2026-09-15 12:29:43,772 [DEBUG] cybench.models.nn_models: Early stopped at epoch 43
2026-09-15 12:29:45,187 [DEBUG] cybench.models.nn_models: Early stopped at epoch 22
2026-09-15 12:29:46,830 [DEBUG] cybench.models.nn_models: Early stopped at epoch 25
2026-09-15 12:29:48,359 [DEBUG] cybench.models.nn_models: Early stopped at epoch 27
2026-09-15 12:29:49,736 [DEBUG] cybench.models.nn_models: Early stopped at epoch 24
2026-09-15 12:29:51,321 [DEBUG] cybench.models.nn_models: Early stopped at epoch 26
2026-09-15 12:29:52,923 [DEBUG] cybench.models.nn_models: Early stopped at epoch 25
2026-09-15 12:29:54,238 [DEBUG] cybench.models.nn_models: Early stopped at epoch 24
2026-09-15 12:29:55,902 [DEBUG] cybench.models.nn_models: Early stopped at epoch 31
2026-09-15 12:29:58,232 [DEBUG] cybench.models.nn_models: Early stopped at epoch 39
2026-09-15 12:29:59,388 [DEBUG] cybench.models.nn_models: Early stopped at epoch 18
2026-09-15 12:30:00,679 [DEBUG] cybench.models.nn_models: Early stopped at epoch 23
2026-09-15 12:30:32,238 [DEBUG] cybench.models.nn_models: Early stopped at epoch 31
2026-09-15 12:30:32,906 [DEBUG] cybench.models.nn_models: Early stopped at epoch 21
2026-09-15 12:30:34,507 [DEBUG] cybench.models.nn_models: Early stopped at epoch 43
2026-09-15 12:30:35,232 [DEBUG] cybench.models.nn_models: Early stopped at epoch 21
2026-09-15 12:30:35,960 [DEBUG] cybench.models.nn_models: Early stopped at epoch 22
2026-09-15 12:30:36,581 [DEBUG] cybench.models.nn_models: Early stopped at epoch 17
2026-09-15 12:30:37,162 [DEBUG] cybench.models.nn_models: Early stopped at epoch 16
2026-09-15 12:30:37,992 [DEBUG] cybench.models.nn_models: Early stopped at epoch 25
2026-09-15 12:30:38,708 [DEBUG] cybench.models.nn_models: Early stopped at epoch 21
2026-09-15 12:30:39,449 [DEBUG] cybench.models.nn_models: Early stopped at epoch 21
2026-09-15 12:30:40,977 [DEBUG] cybench.models.nn_models: Early stopped at epoch 42
2026-09-15 12:30:41,940 [DEBUG] cybench.models.nn_models: Early stopped at epoch 29
2026-09-15 12:30:42,409 [DEBUG] cybench.models.nn_models: Early stopped at epoch 15
2026-09-15 12:30:44,115 [DEBUG] cybench.models.nn_models: Early stopped at epoch 48
2026-09-15 12:30:44,851 [DEBUG] cybench.models.nn_models: Early stopped at epoch 20
2026-09-15 12:30:46,037 [DEBUG] cybench.models.nn_models: Early stopped at epoch 37
2026-09-15 12:30:46,526 [DEBUG] cybench.models.nn_models: Early stopped at epoch 15
2026-09-15 12:30:47,778 [DEBUG] cybench.models.nn_models: Early stopped at epoch 35
2026-09-15 12:30:48,348 [DEBUG] cybench.models.nn_models: Early stopped at epoch 15
2026-09-15 12:30:49,198 [DEBUG] cybench.models.nn_models: Early stopped at epoch 26
2026-09-15 12:30:56,012 [DEBUG] cybench.models.nn_models: Early stopped at epoch 34
2026-09-15 12:30:58,808 [DEBUG] cybench.models.nn_models: Early stopped at epoch 44
2026-09-15 12:31:00,235 [DEBUG] cybench.models.nn_models: Early stopped at epoch 23
2026-09-15 12:31:02,123 [DEBUG] cybench.models.nn_models: Early stopped at epoch 34
2026-09-15 12:31:04,509 [DEBUG] cybench.models.nn_models: Early stopped at epoch 43
2026-09-15 12:31:05,860 [DEBUG] cybench.models.nn_models: Early stopped at epoch 23
2026-09-15 12:31:07,415 [DEBUG] cybench.models.nn_models: Early stopped at epoch 25
2026-09-15 12:31:09,295 [DEBUG] cybench.models.nn_models: Early stopped at epoch 33
2026-09-15 12:31:11,294 [DEBUG] cybench.models.nn_models: Early stopped at epoch 34
2026-09-15 12:31:13,282 [DEBUG] cybench.models.nn_models: Early stopped at epoch 32
2026-09-15 12:31:14,964 [DEBUG] cybench.models.nn_models: Early stopped at epoch 25
2026-09-15 12:31:16,152 [DEBUG] cybench.models.nn_models: Early stopped at epoch 20
2026-09-15 12:31:17,707 [DEBUG] cybench.models.nn_models: Early stopped at epoch 26
2026-09-15 12:31:19,253 [DEBUG] cybench.models.nn_models: Early stopped at epoch 25
2026-09-15 12:31:20,517 [DEBUG] cybench.models.nn_models: Early stopped at epoch 19
2026-09-15 12:31:22,056 [DEBUG] cybench.models.nn_models: Early stopped at epoch 27
2026-09-15 12:31:23,387 [DEBUG] cybench.models.nn_models: Early stopped at epoch 23
2026-09-15 12:31:25,072 [DEBUG] cybench.models.nn_models: Early stopped at epoch 27
2026-09-15 12:31:27,137 [DEBUG] cybench.models.nn_models: Early stopped at epoch 31
2026-09-15 12:31:28,906 [DEBUG] cybench.models.nn_models: Early stopped at epoch 31
2026-09-15 12:32:00,228 [DEBUG] cybench.models.nn_models: Early stopped at epoch 38
2026-09-15 12:32:00,937 [DEBUG] cybench.models.nn_models: Early stopped at epoch 21
2026-09-15 12:32:01,491 [DEBUG] cybench.models.nn_models: Early stopped at epoch 15
2026-09-15 12:32:02,093 [DEBUG] cybench.models.nn_models: Early stopped at epoch 19
2026-09-15 12:32:02,905 [DEBUG] cybench.models.nn_models: Early stopped at epoch 25
2026-09-15 12:32:04,366 [DEBUG] cybench.models.nn_models: Early stopped at epoch 42
2026-09-15 12:32:05,410 [DEBUG] cybench.models.nn_models: Early stopped at epoch 29
2026-09-15 12:32:06,216 [DEBUG] cybench.models.nn_models: Early stopped at epoch 25
2026-09-15 12:32:06,755 [DEBUG] cybench.models.nn_models: Early stopped at epoch 16
2026-09-15 12:32:07,416 [DEBUG] cybench.models.nn_models: Early stopped at epoch 19
2026-09-15 12:32:08,560 [DEBUG] cybench.models.nn_models: Early stopped at epoch 30
2026-09-15 12:32:09,073 [DEBUG] cybench.models.nn_models: Early stopped at epoch 16
2026-09-15 12:32:10,143 [DEBUG] cybench.models.nn_models: Early stopped at epoch 31
2026-09-15 12:32:10,682 [DEBUG] cybench.models.nn_models: Early stopped at epoch 16
2026-09-15 12:32:11,513 [DEBUG] cybench.models.nn_models: Early stopped at epoch 22
2026-09-15 12:32:12,527 [DEBUG] cybench.models.nn_models: Early stopped at epoch 31
2026-09-15 12:32:13,620 [DEBUG] cybench.models.nn_models: Early stopped at epoch 31
2026-09-15 12:32:14,394 [DEBUG] cybench.models.nn_models: Early stopped at epoch 21
2026-09-15 12:32:14,978 [DEBUG] cybench.models.nn_models: Early stopped at epoch 16
2026-09-15 12:32:16,276 [DEBUG] cybench.models.nn_models: Early stopped at epoch 38
2026-09-15 12:32:22,204 [DEBUG] cybench.models.nn_models: Early stopped at epoch 19
2026-09-15 12:32:23,745 [DEBUG] cybench.models.nn_models: Early stopped at epoch 26
2026-09-15 12:32:25,517 [DEBUG] cybench.models.nn_models: Early stopped at epoch 28
2026-09-15 12:32:27,386 [DEBUG] cybench.models.nn_models: Early stopped at epoch 34
2026-09-15 12:32:29,400 [DEBUG] cybench.models.nn_models: Early stopped at epoch 37
2026-09-15 12:32:30,821 [DEBUG] cybench.models.nn_models: Early stopped at epoch 23
2026-09-15 12:32:32,544 [DEBUG] cybench.models.nn_models: Early stopped at epoch 27
2026-09-15 12:32:33,792 [DEBUG] cybench.models.nn_models: Early stopped at epoch 22
2026-09-15 12:32:35,371 [DEBUG] cybench.models.nn_models: Early stopped at epoch 29
2026-09-15 12:32:36,599 [DEBUG] cybench.models.nn_models: Early stopped at epoch 20
2026-09-15 12:32:38,384 [DEBUG] cybench.models.nn_models: Early stopped at epoch 27
2026-09-15 12:32:39,551 [DEBUG] cybench.models.nn_models: Early stopped at epoch 20
2026-09-15 12:32:40,849 [DEBUG] cybench.models.nn_models: Early stopped at epoch 22
2026-09-15 12:32:42,935 [DEBUG] cybench.models.nn_models: Early stopped at epoch 33
2026-09-15 12:32:44,441 [DEBUG] cybench.models.nn_models: Early stopped at epoch 22
2026-09-15 12:32:46,268 [DEBUG] cybench.models.nn_models: Early stopped at epoch 31
2026-09-15 12:32:47,401 [DEBUG] cybench.models.nn_models: Early stopped at epoch 19
2026-09-15 12:32:48,885 [DEBUG] cybench.models.nn_models: Early stopped at epoch 24
2026-09-15 12:32:51,799 [DEBUG] cybench.models.nn_models: Early stopped at epoch 46
2026-09-15 12:32:53,007 [DEBUG] cybench.models.nn_models: Early stopped at epoch 22
2026-09-15 12:33:07,790 [DEBUG] cybench.models.nn_models: Early stopped at epoch 45
2026-09-15 12:33:08,227 [DEBUG] cybench.models.nn_models: Early stopped at epoch 33
2026-09-15 12:33:08,586 [DEBUG] cybench.models.nn_models: Early stopped at epoch 27
2026-09-15 12:33:09,031 [DEBUG] cybench.models.nn_models: Early stopped at epoch 35
2026-09-15 12:33:10,566 [DEBUG] cybench.models.nn_models: Early stopped at epoch 50
2026-09-15 12:33:11,107 [DEBUG] cybench.models.nn_models: Early stopped at epoch 46
2026-09-15 12:33:11,548 [DEBUG] cybench.models.nn_models: Early stopped at epoch 39
2026-09-15 12:33:12,012 [DEBUG] cybench.models.nn_models: Early stopped at epoch 37
2026-09-15 12:33:12,340 [DEBUG] cybench.models.nn_models: Early stopped at epoch 28
2026-09-15 12:33:14,681 [DEBUG] cybench.models.nn_models: Early stopped at epoch 26
2026-09-15 12:33:15,056 [DEBUG] cybench.models.nn_models: Early stopped at epoch 30
2026-09-15 12:33:15,384 [DEBUG] cybench.models.nn_models: Early stopped at epoch 28
2026-09-15 12:33:18,008 [DEBUG] cybench.models.nn_models: Early stopped at epoch 28
2026-09-15 12:33:18,625 [DEBUG] cybench.models.nn_models: Early stopped at epoch 50
2026-09-15 12:33:19,013 [DEBUG] cybench.models.nn_models: Early stopped at epoch 29
2026-09-15 12:33:20,251 [DEBUG] cybench.models.nn_models: Early stopped at epoch 22
2026-09-15 12:33:21,280 [DEBUG] cybench.models.nn_models: Early stopped at epoch 32
2026-09-15 12:33:21,665 [DEBUG] cybench.models.nn_models: Early stopped at epoch 29
2026-09-15 12:33:22,282 [DEBUG] cybench.models.nn_models: Early stopped at epoch 47
2026-09-15 12:33:25,900 [DEBUG] cybench.models.nn_models: Early stopped at epoch 49
2026-09-15 12:33:26,735 [DEBUG] cybench.models.nn_models: Early stopped at epoch 46
2026-09-15 12:33:27,535 [DEBUG] cybench.models.nn_models: Early stopped at epoch 43
2026-09-15 12:33:28,404 [DEBUG] cybench.models.nn_models: Early stopped at epoch 46
2026-09-15 12:33:29,062 [DEBUG] cybench.models.nn_models: Early stopped at epoch 36
2026-09-15 12:33:30,480 [DEBUG] cybench.models.nn_models: Early stopped at epoch 47
2026-09-15 12:33:32,180 [DEBUG] cybench.models.nn_models: Early stopped at epoch 48
2026-09-15 12:33:32,912 [DEBUG] cybench.models.nn_models: Early stopped at epoch 42
2026-09-15 12:33:33,667 [DEBUG] cybench.models.nn_models: Early stopped at epoch 44
2026-09-15 12:33:34,427 [DEBUG] cybench.models.nn_models: Early stopped at epoch 43
2026-09-15 12:33:36,612 [DEBUG] cybench.models.nn_models: Early stopped at epoch 47
2026-09-15 12:33:37,368 [DEBUG] cybench.models.nn_models: Early stopped at epoch 42
2026-09-15 12:33:39,095 [DEBUG] cybench.models.nn_models: Early stopped at epoch 43
2026-09-15 12:33:39,990 [DEBUG] cybench.models.nn_models: Early stopped at epoch 48
2026-09-15 12:33:41,485 [DEBUG] cybench.models.nn_models: Early stopped at epoch 50
2026-09-15 12:33:43,889 [DEBUG] cybench.models.nn_models: Early stopped at epoch 30
2026-09-15 12:33:44,670 [DEBUG] cybench.models.nn_models: Early stopped at epoch 41
2026-09-15 12:33:46,334 [DEBUG] cybench.models.nn_models: Early stopped at epoch 50
2026-09-15 12:33:52,179 [DEBUG] cybench.models.nn_models: Early stopped at epoch 50
2026-09-15 12:34:06,524 [DEBUG] cybench.models.nn_models: Early stopped at epoch 25
2026-09-15 12:34:07,376 [DEBUG] cybench.models.nn_models: Early stopped at epoch 33
2026-09-15 12:34:07,816 [DEBUG] cybench.models.nn_models: Early stopped at epoch 39
2026-09-15 12:34:08,249 [DEBUG] cybench.models.nn_models: Early stopped at epoch 35
2026-09-15 12:34:08,630 [DEBUG] cybench.models.nn_models: Early stopped at epoch 32
2026-09-15 12:34:08,791 [DEBUG] cybench.models.nn_models: Early stopped at epoch 18
2026-09-15 12:34:09,092 [DEBUG] cybench.models.nn_models: Early stopped at epoch 35
2026-09-15 12:34:10,131 [DEBUG] cybench.models.nn_models: Early stopped at epoch 41
2026-09-15 12:34:10,555 [DEBUG] cybench.models.nn_models: Early stopped at epoch 34
2026-09-15 12:34:10,823 [DEBUG] cybench.models.nn_models: Early stopped at epoch 21
2026-09-15 12:34:11,302 [DEBUG] cybench.models.nn_models: Early stopped at epoch 42
2026-09-15 12:34:11,650 [DEBUG] cybench.models.nn_models: Early stopped at epoch 37
2026-09-15 12:34:11,902 [DEBUG] cybench.models.nn_models: Early stopped at epoch 26
2026-09-15 12:34:12,700 [DEBUG] cybench.models.nn_models: Early stopped at epoch 22
2026-09-15 12:34:13,002 [DEBUG] cybench.models.nn_models: Early stopped at epoch 26
2026-09-15 12:34:13,327 [DEBUG] cybench.models.nn_models: Early stopped at epoch 31
2026-09-15 12:34:13,740 [DEBUG] cybench.models.nn_models: Early stopped at epoch 34
2026-09-15 12:34:13,965 [DEBUG] cybench.models.nn_models: Early stopped at epoch 23
2026-09-15 12:34:14,154 [DEBUG] cybench.models.nn_models: Early stopped at epoch 22
2026-09-15 12:34:15,171 [DEBUG] cybench.models.nn_models: Early stopped at epoch 41
2026-09-15 12:34:15,487 [DEBUG] cybench.models.nn_models: Early stopped at epoch 28
2026-09-15 12:34:15,925 [DEBUG] cybench.models.nn_models: Early stopped at epoch 40
2026-09-15 12:34:16,329 [DEBUG] cybench.models.nn_models: Early stopped at epoch 37
2026-09-15 12:34:16,561 [DEBUG] cybench.models.nn_models: Early stopped at epoch 24
2026-09-15 12:34:16,952 [DEBUG] cybench.models.nn_models: Early stopped at epoch 40
2026-09-15 12:34:17,878 [DEBUG] cybench.models.nn_models: Early stopped at epoch 31
2026-09-15 12:34:18,278 [DEBUG] cybench.models.nn_models: Early stopped at epoch 34
2026-09-15 12:34:18,603 [DEBUG] cybench.models.nn_models: Early stopped at epoch 23
2026-09-15 12:34:19,009 [DEBUG] cybench.models.nn_models: Early stopped at epoch 32
2026-09-15 12:34:19,373 [DEBUG] cybench.models.nn_models: Early stopped at epoch 40
2026-09-15 12:34:22,280 [DEBUG] cybench.models.nn_models: Early stopped at epoch 36
2026-09-15 12:34:23,120 [DEBUG] cybench.models.nn_models: Early stopped at epoch 43
2026-09-15 12:34:23,998 [DEBUG] cybench.models.nn_models: Early stopped at epoch 43
2026-09-15 12:34:24,758 [DEBUG] cybench.models.nn_models: Early stopped at epoch 38
2026-09-15 12:34:25,702 [DEBUG] cybench.models.nn_models: Early stopped at epoch 45
2026-09-15 12:34:27,192 [DEBUG] cybench.models.nn_models: Early stopped at epoch 41
2026-09-15 12:34:28,071 [DEBUG] cybench.models.nn_models: Early stopped at epoch 42
2026-09-15 12:34:28,949 [DEBUG] cybench.models.nn_models: Early stopped at epoch 45
2026-09-15 12:34:30,867 [DEBUG] cybench.models.nn_models: Early stopped at epoch 43
2026-09-15 12:34:31,800 [DEBUG] cybench.models.nn_models: Early stopped at epoch 46
2026-09-15 12:34:33,427 [DEBUG] cybench.models.nn_models: Early stopped at epoch 49
2026-09-15 12:34:34,272 [DEBUG] cybench.models.nn_models: Early stopped at epoch 45
2026-09-15 12:34:35,121 [DEBUG] cybench.models.nn_models: Early stopped at epoch 42
2026-09-15 12:34:36,040 [DEBUG] cybench.models.nn_models: Early stopped at epoch 44
2026-09-15 12:34:37,940 [DEBUG] cybench.models.nn_models: Early stopped at epoch 41
2026-09-15 12:34:40,199 [DEBUG] cybench.models.nn_models: Early stopped at epoch 36
2026-09-15 12:34:41,141 [DEBUG] cybench.models.nn_models: Early stopped at epoch 46
2026-09-15 12:34:41,788 [DEBUG] cybench.models.nn_models: Early stopped at epoch 31
2026-09-15 12:34:42,466 [DEBUG] cybench.models.nn_models: Early stopped at epoch 34
2026-09-15 12:34:43,121 [DEBUG] cybench.models.nn_models: Early stopped at epoch 31
2026-09-15 12:34:48,754 [DEBUG] cybench.models.nn_models: Early stopped at epoch 46
2026-09-15 12:34:49,710 [DEBUG] cybench.models.nn_models: Early stopped at epoch 50
2026-09-15 12:35:04,181 [DEBUG] cybench.models.nn_models: Early stopped at epoch 45
2026-09-15 12:35:04,782 [DEBUG] cybench.models.nn_models: Early stopped at epoch 49
2026-09-15 12:35:05,167 [DEBUG] cybench.models.nn_models: Early stopped at epoch 33
2026-09-15 12:35:05,641 [DEBUG] cybench.models.nn_models: Early stopped at epoch 39
2026-09-15 12:35:06,032 [DEBUG] cybench.models.nn_models: Early stopped at epoch 34
2026-09-15 12:35:06,440 [DEBUG] cybench.models.nn_models: Early stopped at epoch 36
2026-09-15 12:35:06,862 [DEBUG] cybench.models.nn_models: Early stopped at epoch 47
2026-09-15 12:35:07,277 [DEBUG] cybench.models.nn_models: Early stopped at epoch 47
2026-09-15 12:35:08,196 [DEBUG] cybench.models.nn_models: Early stopped at epoch 26
2026-09-15 12:35:08,697 [DEBUG] cybench.models.nn_models: Early stopped at epoch 43
2026-09-15 12:35:09,166 [DEBUG] cybench.models.nn_models: Early stopped at epoch 37
2026-09-15 12:35:09,673 [DEBUG] cybench.models.nn_models: Early stopped at epoch 42
2026-09-15 12:35:10,566 [DEBUG] cybench.models.nn_models: Early stopped at epoch 49
2026-09-15 12:35:11,607 [DEBUG] cybench.models.nn_models: Early stopped at epoch 41
2026-09-15 12:35:11,915 [DEBUG] cybench.models.nn_models: Early stopped at epoch 26
2026-09-15 12:35:12,418 [DEBUG] cybench.models.nn_models: Early stopped at epoch 49
2026-09-15 12:35:12,921 [DEBUG] cybench.models.nn_models: Early stopped at epoch 42
2026-09-15 12:35:13,739 [DEBUG] cybench.models.nn_models: Early stopped at epoch 39
2026-09-15 12:35:14,782 [DEBUG] cybench.models.nn_models: Early stopped at epoch 41
2026-09-15 12:35:15,301 [DEBUG] cybench.models.nn_models: Early stopped at epoch 46
2026-09-15 12:35:15,672 [DEBUG] cybench.models.nn_models: Early stopped at epoch 29
2026-09-15 12:35:16,032 [DEBUG] cybench.models.nn_models: Early stopped at epoch 30
2026-09-15 12:35:17,837 [DEBUG] cybench.models.nn_models: Early stopped at epoch 31
2026-09-15 12:35:18,261 [DEBUG] cybench.models.nn_models: Early stopped at epoch 34
2026-09-15 12:35:18,639 [DEBUG] cybench.models.nn_models: Early stopped at epoch 31
2026-09-15 12:35:19,002 [DEBUG] cybench.models.nn_models: Early stopped at epoch 31
2026-09-15 12:35:19,403 [DEBUG] cybench.models.nn_models: Early stopped at epoch 40
2026-09-15 12:35:22,417 [DEBUG] cybench.models.nn_models: Early stopped at epoch 48
2026-09-15 12:35:23,237 [DEBUG] cybench.models.nn_models: Early stopped at epoch 46
2026-09-15 12:35:24,758 [DEBUG] cybench.models.nn_models: Early stopped at epoch 32
2026-09-15 12:35:26,353 [DEBUG] cybench.models.nn_models: Early stopped at epoch 48
2026-09-15 12:35:28,900 [DEBUG] cybench.models.nn_models: Early stopped at epoch 48
2026-09-15 12:35:30,711 [DEBUG] cybench.models.nn_models: Early stopped at epoch 46
2026-09-15 12:35:31,557 [DEBUG] cybench.models.nn_models: Early stopped at epoch 45
2026-09-15 12:35:34,856 [DEBUG] cybench.models.nn_models: Early stopped at epoch 48
2026-09-15 12:35:36,640 [DEBUG] cybench.models.nn_models: Early stopped at epoch 46
2026-09-15 12:35:39,727 [DEBUG] cybench.models.nn_models: Early stopped at epoch 36
2026-09-15 12:35:41,554 [DEBUG] cybench.models.nn_models: Early stopped at epoch 49
2026-09-15 12:35:42,218 [DEBUG] cybench.models.nn_models: Early stopped at epoch 36
2026-09-15 12:35:42,825 [DEBUG] cybench.models.nn_models: Early stopped at epoch 33
2026-09-15 12:35:43,392 [DEBUG] cybench.models.nn_models: Early stopped at epoch 39
2026-09-15 12:35:46,798 [DEBUG] cybench.models.nn_models: Early stopped at epoch 48
2026-09-15 12:35:47,709 [DEBUG] cybench.models.nn_models: Early stopped at epoch 50
2026-09-15 12:35:48,607 [DEBUG] cybench.models.nn_models: Early stopped at epoch 50
2026-09-15 12:35:56,227 [DEBUG] cybench.models.nn_models: Early stopped at epoch 23
2026-09-15 12:35:56,426 [DEBUG] cybench.models.nn_models: Early stopped at epoch 28
2026-09-15 12:35:56,609 [DEBUG] cybench.models.nn_models: Early stopped at epoch 24
2026-09-15 12:35:56,784 [DEBUG] cybench.models.nn_models: Early stopped at epoch 24
2026-09-15 12:35:58,407 [DEBUG] cybench.models.nn_models: Early stopped at epoch 24
2026-09-15 12:35:58,585 [DEBUG] cybench.models.nn_models: Early stopped at epoch 23
2026-09-15 12:35:59,803 [DEBUG] cybench.models.nn_models: Early stopped at epoch 24
2026-09-15 12:36:00,340 [DEBUG] cybench.models.nn_models: Early stopped at epoch 49
2026-09-15 12:36:00,585 [DEBUG] cybench.models.nn_models: Early stopped at epoch 24
2026-09-15 12:36:00,858 [DEBUG] cybench.models.nn_models: Early stopped at epoch 26
2026-09-15 12:36:01,647 [DEBUG] cybench.models.nn_models: Early stopped at epoch 28
2026-09-15 12:36:02,439 [DEBUG] cybench.models.nn_models: Early stopped at epoch 25
2026-09-15 12:36:02,706 [DEBUG] cybench.models.nn_models: Early stopped at epoch 25
2026-09-15 12:36:02,955 [DEBUG] cybench.models.nn_models: Early stopped at epoch 25
2026-09-15 12:36:09,081 [DEBUG] cybench.models.nn_models: Early stopped at epoch 24
2026-09-15 12:36:09,273 [DEBUG] cybench.models.nn_models: Early stopped at epoch 24
2026-09-15 12:36:09,442 [DEBUG] cybench.models.nn_models: Early stopped at epoch 25
2026-09-15 12:36:09,631 [DEBUG] cybench.models.nn_models: Early stopped at epoch 24
2026-09-15 12:36:11,300 [DEBUG] cybench.models.nn_models: Early stopped at epoch 24
2026-09-15 12:36:12,922 [DEBUG] cybench.models.nn_models: Early stopped at epoch 32
2026-09-15 12:36:13,211 [DEBUG] cybench.models.nn_models: Early stopped at epoch 28
2026-09-15 12:36:13,508 [DEBUG] cybench.models.nn_models: Early stopped at epoch 28
2026-09-15 12:36:13,748 [DEBUG] cybench.models.nn_models: Early stopped at epoch 23
2026-09-15 12:36:14,561 [DEBUG] cybench.models.nn_models: Early stopped at epoch 28
2026-09-15 12:36:14,879 [DEBUG] cybench.models.nn_models: Early stopped at epoch 29
2026-09-15 12:36:15,667 [DEBUG] cybench.models.nn_models: Early stopped at epoch 25
2026-09-15 12:36:15,933 [DEBUG] cybench.models.nn_models: Early stopped at epoch 25
2026-09-15 12:36:27,288 [DEBUG] cybench.models.nn_models: Early stopped at epoch 33
2026-09-15 12:36:28,198 [DEBUG] cybench.models.nn_models: Early stopped at epoch 37
2026-09-15 12:36:28,583 [DEBUG] cybench.models.nn_models: Early stopped at epoch 35
2026-09-15 12:36:28,894 [DEBUG] cybench.models.nn_models: Early stopped at epoch 29
2026-09-15 12:36:31,286 [DEBUG] cybench.models.nn_models: Early stopped at epoch 32
2026-09-15 12:36:40,172 [DEBUG] cybench.models.nn_models: Early stopped at epoch 45
2026-09-15 12:36:40,444 [DEBUG] cybench.models.nn_models: Early stopped at epoch 40
2026-09-15 12:36:40,798 [DEBUG] cybench.models.nn_models: Early stopped at epoch 49
2026-09-15 12:36:41,110 [DEBUG] cybench.models.nn_models: Early stopped at epoch 30
2026-09-15 12:36:41,482 [DEBUG] cybench.models.nn_models: Early stopped at epoch 50
2026-09-15 12:36:41,805 [DEBUG] cybench.models.nn_models: Early stopped at epoch 44
2026-09-15 12:36:42,134 [DEBUG] cybench.models.nn_models: Early stopped at epoch 44
2026-09-15 12:36:42,329 [DEBUG] cybench.models.nn_models: Early stopped at epoch 31
2026-09-15 12:36:42,622 [DEBUG] cybench.models.nn_models: Early stopped at epoch 41
2026-09-15 12:36:43,020 [DEBUG] cybench.models.nn_models: Early stopped at epoch 44
2026-09-15 12:36:43,332 [DEBUG] cybench.models.nn_models: Early stopped at epoch 48
2026-09-15 12:36:43,631 [DEBUG] cybench.models.nn_models: Early stopped at epoch 44
2026-09-15 12:36:43,984 [DEBUG] cybench.models.nn_models: Early stopped at epoch 43
2026-09-15 12:36:44,295 [DEBUG] cybench.models.nn_models: Early stopped at epoch 44
2026-09-15 12:36:45,086 [DEBUG] cybench.models.nn_models: Early stopped at epoch 43
2026-09-15 12:36:45,377 [DEBUG] cybench.models.nn_models: Early stopped at epoch 41
2026-09-15 12:36:45,720 [DEBUG] cybench.models.nn_models: Early stopped at epoch 45
2026-09-15 12:36:46,017 [DEBUG] cybench.models.nn_models: Early stopped at epoch 42
2026-09-15 12:36:46,320 [DEBUG] cybench.models.nn_models: Early stopped at epoch 45
2026-09-15 12:36:46,642 [DEBUG] cybench.models.nn_models: Early stopped at epoch 49
2026-09-15 12:36:46,910 [DEBUG] cybench.models.nn_models: Early stopped at epoch 25
2026-09-15 12:36:47,146 [DEBUG] cybench.models.nn_models: Early stopped at epoch 32
2026-09-15 12:36:47,462 [DEBUG] cybench.models.nn_models: Early stopped at epoch 44
2026-09-15 12:36:47,696 [DEBUG] cybench.models.nn_models: Early stopped at epoch 34
2026-09-15 12:36:47,857 [DEBUG] cybench.models.nn_models: Early stopped at epoch 23
2026-09-15 12:36:48,507 [DEBUG] cybench.models.nn_models: Early stopped at epoch 26
2026-09-15 12:36:48,853 [DEBUG] cybench.models.nn_models: Early stopped at epoch 47
2026-09-15 12:36:50,726 [DEBUG] cybench.models.nn_models: Early stopped at epoch 48
2026-09-15 12:36:51,790 [DEBUG] cybench.models.nn_models: Early stopped at epoch 45
2026-09-15 12:36:52,511 [DEBUG] cybench.models.nn_models: Early stopped at epoch 45
2026-09-15 12:36:59,460 [DEBUG] cybench.models.nn_models: Early stopped at epoch 36
2026-09-15 12:37:06,324 [DEBUG] cybench.models.nn_models: Early stopped at epoch 48
2026-09-15 12:37:15,346 [DEBUG] cybench.models.nn_models: Early stopped at epoch 42
2026-09-15 12:37:15,626 [DEBUG] cybench.models.nn_models: Early stopped at epoch 43
2026-09-15 12:37:16,324 [DEBUG] cybench.models.nn_models: Early stopped at epoch 49
2026-09-15 12:37:16,759 [DEBUG] cybench.models.nn_models: Early stopped at epoch 43
2026-09-15 12:37:17,410 [DEBUG] cybench.models.nn_models: Early stopped at epoch 44
2026-09-15 12:37:17,667 [DEBUG] cybench.models.nn_models: Early stopped at epoch 40
2026-09-15 12:37:18,282 [DEBUG] cybench.models.nn_models: Early stopped at epoch 43
2026-09-15 12:37:18,642 [DEBUG] cybench.models.nn_models: Early stopped at epoch 38
2026-09-15 12:37:18,865 [DEBUG] cybench.models.nn_models: Early stopped at epoch 33
2026-09-15 12:37:19,076 [DEBUG] cybench.models.nn_models: Early stopped at epoch 34
2026-09-15 12:37:19,304 [DEBUG] cybench.models.nn_models: Early stopped at epoch 42
2026-09-15 12:37:19,577 [DEBUG] cybench.models.nn_models: Early stopped at epoch 42
2026-09-15 12:37:20,307 [DEBUG] cybench.models.nn_models: Early stopped at epoch 43
2026-09-15 12:37:20,587 [DEBUG] cybench.models.nn_models: Early stopped at epoch 44
2026-09-15 12:37:20,859 [DEBUG] cybench.models.nn_models: Early stopped at epoch 42
2026-09-15 12:37:21,487 [DEBUG] cybench.models.nn_models: Early stopped at epoch 44
2026-09-15 12:37:22,143 [DEBUG] cybench.models.nn_models: Early stopped at epoch 32
2026-09-15 12:37:22,393 [DEBUG] cybench.models.nn_models: Early stopped at epoch 41
2026-09-15 12:37:22,658 [DEBUG] cybench.models.nn_models: Early stopped at epoch 45
2026-09-15 12:37:23,197 [DEBUG] cybench.models.nn_models: Early stopped at epoch 33
2026-09-15 12:37:23,751 [DEBUG] cybench.models.nn_models: Early stopped at epoch 26
2026-09-15 12:37:23,940 [DEBUG] cybench.models.nn_models: Early stopped at epoch 31
2026-09-15 12:37:25,697 [DEBUG] cybench.models.nn_models: Early stopped at epoch 48
2026-09-15 12:37:26,640 [DEBUG] cybench.models.nn_models: Early stopped at epoch 45
2026-09-15 12:37:27,256 [DEBUG] cybench.models.nn_models: Early stopped at epoch 45
2026-09-15 12:37:28,222 [DEBUG] cybench.models.nn_models: Early stopped at epoch 48
2026-09-15 12:37:33,686 [DEBUG] cybench.models.nn_models: Early stopped at epoch 50
2026-09-15 12:37:40,528 [DEBUG] cybench.models.nn_models: Early stopped at epoch 48
2026-09-15 12:37:49,424 [DEBUG] cybench.models.nn_models: Early stopped at epoch 42
2026-09-15 12:37:49,638 [DEBUG] cybench.models.nn_models: Early stopped at epoch 34
2026-09-15 12:37:50,309 [DEBUG] cybench.models.nn_models: Early stopped at epoch 48
2026-09-15 12:37:50,713 [DEBUG] cybench.models.nn_models: Early stopped at epoch 45
2026-09-15 12:37:50,978 [DEBUG] cybench.models.nn_models: Early stopped at epoch 40
2026-09-15 12:37:51,313 [DEBUG] cybench.models.nn_models: Early stopped at epoch 44
2026-09-15 12:37:51,594 [DEBUG] cybench.models.nn_models: Early stopped at epoch 40
2026-09-15 12:37:52,223 [DEBUG] cybench.models.nn_models: Early stopped at epoch 43
2026-09-15 12:37:52,901 [DEBUG] cybench.models.nn_models: Early stopped at epoch 43
2026-09-15 12:37:53,194 [DEBUG] cybench.models.nn_models: Early stopped at epoch 42
2026-09-15 12:37:53,454 [DEBUG] cybench.models.nn_models: Early stopped at epoch 43
2026-09-15 12:37:53,708 [DEBUG] cybench.models.nn_models: Early stopped at epoch 44
2026-09-15 12:37:54,316 [DEBUG] cybench.models.nn_models: Early stopped at epoch 27
2026-09-15 12:37:54,578 [DEBUG] cybench.models.nn_models: Early stopped at epoch 42
2026-09-15 12:37:54,780 [DEBUG] cybench.models.nn_models: Early stopped at epoch 32
2026-09-15 12:37:55,081 [DEBUG] cybench.models.nn_models: Early stopped at epoch 44
2026-09-15 12:37:55,380 [DEBUG] cybench.models.nn_models: Early stopped at epoch 43
2026-09-15 12:37:55,672 [DEBUG] cybench.models.nn_models: Early stopped at epoch 43
2026-09-15 12:37:55,985 [DEBUG] cybench.models.nn_models: Early stopped at epoch 32
2026-09-15 12:37:56,197 [DEBUG] cybench.models.nn_models: Early stopped at epoch 35
2026-09-15 12:37:56,508 [DEBUG] cybench.models.nn_models: Early stopped at epoch 44
2026-09-15 12:37:56,783 [DEBUG] cybench.models.nn_models: Early stopped at epoch 39
2026-09-15 12:37:56,991 [DEBUG] cybench.models.nn_models: Early stopped at epoch 33
2026-09-15 12:37:57,277 [DEBUG] cybench.models.nn_models: Early stopped at epoch 45
2026-09-15 12:37:57,534 [DEBUG] cybench.models.nn_models: Early stopped at epoch 26
2026-09-15 12:37:57,813 [DEBUG] cybench.models.nn_models: Early stopped at epoch 45
2026-09-15 12:37:59,691 [DEBUG] cybench.models.nn_models: Early stopped at epoch 48
2026-09-15 12:38:00,693 [DEBUG] cybench.models.nn_models: Early stopped at epoch 45
2026-09-15 12:38:02,026 [DEBUG] cybench.models.nn_models: Early stopped at epoch 48
2026-09-15 12:38:08,453 [DEBUG] cybench.models.nn_models: Early stopped at epoch 50
2026-09-15 12:38:11,860 [DEBUG] cybench.models.nn_models: Early stopped at epoch 42
2026-09-15 12:38:15,368 [DEBUG] cybench.models.nn_models: Early stopped at epoch 49
