2026-09-12 16:09:20,020 [DEBUG] matplotlib: matplotlib data path: d:\Anaconda\envs\specllm\Lib\site-packages\matplotlib\mpl-data
2026-09-12 16:09:20,024 [DEBUG] matplotlib: CONFIGDIR=C:\Users\35454\.matplotlib
2026-09-12 16:09:20,041 [DEBUG] matplotlib: interactive is False
2026-09-12 16:09:20,041 [DEBUG] matplotlib: platform is win32
2026-09-12 16:09:20,063 [DEBUG] matplotlib: CACHEDIR=C:\Users\35454\.matplotlib
2026-09-12 16:09:20,064 [DEBUG] matplotlib.font_manager: Using fontManager instance from C:\Users\35454\.matplotlib\fontlist-v390.json
2026-09-12 16:09:20,842 [DEBUG] matplotlib.pyplot: Loaded backend module://matplotlib_inline.backend_inline version unknown.
2026-09-12 16:10:00,205 [DEBUG] cybench.models.nn_models: Early stopped at epoch 36
2026-09-12 16:10:03,155 [DEBUG] cybench.models.nn_models: Early stopped at epoch 32
2026-09-12 16:10:03,763 [DEBUG] cybench.models.nn_models: Early stopped at epoch 17
2026-09-12 16:10:05,145 [DEBUG] cybench.models.nn_models: Early stopped at epoch 37
2026-09-12 16:10:05,773 [DEBUG] cybench.models.nn_models: Early stopped at epoch 16
2026-09-12 16:10:06,445 [DEBUG] cybench.models.nn_models: Early stopped at epoch 22
2026-09-12 16:10:09,552 [DEBUG] cybench.models.nn_models: Early stopped at epoch 45
2026-09-12 16:10:10,587 [DEBUG] cybench.models.nn_models: Early stopped at epoch 29
2026-09-12 16:10:11,161 [DEBUG] cybench.models.nn_models: Early stopped at epoch 17
2026-09-12 16:10:12,048 [DEBUG] cybench.models.nn_models: Early stopped at epoch 23
2026-09-12 16:10:13,107 [DEBUG] cybench.models.nn_models: Early stopped at epoch 27
2026-09-12 16:10:15,814 [DEBUG] cybench.models.nn_models: Early stopped at epoch 37
2026-09-12 16:10:16,370 [DEBUG] cybench.models.nn_models: Early stopped at epoch 17
2026-09-12 16:10:16,924 [DEBUG] cybench.models.nn_models: Early stopped at epoch 16
2026-09-12 16:10:17,650 [DEBUG] cybench.models.nn_models: Early stopped at epoch 20
2026-09-12 16:10:18,262 [DEBUG] cybench.models.nn_models: Early stopped at epoch 17
2026-09-12 16:10:19,480 [DEBUG] cybench.models.nn_models: Early stopped at epoch 32
2026-09-12 16:10:21,911 [DEBUG] cybench.models.nn_models: Early stopped at epoch 29
2026-09-12 16:10:22,542 [DEBUG] cybench.models.nn_models: Early stopped at epoch 19
2026-09-12 16:10:23,655 [DEBUG] cybench.models.nn_models: Early stopped at epoch 30
2026-09-12 16:10:24,570 [DEBUG] cybench.models.nn_models: Early stopped at epoch 25
2026-09-12 16:10:25,409 [DEBUG] cybench.models.nn_models: Early stopped at epoch 23
2026-09-12 16:10:26,297 [DEBUG] cybench.models.nn_models: Early stopped at epoch 22
2026-09-12 16:10:30,661 [DEBUG] cybench.models.nn_models: Early stopped at epoch 43
2026-09-12 16:10:31,689 [DEBUG] cybench.models.nn_models: Early stopped at epoch 32
2026-09-12 16:10:32,492 [DEBUG] cybench.models.nn_models: Early stopped at epoch 23
2026-09-12 16:10:33,284 [DEBUG] cybench.models.nn_models: Early stopped at epoch 24
2026-09-12 16:10:33,826 [DEBUG] cybench.models.nn_models: Early stopped at epoch 15
2026-09-12 16:10:34,912 [DEBUG] cybench.models.nn_models: Early stopped at epoch 40
2026-09-12 16:10:42,070 [DEBUG] cybench.models.nn_models: Early stopped at epoch 42
2026-09-12 16:10:47,212 [DEBUG] cybench.models.nn_models: Early stopped at epoch 38
2026-09-12 16:10:48,837 [DEBUG] cybench.models.nn_models: Early stopped at epoch 26
2026-09-12 16:10:50,223 [DEBUG] cybench.models.nn_models: Early stopped at epoch 21
2026-09-12 16:10:51,652 [DEBUG] cybench.models.nn_models: Early stopped at epoch 20
2026-09-12 16:10:53,239 [DEBUG] cybench.models.nn_models: Early stopped at epoch 29
2026-09-12 16:10:57,806 [DEBUG] cybench.models.nn_models: Early stopped at epoch 31
2026-09-12 16:10:59,642 [DEBUG] cybench.models.nn_models: Early stopped at epoch 28
2026-09-12 16:11:01,794 [DEBUG] cybench.models.nn_models: Early stopped at epoch 34
2026-09-12 16:11:03,846 [DEBUG] cybench.models.nn_models: Early stopped at epoch 29
2026-09-12 16:11:05,675 [DEBUG] cybench.models.nn_models: Early stopped at epoch 25
2026-09-12 16:11:06,824 [DEBUG] cybench.models.nn_models: Early stopped at epoch 21
2026-09-12 16:11:10,652 [DEBUG] cybench.models.nn_models: Early stopped at epoch 20
2026-09-12 16:11:15,639 [DEBUG] cybench.models.nn_models: Early stopped at epoch 32
2026-09-12 16:11:17,011 [DEBUG] cybench.models.nn_models: Early stopped at epoch 21
2026-09-12 16:11:20,296 [DEBUG] cybench.models.nn_models: Early stopped at epoch 47
2026-09-12 16:11:23,048 [DEBUG] cybench.models.nn_models: Early stopped at epoch 48
2026-09-12 16:11:25,189 [DEBUG] cybench.models.nn_models: Early stopped at epoch 38
2026-09-12 16:11:28,108 [DEBUG] cybench.models.nn_models: Early stopped at epoch 49
2026-09-12 16:11:30,266 [DEBUG] cybench.models.nn_models: Early stopped at epoch 35
2026-09-12 16:11:31,976 [DEBUG] cybench.models.nn_models: Early stopped at epoch 28
2026-09-12 16:11:34,673 [DEBUG] cybench.models.nn_models: Early stopped at epoch 40
2026-09-12 16:11:36,831 [DEBUG] cybench.models.nn_models: Early stopped at epoch 29
2026-09-12 16:11:38,216 [DEBUG] cybench.models.nn_models: Early stopped at epoch 25
2026-09-12 16:11:39,628 [DEBUG] cybench.models.nn_models: Early stopped at epoch 26
2026-09-12 16:11:41,142 [DEBUG] cybench.models.nn_models: Early stopped at epoch 26
2026-09-12 16:11:42,573 [DEBUG] cybench.models.nn_models: Early stopped at epoch 23
2026-09-12 16:11:44,024 [DEBUG] cybench.models.nn_models: Early stopped at epoch 23
2026-09-12 16:11:45,431 [DEBUG] cybench.models.nn_models: Early stopped at epoch 21
2026-09-12 16:11:47,137 [DEBUG] cybench.models.nn_models: Early stopped at epoch 24
2026-09-12 16:12:27,202 [DEBUG] cybench.models.nn_models: Early stopped at epoch 50
2026-09-12 16:12:28,042 [DEBUG] cybench.models.nn_models: Early stopped at epoch 25
2026-09-12 16:12:29,326 [DEBUG] cybench.models.nn_models: Early stopped at epoch 37
2026-09-12 16:12:30,487 [DEBUG] cybench.models.nn_models: Early stopped at epoch 31
2026-09-12 16:12:31,283 [DEBUG] cybench.models.nn_models: Early stopped at epoch 21
2026-09-12 16:12:32,973 [DEBUG] cybench.models.nn_models: Early stopped at epoch 43
2026-09-12 16:12:34,402 [DEBUG] cybench.models.nn_models: Early stopped at epoch 43
2026-09-12 16:12:37,682 [DEBUG] cybench.models.nn_models: Early stopped at epoch 45
2026-09-12 16:12:38,645 [DEBUG] cybench.models.nn_models: Early stopped at epoch 27
2026-09-12 16:12:40,307 [DEBUG] cybench.models.nn_models: Early stopped at epoch 47
2026-09-12 16:12:40,966 [DEBUG] cybench.models.nn_models: Early stopped at epoch 17
2026-09-12 16:12:41,579 [DEBUG] cybench.models.nn_models: Early stopped at epoch 16
2026-09-12 16:12:44,286 [DEBUG] cybench.models.nn_models: Early stopped at epoch 37
2026-09-12 16:12:45,009 [DEBUG] cybench.models.nn_models: Early stopped at epoch 22
2026-09-12 16:12:45,529 [DEBUG] cybench.models.nn_models: Early stopped at epoch 16
2026-09-12 16:12:46,249 [DEBUG] cybench.models.nn_models: Early stopped at epoch 20
2026-09-12 16:12:46,920 [DEBUG] cybench.models.nn_models: Early stopped at epoch 17
2026-09-12 16:12:48,199 [DEBUG] cybench.models.nn_models: Early stopped at epoch 32
2026-09-12 16:12:52,162 [DEBUG] cybench.models.nn_models: Early stopped at epoch 25
2026-09-12 16:12:52,905 [DEBUG] cybench.models.nn_models: Early stopped at epoch 21
2026-09-12 16:12:53,603 [DEBUG] cybench.models.nn_models: Early stopped at epoch 20
2026-09-12 16:12:54,228 [DEBUG] cybench.models.nn_models: Early stopped at epoch 17
2026-09-12 16:12:55,081 [DEBUG] cybench.models.nn_models: Early stopped at epoch 22
2026-09-12 16:12:56,560 [DEBUG] cybench.models.nn_models: Early stopped at epoch 50
2026-09-12 16:12:58,097 [DEBUG] cybench.models.nn_models: Early stopped at epoch 49
2026-09-12 16:13:00,286 [DEBUG] cybench.models.nn_models: Early stopped at epoch 16
2026-09-12 16:13:01,386 [DEBUG] cybench.models.nn_models: Early stopped at epoch 31
2026-09-12 16:13:02,844 [DEBUG] cybench.models.nn_models: Early stopped at epoch 39
2026-09-12 16:13:03,475 [DEBUG] cybench.models.nn_models: Early stopped at epoch 16
2026-09-12 16:13:04,078 [DEBUG] cybench.models.nn_models: Early stopped at epoch 19
2026-09-12 16:13:13,003 [DEBUG] cybench.models.nn_models: Early stopped at epoch 49
2026-09-12 16:13:17,731 [DEBUG] cybench.models.nn_models: Early stopped at epoch 25
2026-09-12 16:13:19,370 [DEBUG] cybench.models.nn_models: Early stopped at epoch 25
2026-09-12 16:13:22,606 [DEBUG] cybench.models.nn_models: Early stopped at epoch 48
2026-09-12 16:13:26,105 [DEBUG] cybench.models.nn_models: Early stopped at epoch 47
2026-09-12 16:13:30,451 [DEBUG] cybench.models.nn_models: Early stopped at epoch 27
2026-09-12 16:13:32,127 [DEBUG] cybench.models.nn_models: Early stopped at epoch 27
2026-09-12 16:13:33,923 [DEBUG] cybench.models.nn_models: Early stopped at epoch 27
2026-09-12 16:13:35,387 [DEBUG] cybench.models.nn_models: Early stopped at epoch 22
2026-09-12 16:13:37,624 [DEBUG] cybench.models.nn_models: Early stopped at epoch 30
2026-09-12 16:13:39,963 [DEBUG] cybench.models.nn_models: Early stopped at epoch 30
2026-09-12 16:13:41,390 [DEBUG] cybench.models.nn_models: Early stopped at epoch 25
2026-09-12 16:13:46,320 [DEBUG] cybench.models.nn_models: Early stopped at epoch 33
2026-09-12 16:13:48,491 [DEBUG] cybench.models.nn_models: Early stopped at epoch 32
2026-09-12 16:13:49,860 [DEBUG] cybench.models.nn_models: Early stopped at epoch 20
2026-09-12 16:13:51,374 [DEBUG] cybench.models.nn_models: Early stopped at epoch 20
2026-09-12 16:13:53,118 [DEBUG] cybench.models.nn_models: Early stopped at epoch 25
2026-09-12 16:13:55,445 [DEBUG] cybench.models.nn_models: Early stopped at epoch 43
2026-09-12 16:13:57,093 [DEBUG] cybench.models.nn_models: Early stopped at epoch 29
2026-09-12 16:13:58,572 [DEBUG] cybench.models.nn_models: Early stopped at epoch 23
2026-09-12 16:14:00,814 [DEBUG] cybench.models.nn_models: Early stopped at epoch 32
2026-09-12 16:14:02,616 [DEBUG] cybench.models.nn_models: Early stopped at epoch 26
2026-09-12 16:14:04,383 [DEBUG] cybench.models.nn_models: Early stopped at epoch 25
2026-09-12 16:14:05,935 [DEBUG] cybench.models.nn_models: Early stopped at epoch 19
2026-09-12 16:14:10,776 [DEBUG] cybench.models.nn_models: Early stopped at epoch 35
2026-09-12 16:14:12,566 [DEBUG] cybench.models.nn_models: Early stopped at epoch 29
2026-09-12 16:14:15,153 [DEBUG] cybench.models.nn_models: Early stopped at epoch 40
2026-09-12 16:14:17,041 [DEBUG] cybench.models.nn_models: Early stopped at epoch 28
2026-09-12 16:14:18,403 [DEBUG] cybench.models.nn_models: Early stopped at epoch 19
2026-09-12 16:14:20,334 [DEBUG] cybench.models.nn_models: Early stopped at epoch 26
2026-09-12 16:14:22,026 [DEBUG] cybench.models.nn_models: Early stopped at epoch 31
2026-09-12 16:15:01,413 [DEBUG] cybench.models.nn_models: Early stopped at epoch 39
2026-09-12 16:15:02,550 [DEBUG] cybench.models.nn_models: Early stopped at epoch 31
2026-09-12 16:15:03,428 [DEBUG] cybench.models.nn_models: Early stopped at epoch 24
2026-09-12 16:15:04,241 [DEBUG] cybench.models.nn_models: Early stopped at epoch 21
2026-09-12 16:15:04,830 [DEBUG] cybench.models.nn_models: Early stopped at epoch 15
2026-09-12 16:15:07,461 [DEBUG] cybench.models.nn_models: Early stopped at epoch 33
2026-09-12 16:15:08,665 [DEBUG] cybench.models.nn_models: Early stopped at epoch 35
2026-09-12 16:15:09,813 [DEBUG] cybench.models.nn_models: Early stopped at epoch 33
2026-09-12 16:15:10,683 [DEBUG] cybench.models.nn_models: Early stopped at epoch 25
2026-09-12 16:15:11,827 [DEBUG] cybench.models.nn_models: Early stopped at epoch 29
2026-09-12 16:15:13,386 [DEBUG] cybench.models.nn_models: Early stopped at epoch 39
2026-09-12 16:15:14,570 [DEBUG] cybench.models.nn_models: Early stopped at epoch 38
2026-09-12 16:15:17,766 [DEBUG] cybench.models.nn_models: Early stopped at epoch 49
2026-09-12 16:15:18,893 [DEBUG] cybench.models.nn_models: Early stopped at epoch 32
2026-09-12 16:15:21,516 [DEBUG] cybench.models.nn_models: Early stopped at epoch 22
2026-09-12 16:15:23,237 [DEBUG] cybench.models.nn_models: Early stopped at epoch 42
2026-09-12 16:15:24,617 [DEBUG] cybench.models.nn_models: Early stopped at epoch 44
2026-09-12 16:15:26,213 [DEBUG] cybench.models.nn_models: Early stopped at epoch 50
2026-09-12 16:15:29,587 [DEBUG] cybench.models.nn_models: Early stopped at epoch 47
2026-09-12 16:15:30,515 [DEBUG] cybench.models.nn_models: Early stopped at epoch 25
2026-09-12 16:15:31,175 [DEBUG] cybench.models.nn_models: Early stopped at epoch 17
2026-09-12 16:15:32,477 [DEBUG] cybench.models.nn_models: Early stopped at epoch 32
2026-09-12 16:15:33,177 [DEBUG] cybench.models.nn_models: Early stopped at epoch 22
2026-09-12 16:15:33,951 [DEBUG] cybench.models.nn_models: Early stopped at epoch 25
2026-09-12 16:15:35,434 [DEBUG] cybench.models.nn_models: Early stopped at epoch 46
2026-09-12 16:15:36,143 [DEBUG] cybench.models.nn_models: Early stopped at epoch 19
2026-09-12 16:15:36,755 [DEBUG] cybench.models.nn_models: Early stopped at epoch 16
2026-09-12 16:15:37,535 [DEBUG] cybench.models.nn_models: Early stopped at epoch 21
2026-09-12 16:15:38,196 [DEBUG] cybench.models.nn_models: Early stopped at epoch 16
2026-09-12 16:15:39,680 [DEBUG] cybench.models.nn_models: Early stopped at epoch 49
2026-09-12 16:15:49,931 [DEBUG] cybench.models.nn_models: Early stopped at epoch 36
2026-09-12 16:15:53,179 [DEBUG] cybench.models.nn_models: Early stopped at epoch 29
2026-09-12 16:15:56,337 [DEBUG] cybench.models.nn_models: Early stopped at epoch 34
2026-09-12 16:15:58,749 [DEBUG] cybench.models.nn_models: Early stopped at epoch 32
2026-09-12 16:16:00,262 [DEBUG] cybench.models.nn_models: Early stopped at epoch 20
2026-09-12 16:16:03,112 [DEBUG] cybench.models.nn_models: Early stopped at epoch 37
2026-09-12 16:16:05,014 [DEBUG] cybench.models.nn_models: Early stopped at epoch 33
2026-09-12 16:16:06,703 [DEBUG] cybench.models.nn_models: Early stopped at epoch 29
2026-09-12 16:16:08,656 [DEBUG] cybench.models.nn_models: Early stopped at epoch 31
2026-09-12 16:16:10,114 [DEBUG] cybench.models.nn_models: Early stopped at epoch 22
2026-09-12 16:16:11,512 [DEBUG] cybench.models.nn_models: Early stopped at epoch 21
2026-09-12 16:16:13,227 [DEBUG] cybench.models.nn_models: Early stopped at epoch 25
2026-09-12 16:16:15,019 [DEBUG] cybench.models.nn_models: Early stopped at epoch 24
2026-09-12 16:16:16,602 [DEBUG] cybench.models.nn_models: Early stopped at epoch 28
2026-09-12 16:16:18,452 [DEBUG] cybench.models.nn_models: Early stopped at epoch 35
2026-09-12 16:16:19,867 [DEBUG] cybench.models.nn_models: Early stopped at epoch 28
2026-09-12 16:16:22,331 [DEBUG] cybench.models.nn_models: Early stopped at epoch 32
2026-09-12 16:16:24,153 [DEBUG] cybench.models.nn_models: Early stopped at epoch 29
2026-09-12 16:16:25,438 [DEBUG] cybench.models.nn_models: Early stopped at epoch 20
2026-09-12 16:16:27,492 [DEBUG] cybench.models.nn_models: Early stopped at epoch 27
2026-09-12 16:16:29,447 [DEBUG] cybench.models.nn_models: Early stopped at epoch 28
2026-09-12 16:16:31,725 [DEBUG] cybench.models.nn_models: Early stopped at epoch 43
2026-09-12 16:16:33,324 [DEBUG] cybench.models.nn_models: Early stopped at epoch 27
2026-09-12 16:16:34,849 [DEBUG] cybench.models.nn_models: Early stopped at epoch 21
2026-09-12 16:16:37,229 [DEBUG] cybench.models.nn_models: Early stopped at epoch 31
2026-09-12 16:16:39,324 [DEBUG] cybench.models.nn_models: Early stopped at epoch 26
2026-09-12 16:16:41,102 [DEBUG] cybench.models.nn_models: Early stopped at epoch 24
2026-09-12 16:16:42,448 [DEBUG] cybench.models.nn_models: Early stopped at epoch 28
2026-09-12 16:16:44,156 [DEBUG] cybench.models.nn_models: Early stopped at epoch 35
2026-09-12 16:16:46,044 [DEBUG] cybench.models.nn_models: Early stopped at epoch 33
2026-09-12 16:16:47,892 [DEBUG] cybench.models.nn_models: Early stopped at epoch 29
2026-09-12 16:16:48,928 [DEBUG] cybench.models.nn_models: Early stopped at epoch 17
2026-09-12 16:16:50,529 [DEBUG] cybench.models.nn_models: Early stopped at epoch 24
2026-09-12 16:16:53,843 [DEBUG] cybench.models.nn_models: Early stopped at epoch 46
2026-09-12 16:16:56,034 [DEBUG] cybench.models.nn_models: Early stopped at epoch 38
2026-09-12 16:17:11,506 [DEBUG] cybench.models.nn_models: Early stopped at epoch 50
2026-09-12 16:17:12,102 [DEBUG] cybench.models.nn_models: Early stopped at epoch 45
2026-09-12 16:17:12,506 [DEBUG] cybench.models.nn_models: Early stopped at epoch 33
2026-09-12 16:17:12,851 [DEBUG] cybench.models.nn_models: Early stopped at epoch 27
2026-09-12 16:17:13,296 [DEBUG] cybench.models.nn_models: Early stopped at epoch 35
2026-09-12 16:17:15,610 [DEBUG] cybench.models.nn_models: Early stopped at epoch 46
2026-09-12 16:17:16,135 [DEBUG] cybench.models.nn_models: Early stopped at epoch 39
2026-09-12 16:17:16,634 [DEBUG] cybench.models.nn_models: Early stopped at epoch 37
2026-09-12 16:17:17,012 [DEBUG] cybench.models.nn_models: Early stopped at epoch 28
2026-09-12 16:17:19,649 [DEBUG] cybench.models.nn_models: Early stopped at epoch 26
2026-09-12 16:17:20,034 [DEBUG] cybench.models.nn_models: Early stopped at epoch 30
2026-09-12 16:17:20,412 [DEBUG] cybench.models.nn_models: Early stopped at epoch 28
2026-09-12 16:17:23,159 [DEBUG] cybench.models.nn_models: Early stopped at epoch 28
2026-09-12 16:17:23,818 [DEBUG] cybench.models.nn_models: Early stopped at epoch 50
2026-09-12 16:17:24,201 [DEBUG] cybench.models.nn_models: Early stopped at epoch 29
2026-09-12 16:17:25,538 [DEBUG] cybench.models.nn_models: Early stopped at epoch 22
2026-09-12 16:17:26,655 [DEBUG] cybench.models.nn_models: Early stopped at epoch 32
2026-09-12 16:17:27,048 [DEBUG] cybench.models.nn_models: Early stopped at epoch 29
2026-09-12 16:17:27,673 [DEBUG] cybench.models.nn_models: Early stopped at epoch 47
2026-09-12 16:17:31,612 [DEBUG] cybench.models.nn_models: Early stopped at epoch 49
2026-09-12 16:17:32,587 [DEBUG] cybench.models.nn_models: Early stopped at epoch 46
2026-09-12 16:17:33,495 [DEBUG] cybench.models.nn_models: Early stopped at epoch 43
2026-09-12 16:17:34,474 [DEBUG] cybench.models.nn_models: Early stopped at epoch 46
2026-09-12 16:17:35,215 [DEBUG] cybench.models.nn_models: Early stopped at epoch 36
2026-09-12 16:17:36,936 [DEBUG] cybench.models.nn_models: Early stopped at epoch 47
2026-09-12 16:17:39,264 [DEBUG] cybench.models.nn_models: Early stopped at epoch 48
2026-09-12 16:17:40,134 [DEBUG] cybench.models.nn_models: Early stopped at epoch 42
2026-09-12 16:17:41,332 [DEBUG] cybench.models.nn_models: Early stopped at epoch 44
2026-09-12 16:17:42,298 [DEBUG] cybench.models.nn_models: Early stopped at epoch 43
2026-09-12 16:17:45,056 [DEBUG] cybench.models.nn_models: Early stopped at epoch 47
2026-09-12 16:17:45,949 [DEBUG] cybench.models.nn_models: Early stopped at epoch 42
2026-09-12 16:17:47,949 [DEBUG] cybench.models.nn_models: Early stopped at epoch 43
2026-09-12 16:17:48,994 [DEBUG] cybench.models.nn_models: Early stopped at epoch 48
2026-09-12 16:17:50,716 [DEBUG] cybench.models.nn_models: Early stopped at epoch 50
2026-09-12 16:17:53,639 [DEBUG] cybench.models.nn_models: Early stopped at epoch 30
2026-09-12 16:17:54,604 [DEBUG] cybench.models.nn_models: Early stopped at epoch 41
2026-09-12 16:17:56,418 [DEBUG] cybench.models.nn_models: Early stopped at epoch 50
2026-09-12 16:18:01,966 [DEBUG] cybench.models.nn_models: Early stopped at epoch 50
2026-09-12 16:18:16,625 [DEBUG] cybench.models.nn_models: Early stopped at epoch 25
2026-09-12 16:18:17,627 [DEBUG] cybench.models.nn_models: Early stopped at epoch 33
2026-09-12 16:18:18,117 [DEBUG] cybench.models.nn_models: Early stopped at epoch 39
2026-09-12 16:18:18,528 [DEBUG] cybench.models.nn_models: Early stopped at epoch 35
2026-09-12 16:18:18,961 [DEBUG] cybench.models.nn_models: Early stopped at epoch 32
2026-09-12 16:18:19,150 [DEBUG] cybench.models.nn_models: Early stopped at epoch 18
2026-09-12 16:18:19,532 [DEBUG] cybench.models.nn_models: Early stopped at epoch 35
2026-09-12 16:18:20,758 [DEBUG] cybench.models.nn_models: Early stopped at epoch 41
2026-09-12 16:18:21,209 [DEBUG] cybench.models.nn_models: Early stopped at epoch 34
2026-09-12 16:18:21,476 [DEBUG] cybench.models.nn_models: Early stopped at epoch 21
2026-09-12 16:18:21,988 [DEBUG] cybench.models.nn_models: Early stopped at epoch 42
2026-09-12 16:18:22,366 [DEBUG] cybench.models.nn_models: Early stopped at epoch 37
2026-09-12 16:18:22,645 [DEBUG] cybench.models.nn_models: Early stopped at epoch 26
2026-09-12 16:18:23,603 [DEBUG] cybench.models.nn_models: Early stopped at epoch 22
2026-09-12 16:18:23,925 [DEBUG] cybench.models.nn_models: Early stopped at epoch 26
2026-09-12 16:18:24,351 [DEBUG] cybench.models.nn_models: Early stopped at epoch 31
2026-09-12 16:18:24,813 [DEBUG] cybench.models.nn_models: Early stopped at epoch 34
2026-09-12 16:18:25,070 [DEBUG] cybench.models.nn_models: Early stopped at epoch 23
2026-09-12 16:18:25,303 [DEBUG] cybench.models.nn_models: Early stopped at epoch 22
2026-09-12 16:18:26,491 [DEBUG] cybench.models.nn_models: Early stopped at epoch 41
2026-09-12 16:18:26,866 [DEBUG] cybench.models.nn_models: Early stopped at epoch 28
2026-09-12 16:18:27,406 [DEBUG] cybench.models.nn_models: Early stopped at epoch 40
2026-09-12 16:18:27,898 [DEBUG] cybench.models.nn_models: Early stopped at epoch 37
2026-09-12 16:18:28,158 [DEBUG] cybench.models.nn_models: Early stopped at epoch 24
2026-09-12 16:18:28,576 [DEBUG] cybench.models.nn_models: Early stopped at epoch 40
2026-09-12 16:18:29,624 [DEBUG] cybench.models.nn_models: Early stopped at epoch 31
2026-09-12 16:18:30,075 [DEBUG] cybench.models.nn_models: Early stopped at epoch 34
2026-09-12 16:18:30,680 [DEBUG] cybench.models.nn_models: Early stopped at epoch 47
2026-09-12 16:18:31,081 [DEBUG] cybench.models.nn_models: Early stopped at epoch 31
2026-09-12 16:18:31,516 [DEBUG] cybench.models.nn_models: Early stopped at epoch 43
2026-09-12 16:18:34,713 [DEBUG] cybench.models.nn_models: Early stopped at epoch 36
2026-09-12 16:18:35,625 [DEBUG] cybench.models.nn_models: Early stopped at epoch 43
2026-09-12 16:18:36,575 [DEBUG] cybench.models.nn_models: Early stopped at epoch 43
2026-09-12 16:18:37,374 [DEBUG] cybench.models.nn_models: Early stopped at epoch 38
2026-09-12 16:18:38,291 [DEBUG] cybench.models.nn_models: Early stopped at epoch 45
2026-09-12 16:18:39,667 [DEBUG] cybench.models.nn_models: Early stopped at epoch 41
2026-09-12 16:18:40,482 [DEBUG] cybench.models.nn_models: Early stopped at epoch 42
2026-09-12 16:18:41,354 [DEBUG] cybench.models.nn_models: Early stopped at epoch 45
2026-09-12 16:18:43,181 [DEBUG] cybench.models.nn_models: Early stopped at epoch 43
2026-09-12 16:18:44,092 [DEBUG] cybench.models.nn_models: Early stopped at epoch 46
2026-09-12 16:18:45,594 [DEBUG] cybench.models.nn_models: Early stopped at epoch 49
2026-09-12 16:18:46,490 [DEBUG] cybench.models.nn_models: Early stopped at epoch 45
2026-09-12 16:18:47,331 [DEBUG] cybench.models.nn_models: Early stopped at epoch 42
2026-09-12 16:18:48,178 [DEBUG] cybench.models.nn_models: Early stopped at epoch 44
2026-09-12 16:18:50,086 [DEBUG] cybench.models.nn_models: Early stopped at epoch 41
2026-09-12 16:18:52,599 [DEBUG] cybench.models.nn_models: Early stopped at epoch 36
2026-09-12 16:18:53,565 [DEBUG] cybench.models.nn_models: Early stopped at epoch 46
2026-09-12 16:18:54,363 [DEBUG] cybench.models.nn_models: Early stopped at epoch 31
2026-09-12 16:18:55,108 [DEBUG] cybench.models.nn_models: Early stopped at epoch 34
2026-09-12 16:18:55,795 [DEBUG] cybench.models.nn_models: Early stopped at epoch 31
2026-09-12 16:19:01,458 [DEBUG] cybench.models.nn_models: Early stopped at epoch 46
2026-09-12 16:19:02,445 [DEBUG] cybench.models.nn_models: Early stopped at epoch 50
2026-09-12 16:19:16,879 [DEBUG] cybench.models.nn_models: Early stopped at epoch 45
2026-09-12 16:19:17,489 [DEBUG] cybench.models.nn_models: Early stopped at epoch 49
2026-09-12 16:19:17,893 [DEBUG] cybench.models.nn_models: Early stopped at epoch 33
2026-09-12 16:19:18,371 [DEBUG] cybench.models.nn_models: Early stopped at epoch 39
2026-09-12 16:19:18,775 [DEBUG] cybench.models.nn_models: Early stopped at epoch 34
2026-09-12 16:19:19,217 [DEBUG] cybench.models.nn_models: Early stopped at epoch 36
2026-09-12 16:19:19,684 [DEBUG] cybench.models.nn_models: Early stopped at epoch 47
2026-09-12 16:19:20,185 [DEBUG] cybench.models.nn_models: Early stopped at epoch 47
2026-09-12 16:19:21,150 [DEBUG] cybench.models.nn_models: Early stopped at epoch 26
2026-09-12 16:19:21,663 [DEBUG] cybench.models.nn_models: Early stopped at epoch 43
2026-09-12 16:19:22,132 [DEBUG] cybench.models.nn_models: Early stopped at epoch 37
2026-09-12 16:19:22,664 [DEBUG] cybench.models.nn_models: Early stopped at epoch 42
2026-09-12 16:19:23,672 [DEBUG] cybench.models.nn_models: Early stopped at epoch 49
2026-09-12 16:19:24,841 [DEBUG] cybench.models.nn_models: Early stopped at epoch 44
2026-09-12 16:19:25,204 [DEBUG] cybench.models.nn_models: Early stopped at epoch 31
2026-09-12 16:19:25,521 [DEBUG] cybench.models.nn_models: Early stopped at epoch 26
2026-09-12 16:19:25,965 [DEBUG] cybench.models.nn_models: Early stopped at epoch 38
2026-09-12 16:19:26,425 [DEBUG] cybench.models.nn_models: Early stopped at epoch 49
2026-09-12 16:19:26,646 [DEBUG] cybench.models.nn_models: Early stopped at epoch 23
2026-09-12 16:19:27,258 [DEBUG] cybench.models.nn_models: Early stopped at epoch 50
2026-09-12 16:19:27,768 [DEBUG] cybench.models.nn_models: Early stopped at epoch 41
2026-09-12 16:19:28,333 [DEBUG] cybench.models.nn_models: Early stopped at epoch 46
2026-09-12 16:19:28,688 [DEBUG] cybench.models.nn_models: Early stopped at epoch 29
2026-09-12 16:19:29,047 [DEBUG] cybench.models.nn_models: Early stopped at epoch 30
2026-09-12 16:19:30,968 [DEBUG] cybench.models.nn_models: Early stopped at epoch 31
2026-09-12 16:19:31,382 [DEBUG] cybench.models.nn_models: Early stopped at epoch 34
2026-09-12 16:19:31,775 [DEBUG] cybench.models.nn_models: Early stopped at epoch 31
2026-09-12 16:19:32,149 [DEBUG] cybench.models.nn_models: Early stopped at epoch 31
2026-09-12 16:19:32,517 [DEBUG] cybench.models.nn_models: Early stopped at epoch 40
2026-09-12 16:19:36,077 [DEBUG] cybench.models.nn_models: Early stopped at epoch 48
2026-09-12 16:19:36,963 [DEBUG] cybench.models.nn_models: Early stopped at epoch 46
2026-09-12 16:19:38,558 [DEBUG] cybench.models.nn_models: Early stopped at epoch 32
2026-09-12 16:19:40,409 [DEBUG] cybench.models.nn_models: Early stopped at epoch 48
2026-09-12 16:19:43,350 [DEBUG] cybench.models.nn_models: Early stopped at epoch 48
2026-09-12 16:19:45,400 [DEBUG] cybench.models.nn_models: Early stopped at epoch 46
2026-09-12 16:19:46,364 [DEBUG] cybench.models.nn_models: Early stopped at epoch 45
2026-09-12 16:19:50,051 [DEBUG] cybench.models.nn_models: Early stopped at epoch 48
2026-09-12 16:19:52,146 [DEBUG] cybench.models.nn_models: Early stopped at epoch 46
2026-09-12 16:19:55,719 [DEBUG] cybench.models.nn_models: Early stopped at epoch 36
2026-09-12 16:19:57,821 [DEBUG] cybench.models.nn_models: Early stopped at epoch 49
2026-09-12 16:19:58,632 [DEBUG] cybench.models.nn_models: Early stopped at epoch 36
2026-09-12 16:19:59,422 [DEBUG] cybench.models.nn_models: Early stopped at epoch 33
2026-09-12 16:20:00,092 [DEBUG] cybench.models.nn_models: Early stopped at epoch 39
2026-09-12 16:20:04,315 [DEBUG] cybench.models.nn_models: Early stopped at epoch 48
2026-09-12 16:20:05,412 [DEBUG] cybench.models.nn_models: Early stopped at epoch 50
2026-09-12 16:20:06,507 [DEBUG] cybench.models.nn_models: Early stopped at epoch 50
2026-09-12 16:20:14,700 [DEBUG] cybench.models.nn_models: Early stopped at epoch 23
2026-09-12 16:20:14,916 [DEBUG] cybench.models.nn_models: Early stopped at epoch 28
2026-09-12 16:20:15,086 [DEBUG] cybench.models.nn_models: Early stopped at epoch 24
2026-09-12 16:20:15,262 [DEBUG] cybench.models.nn_models: Early stopped at epoch 24
2026-09-12 16:20:16,842 [DEBUG] cybench.models.nn_models: Early stopped at epoch 24
2026-09-12 16:20:17,003 [DEBUG] cybench.models.nn_models: Early stopped at epoch 23
2026-09-12 16:20:18,355 [DEBUG] cybench.models.nn_models: Early stopped at epoch 24
2026-09-12 16:20:18,953 [DEBUG] cybench.models.nn_models: Early stopped at epoch 49
2026-09-12 16:20:19,245 [DEBUG] cybench.models.nn_models: Early stopped at epoch 24
2026-09-12 16:20:19,545 [DEBUG] cybench.models.nn_models: Early stopped at epoch 26
2026-09-12 16:20:20,526 [DEBUG] cybench.models.nn_models: Early stopped at epoch 28
2026-09-12 16:20:21,445 [DEBUG] cybench.models.nn_models: Early stopped at epoch 25
2026-09-12 16:20:21,772 [DEBUG] cybench.models.nn_models: Early stopped at epoch 25
2026-09-12 16:20:22,091 [DEBUG] cybench.models.nn_models: Early stopped at epoch 25
2026-09-12 16:20:28,512 [DEBUG] cybench.models.nn_models: Early stopped at epoch 24
2026-09-12 16:20:28,708 [DEBUG] cybench.models.nn_models: Early stopped at epoch 24
2026-09-12 16:20:28,894 [DEBUG] cybench.models.nn_models: Early stopped at epoch 25
2026-09-12 16:20:29,073 [DEBUG] cybench.models.nn_models: Early stopped at epoch 24
2026-09-12 16:20:30,730 [DEBUG] cybench.models.nn_models: Early stopped at epoch 24
2026-09-12 16:20:32,417 [DEBUG] cybench.models.nn_models: Early stopped at epoch 32
2026-09-12 16:20:32,774 [DEBUG] cybench.models.nn_models: Early stopped at epoch 28
2026-09-12 16:20:33,108 [DEBUG] cybench.models.nn_models: Early stopped at epoch 28
2026-09-12 16:20:33,437 [DEBUG] cybench.models.nn_models: Early stopped at epoch 23
2026-09-12 16:20:34,404 [DEBUG] cybench.models.nn_models: Early stopped at epoch 28
2026-09-12 16:20:34,754 [DEBUG] cybench.models.nn_models: Early stopped at epoch 29
2026-09-12 16:20:35,656 [DEBUG] cybench.models.nn_models: Early stopped at epoch 25
2026-09-12 16:20:35,980 [DEBUG] cybench.models.nn_models: Early stopped at epoch 25
2026-09-12 16:20:47,350 [DEBUG] cybench.models.nn_models: Early stopped at epoch 33
2026-09-12 16:20:48,358 [DEBUG] cybench.models.nn_models: Early stopped at epoch 37
2026-09-12 16:20:48,769 [DEBUG] cybench.models.nn_models: Early stopped at epoch 35
2026-09-12 16:20:49,105 [DEBUG] cybench.models.nn_models: Early stopped at epoch 29
2026-09-12 16:20:51,900 [DEBUG] cybench.models.nn_models: Early stopped at epoch 32
2026-09-12 16:21:00,940 [DEBUG] cybench.models.nn_models: Early stopped at epoch 45
2026-09-12 16:21:01,228 [DEBUG] cybench.models.nn_models: Early stopped at epoch 40
2026-09-12 16:21:01,585 [DEBUG] cybench.models.nn_models: Early stopped at epoch 49
2026-09-12 16:21:01,872 [DEBUG] cybench.models.nn_models: Early stopped at epoch 30
2026-09-12 16:21:02,237 [DEBUG] cybench.models.nn_models: Early stopped at epoch 50
2026-09-12 16:21:02,541 [DEBUG] cybench.models.nn_models: Early stopped at epoch 44
2026-09-12 16:21:02,842 [DEBUG] cybench.models.nn_models: Early stopped at epoch 44
2026-09-12 16:21:03,077 [DEBUG] cybench.models.nn_models: Early stopped at epoch 31
2026-09-12 16:21:03,376 [DEBUG] cybench.models.nn_models: Early stopped at epoch 41
2026-09-12 16:21:03,801 [DEBUG] cybench.models.nn_models: Early stopped at epoch 44
2026-09-12 16:21:04,138 [DEBUG] cybench.models.nn_models: Early stopped at epoch 48
2026-09-12 16:21:04,444 [DEBUG] cybench.models.nn_models: Early stopped at epoch 44
2026-09-12 16:21:04,757 [DEBUG] cybench.models.nn_models: Early stopped at epoch 43
2026-09-12 16:21:05,053 [DEBUG] cybench.models.nn_models: Early stopped at epoch 44
2026-09-12 16:21:05,799 [DEBUG] cybench.models.nn_models: Early stopped at epoch 43
2026-09-12 16:21:06,092 [DEBUG] cybench.models.nn_models: Early stopped at epoch 41
2026-09-12 16:21:06,411 [DEBUG] cybench.models.nn_models: Early stopped at epoch 45
2026-09-12 16:21:06,721 [DEBUG] cybench.models.nn_models: Early stopped at epoch 42
2026-09-12 16:21:07,018 [DEBUG] cybench.models.nn_models: Early stopped at epoch 45
2026-09-12 16:21:07,356 [DEBUG] cybench.models.nn_models: Early stopped at epoch 49
2026-09-12 16:21:07,605 [DEBUG] cybench.models.nn_models: Early stopped at epoch 25
2026-09-12 16:21:07,824 [DEBUG] cybench.models.nn_models: Early stopped at epoch 32
2026-09-12 16:21:08,149 [DEBUG] cybench.models.nn_models: Early stopped at epoch 44
2026-09-12 16:21:08,398 [DEBUG] cybench.models.nn_models: Early stopped at epoch 34
2026-09-12 16:21:08,560 [DEBUG] cybench.models.nn_models: Early stopped at epoch 23
2026-09-12 16:21:08,865 [DEBUG] cybench.models.nn_models: Early stopped at epoch 41
2026-09-12 16:21:09,112 [DEBUG] cybench.models.nn_models: Early stopped at epoch 26
2026-09-12 16:21:09,445 [DEBUG] cybench.models.nn_models: Early stopped at epoch 47
2026-09-12 16:21:11,632 [DEBUG] cybench.models.nn_models: Early stopped at epoch 48
2026-09-12 16:21:12,790 [DEBUG] cybench.models.nn_models: Early stopped at epoch 45
2026-09-12 16:21:13,540 [DEBUG] cybench.models.nn_models: Early stopped at epoch 45
2026-09-12 16:21:20,996 [DEBUG] cybench.models.nn_models: Early stopped at epoch 36
2026-09-12 16:21:28,761 [DEBUG] cybench.models.nn_models: Early stopped at epoch 48
2026-09-12 16:21:37,663 [DEBUG] cybench.models.nn_models: Early stopped at epoch 42
2026-09-12 16:21:37,966 [DEBUG] cybench.models.nn_models: Early stopped at epoch 43
2026-09-12 16:21:38,659 [DEBUG] cybench.models.nn_models: Early stopped at epoch 49
2026-09-12 16:21:39,048 [DEBUG] cybench.models.nn_models: Early stopped at epoch 43
2026-09-12 16:21:39,731 [DEBUG] cybench.models.nn_models: Early stopped at epoch 44
2026-09-12 16:21:40,022 [DEBUG] cybench.models.nn_models: Early stopped at epoch 40
2026-09-12 16:21:40,689 [DEBUG] cybench.models.nn_models: Early stopped at epoch 43
2026-09-12 16:21:41,046 [DEBUG] cybench.models.nn_models: Early stopped at epoch 38
2026-09-12 16:21:41,272 [DEBUG] cybench.models.nn_models: Early stopped at epoch 33
2026-09-12 16:21:41,498 [DEBUG] cybench.models.nn_models: Early stopped at epoch 34
2026-09-12 16:21:41,802 [DEBUG] cybench.models.nn_models: Early stopped at epoch 42
2026-09-12 16:21:42,100 [DEBUG] cybench.models.nn_models: Early stopped at epoch 42
2026-09-12 16:21:42,841 [DEBUG] cybench.models.nn_models: Early stopped at epoch 43
2026-09-12 16:21:43,165 [DEBUG] cybench.models.nn_models: Early stopped at epoch 44
2026-09-12 16:21:43,468 [DEBUG] cybench.models.nn_models: Early stopped at epoch 42
2026-09-12 16:21:44,074 [DEBUG] cybench.models.nn_models: Early stopped at epoch 44
2026-09-12 16:21:44,702 [DEBUG] cybench.models.nn_models: Early stopped at epoch 32
2026-09-12 16:21:44,988 [DEBUG] cybench.models.nn_models: Early stopped at epoch 41
2026-09-12 16:21:45,259 [DEBUG] cybench.models.nn_models: Early stopped at epoch 45
2026-09-12 16:21:45,858 [DEBUG] cybench.models.nn_models: Early stopped at epoch 33
2026-09-12 16:21:46,451 [DEBUG] cybench.models.nn_models: Early stopped at epoch 26
2026-09-12 16:21:46,688 [DEBUG] cybench.models.nn_models: Early stopped at epoch 31
2026-09-12 16:21:48,711 [DEBUG] cybench.models.nn_models: Early stopped at epoch 48
2026-09-12 16:21:49,802 [DEBUG] cybench.models.nn_models: Early stopped at epoch 45
2026-09-12 16:21:50,530 [DEBUG] cybench.models.nn_models: Early stopped at epoch 45
2026-09-12 16:21:51,687 [DEBUG] cybench.models.nn_models: Early stopped at epoch 48
2026-09-12 16:21:58,266 [DEBUG] cybench.models.nn_models: Early stopped at epoch 50
2026-09-12 16:22:06,490 [DEBUG] cybench.models.nn_models: Early stopped at epoch 48
2026-09-12 16:22:15,963 [DEBUG] cybench.models.nn_models: Early stopped at epoch 42
2026-09-12 16:22:16,172 [DEBUG] cybench.models.nn_models: Early stopped at epoch 34
2026-09-12 16:22:16,863 [DEBUG] cybench.models.nn_models: Early stopped at epoch 48
2026-09-12 16:22:17,294 [DEBUG] cybench.models.nn_models: Early stopped at epoch 45
2026-09-12 16:22:17,602 [DEBUG] cybench.models.nn_models: Early stopped at epoch 40
2026-09-12 16:22:17,918 [DEBUG] cybench.models.nn_models: Early stopped at epoch 44
2026-09-12 16:22:18,184 [DEBUG] cybench.models.nn_models: Early stopped at epoch 40
2026-09-12 16:22:18,803 [DEBUG] cybench.models.nn_models: Early stopped at epoch 43
2026-09-12 16:22:19,595 [DEBUG] cybench.models.nn_models: Early stopped at epoch 43
2026-09-12 16:22:19,907 [DEBUG] cybench.models.nn_models: Early stopped at epoch 42
2026-09-12 16:22:20,224 [DEBUG] cybench.models.nn_models: Early stopped at epoch 43
2026-09-12 16:22:20,540 [DEBUG] cybench.models.nn_models: Early stopped at epoch 44
2026-09-12 16:22:21,155 [DEBUG] cybench.models.nn_models: Early stopped at epoch 27
2026-09-12 16:22:21,431 [DEBUG] cybench.models.nn_models: Early stopped at epoch 42
2026-09-12 16:22:21,646 [DEBUG] cybench.models.nn_models: Early stopped at epoch 32
2026-09-12 16:22:21,962 [DEBUG] cybench.models.nn_models: Early stopped at epoch 44
2026-09-12 16:22:22,280 [DEBUG] cybench.models.nn_models: Early stopped at epoch 43
2026-09-12 16:22:22,577 [DEBUG] cybench.models.nn_models: Early stopped at epoch 43
2026-09-12 16:22:22,877 [DEBUG] cybench.models.nn_models: Early stopped at epoch 32
2026-09-12 16:22:23,150 [DEBUG] cybench.models.nn_models: Early stopped at epoch 35
2026-09-12 16:22:23,465 [DEBUG] cybench.models.nn_models: Early stopped at epoch 44
2026-09-12 16:22:23,724 [DEBUG] cybench.models.nn_models: Early stopped at epoch 39
2026-09-12 16:22:23,969 [DEBUG] cybench.models.nn_models: Early stopped at epoch 33
2026-09-12 16:22:24,289 [DEBUG] cybench.models.nn_models: Early stopped at epoch 45
2026-09-12 16:22:24,557 [DEBUG] cybench.models.nn_models: Early stopped at epoch 26
2026-09-12 16:22:24,839 [DEBUG] cybench.models.nn_models: Early stopped at epoch 45
2026-09-12 16:22:26,726 [DEBUG] cybench.models.nn_models: Early stopped at epoch 48
2026-09-12 16:22:27,713 [DEBUG] cybench.models.nn_models: Early stopped at epoch 45
2026-09-12 16:22:28,902 [DEBUG] cybench.models.nn_models: Early stopped at epoch 48
2026-09-12 16:22:35,423 [DEBUG] cybench.models.nn_models: Early stopped at epoch 50
2026-09-12 16:22:38,986 [DEBUG] cybench.models.nn_models: Early stopped at epoch 42
2026-09-12 16:22:42,731 [DEBUG] cybench.models.nn_models: Early stopped at epoch 49
