2026-09-12 17:58:06,445 [DEBUG] matplotlib: matplotlib data path: D:\Anaconda\Lib\site-packages\matplotlib\mpl-data
2026-09-12 17:58:06,448 [DEBUG] matplotlib: CONFIGDIR=C:\Users\35454\.matplotlib
2026-09-12 17:58:06,448 [DEBUG] matplotlib: interactive is False
2026-09-12 17:58:06,449 [DEBUG] matplotlib: platform is win32
2026-09-12 17:58:06,555 [DEBUG] matplotlib: CACHEDIR=C:\Users\35454\.matplotlib
2026-09-12 17:58:06,556 [DEBUG] matplotlib.font_manager: Using fontManager instance from C:\Users\35454\.matplotlib\fontlist-v390.json
2026-09-12 17:58:07,051 [DEBUG] matplotlib.pyplot: Loaded backend qtagg version 5.15.10.
2026-09-12 17:58:48,750 [DEBUG] cybench.models.nn_models: Early stopped at epoch 43
2026-09-12 17:58:49,856 [DEBUG] cybench.models.nn_models: Early stopped at epoch 18
2026-09-12 17:58:52,974 [DEBUG] cybench.models.nn_models: Early stopped at epoch 49
2026-09-12 17:58:54,561 [DEBUG] cybench.models.nn_models: Early stopped at epoch 27
2026-09-12 17:58:55,825 [DEBUG] cybench.models.nn_models: Early stopped at epoch 22
2026-09-12 17:58:57,164 [DEBUG] cybench.models.nn_models: Early stopped at epoch 18
2026-09-12 17:59:03,857 [DEBUG] cybench.models.nn_models: Early stopped at epoch 22
2026-09-12 17:59:05,533 [DEBUG] cybench.models.nn_models: Early stopped at epoch 27
2026-09-12 17:59:07,453 [DEBUG] cybench.models.nn_models: Early stopped at epoch 31
2026-09-12 17:59:08,662 [DEBUG] cybench.models.nn_models: Early stopped at epoch 21
2026-09-12 17:59:10,757 [DEBUG] cybench.models.nn_models: Early stopped at epoch 35
2026-09-12 17:59:17,165 [DEBUG] cybench.models.nn_models: Early stopped at epoch 29
2026-09-12 17:59:18,384 [DEBUG] cybench.models.nn_models: Early stopped at epoch 19
2026-09-12 17:59:19,294 [DEBUG] cybench.models.nn_models: Early stopped at epoch 17
2026-09-12 17:59:20,507 [DEBUG] cybench.models.nn_models: Early stopped at epoch 19
2026-09-12 17:59:22,061 [DEBUG] cybench.models.nn_models: Early stopped at epoch 23
2026-09-12 17:59:28,866 [DEBUG] cybench.models.nn_models: Early stopped at epoch 31
2026-09-12 17:59:30,701 [DEBUG] cybench.models.nn_models: Early stopped at epoch 33
2026-09-12 17:59:32,177 [DEBUG] cybench.models.nn_models: Early stopped at epoch 26
2026-09-12 17:59:33,233 [DEBUG] cybench.models.nn_models: Early stopped at epoch 17
2026-09-12 17:59:34,493 [DEBUG] cybench.models.nn_models: Early stopped at epoch 21
2026-09-12 17:59:36,505 [DEBUG] cybench.models.nn_models: Early stopped at epoch 45
2026-09-12 17:59:39,353 [DEBUG] cybench.models.nn_models: Early stopped at epoch 15
2026-09-12 17:59:40,275 [DEBUG] cybench.models.nn_models: Early stopped at epoch 17
2026-09-12 17:59:41,237 [DEBUG] cybench.models.nn_models: Early stopped at epoch 18
2026-09-12 17:59:43,520 [DEBUG] cybench.models.nn_models: Early stopped at epoch 36
2026-09-12 17:59:45,576 [DEBUG] cybench.models.nn_models: Early stopped at epoch 33
2026-09-12 18:00:15,476 [DEBUG] cybench.models.nn_models: Early stopped at epoch 25
2026-09-12 18:00:27,980 [DEBUG] cybench.models.nn_models: Early stopped at epoch 37
2026-09-12 18:00:34,386 [DEBUG] cybench.models.nn_models: Early stopped at epoch 18
2026-09-12 18:00:40,736 [DEBUG] cybench.models.nn_models: Early stopped at epoch 17
2026-09-12 18:00:56,070 [DEBUG] cybench.models.nn_models: Early stopped at epoch 38
2026-09-12 18:01:03,931 [DEBUG] cybench.models.nn_models: Early stopped at epoch 26
2026-09-12 18:01:25,086 [DEBUG] cybench.models.nn_models: Early stopped at epoch 21
2026-09-12 18:01:50,078 [DEBUG] cybench.models.nn_models: Early stopped at epoch 25
2026-09-12 18:01:57,749 [DEBUG] cybench.models.nn_models: Early stopped at epoch 21
2026-09-12 18:02:05,652 [DEBUG] cybench.models.nn_models: Early stopped at epoch 20
2026-09-12 18:02:29,070 [DEBUG] cybench.models.nn_models: Early stopped at epoch 31
2026-09-12 18:02:41,566 [DEBUG] cybench.models.nn_models: Early stopped at epoch 41
2026-09-12 18:02:49,808 [DEBUG] cybench.models.nn_models: Early stopped at epoch 25
2026-09-12 18:02:56,772 [DEBUG] cybench.models.nn_models: Early stopped at epoch 20
2026-09-12 18:03:04,071 [DEBUG] cybench.models.nn_models: Early stopped at epoch 20
2026-09-12 18:03:11,792 [DEBUG] cybench.models.nn_models: Early stopped at epoch 20
2026-09-12 18:03:48,918 [DEBUG] cybench.models.nn_models: Early stopped at epoch 25
2026-09-12 18:04:03,635 [DEBUG] cybench.models.nn_models: Early stopped at epoch 42
2026-09-12 18:04:12,654 [DEBUG] cybench.models.nn_models: Early stopped at epoch 25
2026-09-12 18:04:25,308 [DEBUG] cybench.models.nn_models: Early stopped at epoch 33
2026-09-12 18:04:34,579 [DEBUG] cybench.models.nn_models: Early stopped at epoch 23
2026-09-12 18:05:00,526 [DEBUG] cybench.models.nn_models: Early stopped at epoch 33
2026-09-12 18:05:32,175 [DEBUG] cybench.models.nn_models: Early stopped at epoch 45
2026-09-12 18:05:39,067 [DEBUG] cybench.models.nn_models: Early stopped at epoch 19
2026-09-12 18:05:46,567 [DEBUG] cybench.models.nn_models: Early stopped at epoch 20
2026-09-12 18:05:59,989 [DEBUG] cybench.models.nn_models: Early stopped at epoch 33
2026-09-12 18:06:12,257 [DEBUG] cybench.models.nn_models: Early stopped at epoch 41
2026-09-12 18:06:48,673 [DEBUG] cybench.models.nn_models: Early stopped at epoch 43
2026-09-12 18:06:54,786 [DEBUG] cybench.models.nn_models: Early stopped at epoch 27
2026-09-12 18:06:56,066 [DEBUG] cybench.models.nn_models: Early stopped at epoch 22
2026-09-12 18:06:57,691 [DEBUG] cybench.models.nn_models: Early stopped at epoch 26
2026-09-12 18:07:01,246 [DEBUG] cybench.models.nn_models: Early stopped at epoch 29
2026-09-12 18:07:02,572 [DEBUG] cybench.models.nn_models: Early stopped at epoch 29
2026-09-12 18:07:04,464 [DEBUG] cybench.models.nn_models: Early stopped at epoch 36
2026-09-12 18:07:05,462 [DEBUG] cybench.models.nn_models: Early stopped at epoch 19
2026-09-12 18:07:06,364 [DEBUG] cybench.models.nn_models: Early stopped at epoch 16
2026-09-12 18:07:08,340 [DEBUG] cybench.models.nn_models: Early stopped at epoch 32
2026-09-12 18:07:15,054 [DEBUG] cybench.models.nn_models: Early stopped at epoch 42
2026-09-12 18:07:15,946 [DEBUG] cybench.models.nn_models: Early stopped at epoch 17
2026-09-12 18:07:17,181 [DEBUG] cybench.models.nn_models: Early stopped at epoch 24
2026-09-12 18:07:18,386 [DEBUG] cybench.models.nn_models: Early stopped at epoch 22
2026-09-12 18:07:20,154 [DEBUG] cybench.models.nn_models: Early stopped at epoch 30
2026-09-12 18:07:24,397 [DEBUG] cybench.models.nn_models: Early stopped at epoch 45
2026-09-12 18:07:25,733 [DEBUG] cybench.models.nn_models: Early stopped at epoch 28
2026-09-12 18:07:26,460 [DEBUG] cybench.models.nn_models: Early stopped at epoch 15
2026-09-12 18:07:27,630 [DEBUG] cybench.models.nn_models: Early stopped at epoch 24
2026-09-12 18:07:28,763 [DEBUG] cybench.models.nn_models: Early stopped at epoch 21
2026-09-12 18:07:30,176 [DEBUG] cybench.models.nn_models: Early stopped at epoch 24
2026-09-12 18:07:32,111 [DEBUG] cybench.models.nn_models: Early stopped at epoch 45
2026-09-12 18:07:35,803 [DEBUG] cybench.models.nn_models: Early stopped at epoch 30
2026-09-12 18:07:36,468 [DEBUG] cybench.models.nn_models: Early stopped at epoch 14
2026-09-12 18:07:38,174 [DEBUG] cybench.models.nn_models: Early stopped at epoch 32
2026-09-12 18:07:39,439 [DEBUG] cybench.models.nn_models: Early stopped at epoch 24
2026-09-12 18:07:40,613 [DEBUG] cybench.models.nn_models: Early stopped at epoch 18
2026-09-12 18:08:17,680 [DEBUG] cybench.models.nn_models: Early stopped at epoch 43
2026-09-12 18:08:29,471 [DEBUG] cybench.models.nn_models: Early stopped at epoch 33
2026-09-12 18:08:40,380 [DEBUG] cybench.models.nn_models: Early stopped at epoch 30
2026-09-12 18:08:51,566 [DEBUG] cybench.models.nn_models: Early stopped at epoch 28
2026-09-12 18:09:34,052 [DEBUG] cybench.models.nn_models: Early stopped at epoch 21
2026-09-12 18:10:16,990 [DEBUG] cybench.models.nn_models: Early stopped at epoch 24
2026-09-12 18:10:27,730 [DEBUG] cybench.models.nn_models: Early stopped at epoch 26
2026-09-12 18:10:47,429 [DEBUG] cybench.models.nn_models: Early stopped at epoch 46
2026-09-12 18:10:59,457 [DEBUG] cybench.models.nn_models: Early stopped at epoch 40
2026-09-12 18:11:30,673 [DEBUG] cybench.models.nn_models: Early stopped at epoch 47
2026-09-12 18:11:40,292 [DEBUG] cybench.models.nn_models: Early stopped at epoch 27
2026-09-12 18:11:55,798 [DEBUG] cybench.models.nn_models: Early stopped at epoch 42
2026-09-12 18:12:08,017 [DEBUG] cybench.models.nn_models: Early stopped at epoch 33
2026-09-12 18:12:15,727 [DEBUG] cybench.models.nn_models: Early stopped at epoch 19
2026-09-12 18:12:24,770 [DEBUG] cybench.models.nn_models: Early stopped at epoch 30
2026-09-12 18:12:32,049 [DEBUG] cybench.models.nn_models: Early stopped at epoch 25
2026-09-12 18:13:03,305 [DEBUG] cybench.models.nn_models: Early stopped at epoch 45
2026-09-12 18:13:10,630 [DEBUG] cybench.models.nn_models: Early stopped at epoch 20
2026-09-12 18:13:17,783 [DEBUG] cybench.models.nn_models: Early stopped at epoch 18
2026-09-12 18:13:31,549 [DEBUG] cybench.models.nn_models: Early stopped at epoch 34
2026-09-12 18:13:44,058 [DEBUG] cybench.models.nn_models: Early stopped at epoch 40
2026-09-12 18:13:54,231 [DEBUG] cybench.models.nn_models: Early stopped at epoch 33
2026-09-12 18:14:19,265 [DEBUG] cybench.models.nn_models: Early stopped at epoch 22
2026-09-12 18:14:29,495 [DEBUG] cybench.models.nn_models: Early stopped at epoch 27
2026-09-12 18:14:38,500 [DEBUG] cybench.models.nn_models: Early stopped at epoch 24
2026-09-12 18:14:48,898 [DEBUG] cybench.models.nn_models: Early stopped at epoch 26
2026-09-12 18:15:02,532 [DEBUG] cybench.models.nn_models: Early stopped at epoch 46
2026-09-12 18:15:35,773 [DEBUG] cybench.models.nn_models: Early stopped at epoch 32
2026-09-12 18:15:37,068 [DEBUG] cybench.models.nn_models: Early stopped at epoch 30
2026-09-12 18:15:38,631 [DEBUG] cybench.models.nn_models: Early stopped at epoch 31
2026-09-12 18:15:39,799 [DEBUG] cybench.models.nn_models: Early stopped at epoch 25
2026-09-12 18:15:41,102 [DEBUG] cybench.models.nn_models: Early stopped at epoch 26
2026-09-12 18:15:42,017 [DEBUG] cybench.models.nn_models: Early stopped at epoch 18
2026-09-12 18:15:43,364 [DEBUG] cybench.models.nn_models: Early stopped at epoch 32
2026-09-12 18:15:44,568 [DEBUG] cybench.models.nn_models: Early stopped at epoch 29
2026-09-12 18:15:45,778 [DEBUG] cybench.models.nn_models: Early stopped at epoch 29
2026-09-12 18:15:47,593 [DEBUG] cybench.models.nn_models: Early stopped at epoch 36
2026-09-12 18:15:48,722 [DEBUG] cybench.models.nn_models: Early stopped at epoch 25
2026-09-12 18:15:50,219 [DEBUG] cybench.models.nn_models: Early stopped at epoch 26
2026-09-12 18:15:51,452 [DEBUG] cybench.models.nn_models: Early stopped at epoch 23
2026-09-12 18:15:52,835 [DEBUG] cybench.models.nn_models: Early stopped at epoch 32
2026-09-12 18:15:54,069 [DEBUG] cybench.models.nn_models: Early stopped at epoch 28
2026-09-12 18:15:55,369 [DEBUG] cybench.models.nn_models: Early stopped at epoch 30
2026-09-12 18:15:56,487 [DEBUG] cybench.models.nn_models: Early stopped at epoch 23
2026-09-12 18:15:58,720 [DEBUG] cybench.models.nn_models: Early stopped at epoch 42
2026-09-12 18:15:59,769 [DEBUG] cybench.models.nn_models: Early stopped at epoch 19
2026-09-12 18:16:02,309 [DEBUG] cybench.models.nn_models: Early stopped at epoch 44
2026-09-12 18:16:04,284 [DEBUG] cybench.models.nn_models: Early stopped at epoch 45
2026-09-12 18:16:06,127 [DEBUG] cybench.models.nn_models: Early stopped at epoch 45
2026-09-12 18:16:07,535 [DEBUG] cybench.models.nn_models: Early stopped at epoch 33
2026-09-12 18:16:08,659 [DEBUG] cybench.models.nn_models: Early stopped at epoch 21
2026-09-12 18:16:12,045 [DEBUG] cybench.models.nn_models: Early stopped at epoch 17
2026-09-12 18:16:14,276 [DEBUG] cybench.models.nn_models: Early stopped at epoch 43
2026-09-12 18:16:15,435 [DEBUG] cybench.models.nn_models: Early stopped at epoch 29
2026-09-12 18:16:16,897 [DEBUG] cybench.models.nn_models: Early stopped at epoch 34
2026-09-12 18:16:18,842 [DEBUG] cybench.models.nn_models: Early stopped at epoch 40
2026-09-12 18:16:19,798 [DEBUG] cybench.models.nn_models: Early stopped at epoch 20
2026-09-12 18:16:22,128 [DEBUG] cybench.models.nn_models: Early stopped at epoch 49
2026-09-12 18:16:23,043 [DEBUG] cybench.models.nn_models: Early stopped at epoch 19
2026-09-12 18:16:24,729 [DEBUG] cybench.models.nn_models: Early stopped at epoch 31
2026-09-12 18:16:26,783 [DEBUG] cybench.models.nn_models: Early stopped at epoch 45
2026-09-12 18:16:40,041 [DEBUG] cybench.models.nn_models: Early stopped at epoch 30
2026-09-12 18:16:45,946 [DEBUG] cybench.models.nn_models: Early stopped at epoch 19
2026-09-12 18:16:55,657 [DEBUG] cybench.models.nn_models: Early stopped at epoch 29
2026-09-12 18:17:02,924 [DEBUG] cybench.models.nn_models: Early stopped at epoch 21
2026-09-12 18:17:15,149 [DEBUG] cybench.models.nn_models: Early stopped at epoch 32
2026-09-12 18:17:27,123 [DEBUG] cybench.models.nn_models: Early stopped at epoch 31
2026-09-12 18:17:41,058 [DEBUG] cybench.models.nn_models: Early stopped at epoch 48
2026-09-12 18:17:51,944 [DEBUG] cybench.models.nn_models: Early stopped at epoch 37
2026-09-12 18:18:01,014 [DEBUG] cybench.models.nn_models: Early stopped at epoch 30
2026-09-12 18:18:09,187 [DEBUG] cybench.models.nn_models: Early stopped at epoch 25
2026-09-12 18:18:21,204 [DEBUG] cybench.models.nn_models: Early stopped at epoch 34
2026-09-12 18:18:34,386 [DEBUG] cybench.models.nn_models: Early stopped at epoch 36
2026-09-12 18:18:46,041 [DEBUG] cybench.models.nn_models: Early stopped at epoch 29
2026-09-12 18:18:56,561 [DEBUG] cybench.models.nn_models: Early stopped at epoch 37
2026-09-12 18:19:06,875 [DEBUG] cybench.models.nn_models: Early stopped at epoch 36
2026-09-12 18:19:18,232 [DEBUG] cybench.models.nn_models: Early stopped at epoch 37
2026-09-12 18:19:27,310 [DEBUG] cybench.models.nn_models: Early stopped at epoch 28
2026-09-12 18:19:37,415 [DEBUG] cybench.models.nn_models: Early stopped at epoch 29
2026-09-12 18:19:45,660 [DEBUG] cybench.models.nn_models: Early stopped at epoch 22
2026-09-12 18:19:59,307 [DEBUG] cybench.models.nn_models: Early stopped at epoch 35
2026-09-12 18:20:07,686 [DEBUG] cybench.models.nn_models: Early stopped at epoch 29
2026-09-12 18:20:17,233 [DEBUG] cybench.models.nn_models: Early stopped at epoch 33
2026-09-12 18:20:25,944 [DEBUG] cybench.models.nn_models: Early stopped at epoch 28
2026-09-12 18:20:39,040 [DEBUG] cybench.models.nn_models: Early stopped at epoch 39
2026-09-12 18:20:47,450 [DEBUG] cybench.models.nn_models: Early stopped at epoch 24
2026-09-12 18:20:59,351 [DEBUG] cybench.models.nn_models: Early stopped at epoch 32
2026-09-12 18:21:06,398 [DEBUG] cybench.models.nn_models: Early stopped at epoch 18
2026-09-12 18:21:19,886 [DEBUG] cybench.models.nn_models: Early stopped at epoch 46
2026-09-12 18:21:29,266 [DEBUG] cybench.models.nn_models: Early stopped at epoch 33
2026-09-12 18:21:36,437 [DEBUG] cybench.models.nn_models: Early stopped at epoch 22
2026-09-12 18:21:58,580 [DEBUG] cybench.models.nn_models: Early stopped at epoch 16
2026-09-12 18:22:05,928 [DEBUG] cybench.models.nn_models: Early stopped at epoch 20
2026-09-12 18:22:13,273 [DEBUG] cybench.models.nn_models: Early stopped at epoch 18
2026-09-12 18:22:23,220 [DEBUG] cybench.models.nn_models: Early stopped at epoch 33
2026-09-12 18:22:36,714 [DEBUG] cybench.models.nn_models: Early stopped at epoch 49
2026-09-12 18:22:38,113 [DEBUG] cybench.models.nn_models: Early stopped at epoch 46
2026-09-12 18:22:38,749 [DEBUG] cybench.models.nn_models: Early stopped at epoch 38
2026-09-12 18:22:39,375 [DEBUG] cybench.models.nn_models: Early stopped at epoch 42
2026-09-12 18:22:39,767 [DEBUG] cybench.models.nn_models: Early stopped at epoch 27
2026-09-12 18:22:40,143 [DEBUG] cybench.models.nn_models: Early stopped at epoch 31
2026-09-12 18:22:42,329 [DEBUG] cybench.models.nn_models: Early stopped at epoch 49
2026-09-12 18:22:42,902 [DEBUG] cybench.models.nn_models: Early stopped at epoch 34
2026-09-12 18:22:43,430 [DEBUG] cybench.models.nn_models: Early stopped at epoch 31
2026-09-12 18:22:44,076 [DEBUG] cybench.models.nn_models: Early stopped at epoch 35
2026-09-12 18:22:44,545 [DEBUG] cybench.models.nn_models: Early stopped at epoch 44
2026-09-12 18:22:46,558 [DEBUG] cybench.models.nn_models: Early stopped at epoch 47
2026-09-12 18:22:47,097 [DEBUG] cybench.models.nn_models: Early stopped at epoch 34
2026-09-12 18:22:47,572 [DEBUG] cybench.models.nn_models: Early stopped at epoch 31
2026-09-12 18:22:48,375 [DEBUG] cybench.models.nn_models: Early stopped at epoch 46
2026-09-12 18:22:50,831 [DEBUG] cybench.models.nn_models: Early stopped at epoch 42
2026-09-12 18:22:51,377 [DEBUG] cybench.models.nn_models: Early stopped at epoch 42
2026-09-12 18:22:51,805 [DEBUG] cybench.models.nn_models: Early stopped at epoch 30
2026-09-12 18:22:52,269 [DEBUG] cybench.models.nn_models: Early stopped at epoch 32
2026-09-12 18:22:55,785 [DEBUG] cybench.models.nn_models: Early stopped at epoch 36
2026-09-12 18:22:56,296 [DEBUG] cybench.models.nn_models: Early stopped at epoch 33
2026-09-12 18:22:57,083 [DEBUG] cybench.models.nn_models: Early stopped at epoch 50
2026-09-12 18:23:12,195 [DEBUG] cybench.models.nn_models: Early stopped at epoch 47
2026-09-12 18:23:22,523 [DEBUG] cybench.models.nn_models: Early stopped at epoch 50
2026-09-12 18:23:26,650 [DEBUG] cybench.models.nn_models: Early stopped at epoch 38
2026-09-12 18:23:34,105 [DEBUG] cybench.models.nn_models: Early stopped at epoch 44
2026-09-12 18:23:47,505 [DEBUG] cybench.models.nn_models: Early stopped at epoch 43
2026-09-12 18:23:52,442 [DEBUG] cybench.models.nn_models: Early stopped at epoch 48
2026-09-12 18:23:57,678 [DEBUG] cybench.models.nn_models: Early stopped at epoch 48
2026-09-12 18:24:01,774 [DEBUG] cybench.models.nn_models: Early stopped at epoch 49
2026-09-12 18:24:05,548 [DEBUG] cybench.models.nn_models: Early stopped at epoch 48
2026-09-12 18:24:17,569 [DEBUG] cybench.models.nn_models: Early stopped at epoch 31
2026-09-12 18:24:21,998 [DEBUG] cybench.models.nn_models: Early stopped at epoch 42
2026-09-12 18:24:27,419 [DEBUG] cybench.models.nn_models: Early stopped at epoch 50
2026-09-12 18:24:31,518 [DEBUG] cybench.models.nn_models: Early stopped at epoch 50
2026-09-12 18:24:49,470 [DEBUG] cybench.models.nn_models: Early stopped at epoch 48
2026-09-12 18:24:54,656 [DEBUG] cybench.models.nn_models: Early stopped at epoch 48
2026-09-12 18:24:58,254 [DEBUG] cybench.models.nn_models: Early stopped at epoch 31
2026-09-12 18:25:19,773 [DEBUG] cybench.models.nn_models: Early stopped at epoch 42
2026-09-12 18:25:24,745 [DEBUG] cybench.models.nn_models: Early stopped at epoch 49
2026-09-12 18:25:30,243 [DEBUG] cybench.models.nn_models: Early stopped at epoch 50
2026-09-12 18:25:34,181 [DEBUG] cybench.models.nn_models: Early stopped at epoch 50
2026-09-12 18:25:48,833 [DEBUG] cybench.models.nn_models: Early stopped at epoch 46
2026-09-12 18:25:49,344 [DEBUG] cybench.models.nn_models: Early stopped at epoch 34
2026-09-12 18:25:49,894 [DEBUG] cybench.models.nn_models: Early stopped at epoch 34
2026-09-12 18:25:50,595 [DEBUG] cybench.models.nn_models: Early stopped at epoch 44
2026-09-12 18:25:51,032 [DEBUG] cybench.models.nn_models: Early stopped at epoch 34
2026-09-12 18:25:51,625 [DEBUG] cybench.models.nn_models: Early stopped at epoch 46
2026-09-12 18:25:52,784 [DEBUG] cybench.models.nn_models: Early stopped at epoch 29
2026-09-12 18:25:53,226 [DEBUG] cybench.models.nn_models: Early stopped at epoch 28
2026-09-12 18:25:53,742 [DEBUG] cybench.models.nn_models: Early stopped at epoch 31
2026-09-12 18:25:54,361 [DEBUG] cybench.models.nn_models: Early stopped at epoch 35
2026-09-12 18:25:54,624 [DEBUG] cybench.models.nn_models: Early stopped at epoch 23
2026-09-12 18:25:54,873 [DEBUG] cybench.models.nn_models: Early stopped at epoch 23
2026-09-12 18:25:56,276 [DEBUG] cybench.models.nn_models: Early stopped at epoch 37
2026-09-12 18:25:56,731 [DEBUG] cybench.models.nn_models: Early stopped at epoch 30
2026-09-12 18:25:57,443 [DEBUG] cybench.models.nn_models: Early stopped at epoch 41
2026-09-12 18:25:58,284 [DEBUG] cybench.models.nn_models: Early stopped at epoch 48
2026-09-12 18:26:00,842 [DEBUG] cybench.models.nn_models: Early stopped at epoch 44
2026-09-12 18:26:01,187 [DEBUG] cybench.models.nn_models: Early stopped at epoch 22
2026-09-12 18:26:01,813 [DEBUG] cybench.models.nn_models: Early stopped at epoch 34
2026-09-12 18:26:02,427 [DEBUG] cybench.models.nn_models: Early stopped at epoch 32
2026-09-12 18:26:03,485 [DEBUG] cybench.models.nn_models: Early stopped at epoch 26
2026-09-12 18:26:04,167 [DEBUG] cybench.models.nn_models: Early stopped at epoch 41
2026-09-12 18:26:05,449 [DEBUG] cybench.models.nn_models: Early stopped at epoch 37
2026-09-12 18:26:05,879 [DEBUG] cybench.models.nn_models: Early stopped at epoch 30
2026-09-12 18:26:06,462 [DEBUG] cybench.models.nn_models: Early stopped at epoch 33
2026-09-12 18:26:06,679 [DEBUG] cybench.models.nn_models: Early stopped at epoch 18
2026-09-12 18:26:11,695 [DEBUG] cybench.models.nn_models: Early stopped at epoch 43
2026-09-12 18:26:20,855 [DEBUG] cybench.models.nn_models: Early stopped at epoch 48
2026-09-12 18:26:25,736 [DEBUG] cybench.models.nn_models: Early stopped at epoch 49
2026-09-12 18:26:28,375 [DEBUG] cybench.models.nn_models: Early stopped at epoch 26
2026-09-12 18:26:41,862 [DEBUG] cybench.models.nn_models: Early stopped at epoch 48
2026-09-12 18:26:55,204 [DEBUG] cybench.models.nn_models: Early stopped at epoch 43
2026-09-12 18:27:00,119 [DEBUG] cybench.models.nn_models: Early stopped at epoch 45
2026-09-12 18:27:04,968 [DEBUG] cybench.models.nn_models: Early stopped at epoch 44
2026-09-12 18:27:09,068 [DEBUG] cybench.models.nn_models: Early stopped at epoch 50
2026-09-12 18:27:17,366 [DEBUG] cybench.models.nn_models: Early stopped at epoch 44
2026-09-12 18:27:25,580 [DEBUG] cybench.models.nn_models: Early stopped at epoch 36
2026-09-12 18:27:36,082 [DEBUG] cybench.models.nn_models: Early stopped at epoch 48
2026-09-12 18:27:58,326 [DEBUG] cybench.models.nn_models: Early stopped at epoch 48
2026-09-12 18:28:03,384 [DEBUG] cybench.models.nn_models: Early stopped at epoch 48
2026-09-12 18:28:08,476 [DEBUG] cybench.models.nn_models: Early stopped at epoch 46
2026-09-12 18:28:12,288 [DEBUG] cybench.models.nn_models: Early stopped at epoch 49
2026-09-12 18:28:15,627 [DEBUG] cybench.models.nn_models: Early stopped at epoch 41
2026-09-12 18:28:24,095 [DEBUG] cybench.models.nn_models: Early stopped at epoch 43
2026-09-12 18:28:27,473 [DEBUG] cybench.models.nn_models: Early stopped at epoch 33
2026-09-12 18:28:32,647 [DEBUG] cybench.models.nn_models: Early stopped at epoch 49
2026-09-12 18:28:37,052 [DEBUG] cybench.models.nn_models: Early stopped at epoch 40
2026-09-12 18:28:40,921 [DEBUG] cybench.models.nn_models: Early stopped at epoch 49
2026-09-12 18:28:54,879 [DEBUG] cybench.models.nn_models: Early stopped at epoch 46
2026-09-12 18:28:55,392 [DEBUG] cybench.models.nn_models: Early stopped at epoch 35
2026-09-12 18:28:56,015 [DEBUG] cybench.models.nn_models: Early stopped at epoch 39
2026-09-12 18:28:56,517 [DEBUG] cybench.models.nn_models: Early stopped at epoch 31
2026-09-12 18:28:56,863 [DEBUG] cybench.models.nn_models: Early stopped at epoch 30
2026-09-12 18:28:57,427 [DEBUG] cybench.models.nn_models: Early stopped at epoch 39
2026-09-12 18:28:58,651 [DEBUG] cybench.models.nn_models: Early stopped at epoch 29
2026-09-12 18:28:59,097 [DEBUG] cybench.models.nn_models: Early stopped at epoch 27
2026-09-12 18:28:59,578 [DEBUG] cybench.models.nn_models: Early stopped at epoch 31
2026-09-12 18:29:00,161 [DEBUG] cybench.models.nn_models: Early stopped at epoch 39
2026-09-12 18:29:00,496 [DEBUG] cybench.models.nn_models: Early stopped at epoch 22
2026-09-12 18:29:01,032 [DEBUG] cybench.models.nn_models: Early stopped at epoch 48
2026-09-12 18:29:01,672 [DEBUG] cybench.models.nn_models: Early stopped at epoch 40
2026-09-12 18:29:02,821 [DEBUG] cybench.models.nn_models: Early stopped at epoch 26
2026-09-12 18:29:03,579 [DEBUG] cybench.models.nn_models: Early stopped at epoch 41
2026-09-12 18:29:04,037 [DEBUG] cybench.models.nn_models: Early stopped at epoch 30
2026-09-12 18:29:06,529 [DEBUG] cybench.models.nn_models: Early stopped at epoch 26
2026-09-12 18:29:07,016 [DEBUG] cybench.models.nn_models: Early stopped at epoch 31
2026-09-12 18:29:07,488 [DEBUG] cybench.models.nn_models: Early stopped at epoch 28
2026-09-12 18:29:07,989 [DEBUG] cybench.models.nn_models: Early stopped at epoch 28
2026-09-12 18:29:08,334 [DEBUG] cybench.models.nn_models: Early stopped at epoch 30
2026-09-12 18:29:10,866 [DEBUG] cybench.models.nn_models: Early stopped at epoch 36
2026-09-12 18:29:11,353 [DEBUG] cybench.models.nn_models: Early stopped at epoch 30
2026-09-12 18:29:11,859 [DEBUG] cybench.models.nn_models: Early stopped at epoch 33
2026-09-12 18:29:12,343 [DEBUG] cybench.models.nn_models: Early stopped at epoch 42
2026-09-12 18:29:26,301 [DEBUG] cybench.models.nn_models: Early stopped at epoch 44
2026-09-12 18:29:30,741 [DEBUG] cybench.models.nn_models: Early stopped at epoch 41
2026-09-12 18:29:40,209 [DEBUG] cybench.models.nn_models: Early stopped at epoch 38
2026-09-12 18:29:48,044 [DEBUG] cybench.models.nn_models: Early stopped at epoch 42
2026-09-12 18:30:01,758 [DEBUG] cybench.models.nn_models: Early stopped at epoch 43
2026-09-12 18:30:06,983 [DEBUG] cybench.models.nn_models: Early stopped at epoch 50
2026-09-12 18:30:30,044 [DEBUG] cybench.models.nn_models: Early stopped at epoch 42
2026-09-12 18:30:38,863 [DEBUG] cybench.models.nn_models: Early stopped at epoch 31
2026-09-12 18:30:53,087 [DEBUG] cybench.models.nn_models: Early stopped at epoch 49
2026-09-12 18:30:57,681 [DEBUG] cybench.models.nn_models: Early stopped at epoch 47
2026-09-12 18:31:02,411 [DEBUG] cybench.models.nn_models: Early stopped at epoch 46
2026-09-12 18:31:12,497 [DEBUG] cybench.models.nn_models: Early stopped at epoch 44
2026-09-12 18:31:31,385 [DEBUG] cybench.models.nn_models: Early stopped at epoch 48
2026-09-12 18:31:36,162 [DEBUG] cybench.models.nn_models: Early stopped at epoch 48
2026-09-12 18:31:40,882 [DEBUG] cybench.models.nn_models: Early stopped at epoch 45
2026-09-12 18:31:44,114 [DEBUG] cybench.models.nn_models: Early stopped at epoch 31
2026-09-12 18:32:01,049 [DEBUG] cybench.models.nn_models: Early stopped at epoch 26
2026-09-12 18:32:02,542 [DEBUG] cybench.models.nn_models: Early stopped at epoch 24
2026-09-12 18:32:04,092 [DEBUG] cybench.models.nn_models: Early stopped at epoch 25
2026-09-12 18:32:06,862 [DEBUG] cybench.models.nn_models: Early stopped at epoch 28
2026-09-12 18:32:10,700 [DEBUG] cybench.models.nn_models: Early stopped at epoch 23
2026-09-12 18:32:12,528 [DEBUG] cybench.models.nn_models: Early stopped at epoch 36
2026-09-12 18:32:14,306 [DEBUG] cybench.models.nn_models: Early stopped at epoch 32
2026-09-12 18:32:15,799 [DEBUG] cybench.models.nn_models: Early stopped at epoch 29
2026-09-12 18:32:17,368 [DEBUG] cybench.models.nn_models: Early stopped at epoch 29
2026-09-12 18:32:18,881 [DEBUG] cybench.models.nn_models: Early stopped at epoch 29
2026-09-12 18:32:32,523 [DEBUG] cybench.models.nn_models: Early stopped at epoch 26
2026-09-12 18:32:33,208 [DEBUG] cybench.models.nn_models: Early stopped at epoch 24
2026-09-12 18:32:33,438 [DEBUG] cybench.models.nn_models: Early stopped at epoch 25
2026-09-12 18:32:33,687 [DEBUG] cybench.models.nn_models: Early stopped at epoch 25
2026-09-12 18:32:36,220 [DEBUG] cybench.models.nn_models: Early stopped at epoch 29
2026-09-12 18:32:37,539 [DEBUG] cybench.models.nn_models: Early stopped at epoch 25
2026-09-12 18:32:38,848 [DEBUG] cybench.models.nn_models: Early stopped at epoch 25
2026-09-12 18:32:43,000 [DEBUG] cybench.models.nn_models: Early stopped at epoch 30
2026-09-12 18:32:47,293 [DEBUG] cybench.models.nn_models: Early stopped at epoch 27
2026-09-12 18:32:49,578 [DEBUG] cybench.models.nn_models: Early stopped at epoch 42
2026-09-12 18:32:51,154 [DEBUG] cybench.models.nn_models: Early stopped at epoch 28
2026-09-12 18:32:52,695 [DEBUG] cybench.models.nn_models: Early stopped at epoch 27
2026-09-12 18:33:06,255 [DEBUG] cybench.models.nn_models: Early stopped at epoch 28
2026-09-12 18:33:08,783 [DEBUG] cybench.models.nn_models: Early stopped at epoch 48
2026-09-12 18:33:11,225 [DEBUG] cybench.models.nn_models: Early stopped at epoch 47
2026-09-12 18:33:15,571 [DEBUG] cybench.models.nn_models: Early stopped at epoch 30
2026-09-12 18:33:19,469 [DEBUG] cybench.models.nn_models: Early stopped at epoch 27
2026-09-12 18:33:21,769 [DEBUG] cybench.models.nn_models: Early stopped at epoch 42
2026-09-12 18:33:39,720 [DEBUG] cybench.models.nn_models: Early stopped at epoch 45
2026-09-12 18:33:40,244 [DEBUG] cybench.models.nn_models: Early stopped at epoch 50
2026-09-12 18:33:41,017 [DEBUG] cybench.models.nn_models: Early stopped at epoch 41
2026-09-12 18:33:41,519 [DEBUG] cybench.models.nn_models: Early stopped at epoch 37
2026-09-12 18:33:41,858 [DEBUG] cybench.models.nn_models: Early stopped at epoch 43
2026-09-12 18:33:42,275 [DEBUG] cybench.models.nn_models: Early stopped at epoch 46
2026-09-12 18:33:42,703 [DEBUG] cybench.models.nn_models: Early stopped at epoch 44
2026-09-12 18:33:43,057 [DEBUG] cybench.models.nn_models: Early stopped at epoch 34
2026-09-12 18:33:43,511 [DEBUG] cybench.models.nn_models: Early stopped at epoch 43
2026-09-12 18:33:43,952 [DEBUG] cybench.models.nn_models: Early stopped at epoch 29
2026-09-12 18:33:44,321 [DEBUG] cybench.models.nn_models: Early stopped at epoch 39
2026-09-12 18:33:44,776 [DEBUG] cybench.models.nn_models: Early stopped at epoch 49
2026-09-12 18:33:45,159 [DEBUG] cybench.models.nn_models: Early stopped at epoch 41
2026-09-12 18:33:45,492 [DEBUG] cybench.models.nn_models: Early stopped at epoch 39
2026-09-12 18:33:46,207 [DEBUG] cybench.models.nn_models: Early stopped at epoch 26
2026-09-12 18:33:46,725 [DEBUG] cybench.models.nn_models: Early stopped at epoch 50
2026-09-12 18:33:47,059 [DEBUG] cybench.models.nn_models: Early stopped at epoch 33
2026-09-12 18:33:47,487 [DEBUG] cybench.models.nn_models: Early stopped at epoch 45
2026-09-12 18:33:47,870 [DEBUG] cybench.models.nn_models: Early stopped at epoch 39
2026-09-12 18:33:48,302 [DEBUG] cybench.models.nn_models: Early stopped at epoch 41
2026-09-12 18:33:48,937 [DEBUG] cybench.models.nn_models: Early stopped at epoch 49
2026-09-12 18:33:49,358 [DEBUG] cybench.models.nn_models: Early stopped at epoch 42
2026-09-12 18:33:49,880 [DEBUG] cybench.models.nn_models: Early stopped at epoch 48
2026-09-12 18:33:50,137 [DEBUG] cybench.models.nn_models: Early stopped at epoch 29
2026-09-12 18:33:50,379 [DEBUG] cybench.models.nn_models: Early stopped at epoch 23
2026-09-12 18:33:50,886 [DEBUG] cybench.models.nn_models: Early stopped at epoch 49
2026-09-12 18:33:51,715 [DEBUG] cybench.models.nn_models: Early stopped at epoch 22
2026-09-12 18:34:08,260 [DEBUG] cybench.models.nn_models: Early stopped at epoch 50
2026-09-12 18:34:25,591 [DEBUG] cybench.models.nn_models: Early stopped at epoch 37
2026-09-12 18:34:42,960 [DEBUG] cybench.models.nn_models: Early stopped at epoch 44
2026-09-12 18:34:56,675 [DEBUG] cybench.models.nn_models: Early stopped at epoch 46
2026-09-12 18:34:59,792 [DEBUG] cybench.models.nn_models: Early stopped at epoch 44
2026-09-12 18:35:07,438 [DEBUG] cybench.models.nn_models: Early stopped at epoch 44
2026-09-12 18:35:16,430 [DEBUG] cybench.models.nn_models: Early stopped at epoch 43
2026-09-12 18:35:28,067 [DEBUG] cybench.models.nn_models: Early stopped at epoch 32
2026-09-12 18:35:28,546 [DEBUG] cybench.models.nn_models: Early stopped at epoch 48
2026-09-12 18:35:29,412 [DEBUG] cybench.models.nn_models: Early stopped at epoch 28
2026-09-12 18:35:29,841 [DEBUG] cybench.models.nn_models: Early stopped at epoch 46
2026-09-12 18:35:30,685 [DEBUG] cybench.models.nn_models: Early stopped at epoch 34
2026-09-12 18:35:31,996 [DEBUG] cybench.models.nn_models: Early stopped at epoch 30
2026-09-12 18:35:32,175 [DEBUG] cybench.models.nn_models: Early stopped at epoch 22
2026-09-12 18:35:32,897 [DEBUG] cybench.models.nn_models: Early stopped at epoch 31
2026-09-12 18:35:33,337 [DEBUG] cybench.models.nn_models: Early stopped at epoch 46
2026-09-12 18:35:34,062 [DEBUG] cybench.models.nn_models: Early stopped at epoch 26
2026-09-12 18:35:34,331 [DEBUG] cybench.models.nn_models: Early stopped at epoch 32
2026-09-12 18:35:34,782 [DEBUG] cybench.models.nn_models: Early stopped at epoch 47
2026-09-12 18:35:35,093 [DEBUG] cybench.models.nn_models: Early stopped at epoch 32
2026-09-12 18:35:35,686 [DEBUG] cybench.models.nn_models: Early stopped at epoch 23
2026-09-12 18:35:36,275 [DEBUG] cybench.models.nn_models: Early stopped at epoch 50
2026-09-12 18:35:36,508 [DEBUG] cybench.models.nn_models: Early stopped at epoch 31
2026-09-12 18:35:36,728 [DEBUG] cybench.models.nn_models: Early stopped at epoch 22
2026-09-12 18:35:37,010 [DEBUG] cybench.models.nn_models: Early stopped at epoch 28
2026-09-12 18:35:37,470 [DEBUG] cybench.models.nn_models: Early stopped at epoch 47
2026-09-12 18:35:37,793 [DEBUG] cybench.models.nn_models: Early stopped at epoch 40
2026-09-12 18:35:38,188 [DEBUG] cybench.models.nn_models: Early stopped at epoch 34
2026-09-12 18:35:38,524 [DEBUG] cybench.models.nn_models: Early stopped at epoch 33
2026-09-12 18:35:54,288 [DEBUG] cybench.models.nn_models: Early stopped at epoch 50
2026-09-12 18:36:23,321 [DEBUG] cybench.models.nn_models: Early stopped at epoch 50
2026-09-12 18:36:26,279 [DEBUG] cybench.models.nn_models: Early stopped at epoch 47
2026-09-12 18:36:29,719 [DEBUG] cybench.models.nn_models: Early stopped at epoch 46
2026-09-12 18:36:43,592 [DEBUG] cybench.models.nn_models: Early stopped at epoch 46
2026-09-12 18:36:49,086 [DEBUG] cybench.models.nn_models: Early stopped at epoch 43
2026-09-12 18:36:53,802 [DEBUG] cybench.models.nn_models: Early stopped at epoch 44
2026-09-12 18:37:02,619 [DEBUG] cybench.models.nn_models: Early stopped at epoch 50
2026-09-12 18:37:13,343 [DEBUG] cybench.models.nn_models: Early stopped at epoch 45
2026-09-12 18:37:13,774 [DEBUG] cybench.models.nn_models: Early stopped at epoch 49
2026-09-12 18:37:14,187 [DEBUG] cybench.models.nn_models: Early stopped at epoch 46
2026-09-12 18:37:14,658 [DEBUG] cybench.models.nn_models: Early stopped at epoch 50
2026-09-12 18:37:15,250 [DEBUG] cybench.models.nn_models: Early stopped at epoch 46
2026-09-12 18:37:15,640 [DEBUG] cybench.models.nn_models: Early stopped at epoch 45
2026-09-12 18:37:15,940 [DEBUG] cybench.models.nn_models: Early stopped at epoch 38
2026-09-12 18:37:16,317 [DEBUG] cybench.models.nn_models: Early stopped at epoch 43
2026-09-12 18:37:16,723 [DEBUG] cybench.models.nn_models: Early stopped at epoch 44
2026-09-12 18:37:17,576 [DEBUG] cybench.models.nn_models: Early stopped at epoch 30
2026-09-12 18:37:17,948 [DEBUG] cybench.models.nn_models: Early stopped at epoch 49
2026-09-12 18:37:18,217 [DEBUG] cybench.models.nn_models: Early stopped at epoch 32
2026-09-12 18:37:18,556 [DEBUG] cybench.models.nn_models: Early stopped at epoch 41
2026-09-12 18:37:18,931 [DEBUG] cybench.models.nn_models: Early stopped at epoch 50
2026-09-12 18:37:19,963 [DEBUG] cybench.models.nn_models: Early stopped at epoch 50
2026-09-12 18:37:20,458 [DEBUG] cybench.models.nn_models: Early stopped at epoch 50
2026-09-12 18:37:20,871 [DEBUG] cybench.models.nn_models: Early stopped at epoch 46
2026-09-12 18:37:21,217 [DEBUG] cybench.models.nn_models: Early stopped at epoch 42
2026-09-12 18:37:21,629 [DEBUG] cybench.models.nn_models: Early stopped at epoch 50
2026-09-12 18:37:22,001 [DEBUG] cybench.models.nn_models: Early stopped at epoch 41
2026-09-12 18:37:22,577 [DEBUG] cybench.models.nn_models: Early stopped at epoch 49
2026-09-12 18:37:22,888 [DEBUG] cybench.models.nn_models: Early stopped at epoch 43
2026-09-12 18:37:23,272 [DEBUG] cybench.models.nn_models: Early stopped at epoch 45
2026-09-12 18:37:24,067 [DEBUG] cybench.models.nn_models: Early stopped at epoch 44
2026-09-12 18:37:24,480 [DEBUG] cybench.models.nn_models: Early stopped at epoch 44
2026-09-12 18:37:24,975 [DEBUG] cybench.models.nn_models: Early stopped at epoch 41
2026-09-12 18:37:25,373 [DEBUG] cybench.models.nn_models: Early stopped at epoch 45
2026-09-12 18:37:56,416 [DEBUG] cybench.models.nn_models: Early stopped at epoch 38
2026-09-12 18:38:13,885 [DEBUG] cybench.models.nn_models: Early stopped at epoch 48
2026-09-12 18:38:27,824 [DEBUG] cybench.models.nn_models: Early stopped at epoch 47
2026-09-12 18:38:30,325 [DEBUG] cybench.models.nn_models: Early stopped at epoch 35
2026-09-12 18:38:37,623 [DEBUG] cybench.models.nn_models: Early stopped at epoch 44
