2026-09-12 14:37:04,547 [DEBUG] matplotlib: matplotlib data path: d:\Anaconda\envs\specllm\Lib\site-packages\matplotlib\mpl-data
2026-09-12 14:37:04,551 [DEBUG] matplotlib: CONFIGDIR=C:\Users\35454\.matplotlib
2026-09-12 14:37:04,570 [DEBUG] matplotlib: interactive is False
2026-09-12 14:37:04,570 [DEBUG] matplotlib: platform is win32
2026-09-12 14:37:04,588 [DEBUG] matplotlib: CACHEDIR=C:\Users\35454\.matplotlib
2026-09-12 14:37:04,590 [DEBUG] matplotlib.font_manager: Using fontManager instance from C:\Users\35454\.matplotlib\fontlist-v390.json
2026-09-12 14:37:05,129 [DEBUG] matplotlib.pyplot: Loaded backend module://matplotlib_inline.backend_inline version unknown.
2026-09-12 14:37:45,674 [DEBUG] cybench.models.nn_models: Early stopped at epoch 13
2026-09-12 14:37:46,885 [DEBUG] cybench.models.nn_models: Early stopped at epoch 38
2026-09-12 14:37:47,838 [DEBUG] cybench.models.nn_models: Early stopped at epoch 29
2026-09-12 14:37:48,288 [DEBUG] cybench.models.nn_models: Early stopped at epoch 13
2026-09-12 14:37:49,760 [DEBUG] cybench.models.nn_models: Early stopped at epoch 41
2026-09-12 14:37:50,313 [DEBUG] cybench.models.nn_models: Early stopped at epoch 15
2026-09-12 14:37:50,954 [DEBUG] cybench.models.nn_models: Early stopped at epoch 21
2026-09-12 14:37:51,606 [DEBUG] cybench.models.nn_models: Early stopped at epoch 21
2026-09-12 14:37:52,336 [DEBUG] cybench.models.nn_models: Early stopped at epoch 23
2026-09-12 14:37:54,594 [DEBUG] cybench.models.nn_models: Early stopped at epoch 16
2026-09-12 14:37:56,079 [DEBUG] cybench.models.nn_models: Early stopped at epoch 43
2026-09-12 14:37:57,712 [DEBUG] cybench.models.nn_models: Early stopped at epoch 43
2026-09-12 14:37:58,142 [DEBUG] cybench.models.nn_models: Early stopped at epoch 14
2026-09-12 14:37:59,292 [DEBUG] cybench.models.nn_models: Early stopped at epoch 40
2026-09-12 14:37:59,750 [DEBUG] cybench.models.nn_models: Early stopped at epoch 15
2026-09-12 14:38:00,159 [DEBUG] cybench.models.nn_models: Early stopped at epoch 14
2026-09-12 14:38:01,069 [DEBUG] cybench.models.nn_models: Early stopped at epoch 26
2026-09-12 14:38:03,673 [DEBUG] cybench.models.nn_models: Early stopped at epoch 20
2026-09-12 14:38:04,123 [DEBUG] cybench.models.nn_models: Early stopped at epoch 15
2026-09-12 14:38:06,212 [DEBUG] cybench.models.nn_models: Early stopped at epoch 19
2026-09-12 14:38:07,521 [DEBUG] cybench.models.nn_models: Early stopped at epoch 40
2026-09-12 14:38:08,720 [DEBUG] cybench.models.nn_models: Early stopped at epoch 36
2026-09-12 14:38:09,421 [DEBUG] cybench.models.nn_models: Early stopped at epoch 19
2026-09-12 14:38:10,723 [DEBUG] cybench.models.nn_models: Early stopped at epoch 35
2026-09-12 14:38:11,534 [DEBUG] cybench.models.nn_models: Early stopped at epoch 27
2026-09-12 14:38:12,194 [DEBUG] cybench.models.nn_models: Early stopped at epoch 23
2026-09-12 14:38:12,747 [DEBUG] cybench.models.nn_models: Early stopped at epoch 16
2026-09-12 14:38:13,678 [DEBUG] cybench.models.nn_models: Early stopped at epoch 28
2026-09-12 14:38:15,160 [DEBUG] cybench.models.nn_models: Early stopped at epoch 43
2026-09-12 14:38:15,786 [DEBUG] cybench.models.nn_models: Early stopped at epoch 16
2026-09-12 14:38:16,434 [DEBUG] cybench.models.nn_models: Early stopped at epoch 15
2026-09-12 14:38:17,137 [DEBUG] cybench.models.nn_models: Early stopped at epoch 23
2026-09-12 14:38:24,876 [DEBUG] cybench.models.nn_models: Early stopped at epoch 30
2026-09-12 14:38:29,582 [DEBUG] cybench.models.nn_models: Early stopped at epoch 23
2026-09-12 14:38:31,381 [DEBUG] cybench.models.nn_models: Early stopped at epoch 27
2026-09-12 14:38:32,294 [DEBUG] cybench.models.nn_models: Early stopped at epoch 13
2026-09-12 14:38:33,775 [DEBUG] cybench.models.nn_models: Early stopped at epoch 20
2026-09-12 14:38:35,154 [DEBUG] cybench.models.nn_models: Early stopped at epoch 24
2026-09-12 14:38:36,153 [DEBUG] cybench.models.nn_models: Early stopped at epoch 17
2026-09-12 14:38:36,983 [DEBUG] cybench.models.nn_models: Early stopped at epoch 14
2026-09-12 14:38:38,265 [DEBUG] cybench.models.nn_models: Early stopped at epoch 19
2026-09-12 14:38:39,927 [DEBUG] cybench.models.nn_models: Early stopped at epoch 26
2026-09-12 14:38:44,539 [DEBUG] cybench.models.nn_models: Early stopped at epoch 15
2026-09-12 14:38:46,242 [DEBUG] cybench.models.nn_models: Early stopped at epoch 30
2026-09-12 14:38:47,320 [DEBUG] cybench.models.nn_models: Early stopped at epoch 19
2026-09-12 14:38:48,203 [DEBUG] cybench.models.nn_models: Early stopped at epoch 15
2026-09-12 14:38:50,040 [DEBUG] cybench.models.nn_models: Early stopped at epoch 30
2026-09-12 14:38:51,032 [DEBUG] cybench.models.nn_models: Early stopped at epoch 14
2026-09-12 14:38:52,979 [DEBUG] cybench.models.nn_models: Early stopped at epoch 27
2026-09-12 14:38:56,090 [DEBUG] cybench.models.nn_models: Early stopped at epoch 40
2026-09-12 14:38:58,864 [DEBUG] cybench.models.nn_models: Early stopped at epoch 40
2026-09-12 14:38:59,980 [DEBUG] cybench.models.nn_models: Early stopped at epoch 18
2026-09-12 14:39:02,102 [DEBUG] cybench.models.nn_models: Early stopped at epoch 31
2026-09-12 14:39:03,168 [DEBUG] cybench.models.nn_models: Early stopped at epoch 15
2026-09-12 14:39:05,279 [DEBUG] cybench.models.nn_models: Early stopped at epoch 28
2026-09-12 14:39:07,973 [DEBUG] cybench.models.nn_models: Early stopped at epoch 35
2026-09-12 14:39:10,301 [DEBUG] cybench.models.nn_models: Early stopped at epoch 32
2026-09-12 14:39:14,318 [DEBUG] cybench.models.nn_models: Early stopped at epoch 24
2026-09-12 14:39:15,767 [DEBUG] cybench.models.nn_models: Early stopped at epoch 25
2026-09-12 14:39:20,020 [DEBUG] cybench.models.nn_models: Early stopped at epoch 19
2026-09-12 14:39:21,769 [DEBUG] cybench.models.nn_models: Early stopped at epoch 25
2026-09-12 14:39:24,058 [DEBUG] cybench.models.nn_models: Early stopped at epoch 31
2026-09-12 14:39:26,177 [DEBUG] cybench.models.nn_models: Early stopped at epoch 36
2026-09-12 14:40:04,961 [DEBUG] cybench.models.nn_models: Early stopped at epoch 17
2026-09-12 14:40:06,196 [DEBUG] cybench.models.nn_models: Early stopped at epoch 40
2026-09-12 14:40:07,509 [DEBUG] cybench.models.nn_models: Early stopped at epoch 38
2026-09-12 14:40:08,131 [DEBUG] cybench.models.nn_models: Early stopped at epoch 18
2026-09-12 14:40:08,922 [DEBUG] cybench.models.nn_models: Early stopped at epoch 21
2026-09-12 14:40:10,028 [DEBUG] cybench.models.nn_models: Early stopped at epoch 28
2026-09-12 14:40:10,445 [DEBUG] cybench.models.nn_models: Early stopped at epoch 14
2026-09-12 14:40:11,243 [DEBUG] cybench.models.nn_models: Early stopped at epoch 26
2026-09-12 14:40:11,997 [DEBUG] cybench.models.nn_models: Early stopped at epoch 23
2026-09-12 14:40:14,687 [DEBUG] cybench.models.nn_models: Early stopped at epoch 26
2026-09-12 14:40:19,138 [DEBUG] cybench.models.nn_models: Early stopped at epoch 23
2026-09-12 14:40:19,645 [DEBUG] cybench.models.nn_models: Early stopped at epoch 16
2026-09-12 14:40:20,114 [DEBUG] cybench.models.nn_models: Early stopped at epoch 15
2026-09-12 14:40:20,533 [DEBUG] cybench.models.nn_models: Early stopped at epoch 14
2026-09-12 14:40:21,192 [DEBUG] cybench.models.nn_models: Early stopped at epoch 20
2026-09-12 14:40:24,285 [DEBUG] cybench.models.nn_models: Early stopped at epoch 34
2026-09-12 14:40:24,769 [DEBUG] cybench.models.nn_models: Early stopped at epoch 16
2026-09-12 14:40:25,726 [DEBUG] cybench.models.nn_models: Early stopped at epoch 33
2026-09-12 14:40:26,319 [DEBUG] cybench.models.nn_models: Early stopped at epoch 19
2026-09-12 14:40:27,079 [DEBUG] cybench.models.nn_models: Early stopped at epoch 25
2026-09-12 14:40:30,046 [DEBUG] cybench.models.nn_models: Early stopped at epoch 35
2026-09-12 14:40:31,620 [DEBUG] cybench.models.nn_models: Early stopped at epoch 41
2026-09-12 14:40:32,067 [DEBUG] cybench.models.nn_models: Early stopped at epoch 14
2026-09-12 14:40:32,628 [DEBUG] cybench.models.nn_models: Early stopped at epoch 19
2026-09-12 14:40:35,734 [DEBUG] cybench.models.nn_models: Early stopped at epoch 47
2026-09-12 14:40:36,874 [DEBUG] cybench.models.nn_models: Early stopped at epoch 33
2026-09-12 14:40:38,536 [DEBUG] cybench.models.nn_models: Early stopped at epoch 48
2026-09-12 14:40:39,105 [DEBUG] cybench.models.nn_models: Early stopped at epoch 15
2026-09-12 14:40:39,713 [DEBUG] cybench.models.nn_models: Early stopped at epoch 19
2026-09-12 14:40:46,399 [DEBUG] cybench.models.nn_models: Early stopped at epoch 24
2026-09-12 14:40:48,756 [DEBUG] cybench.models.nn_models: Early stopped at epoch 39
2026-09-12 14:40:53,086 [DEBUG] cybench.models.nn_models: Early stopped at epoch 16
2026-09-12 14:40:54,119 [DEBUG] cybench.models.nn_models: Early stopped at epoch 14
2026-09-12 14:40:55,956 [DEBUG] cybench.models.nn_models: Early stopped at epoch 25
2026-09-12 14:40:57,845 [DEBUG] cybench.models.nn_models: Early stopped at epoch 34
2026-09-12 14:40:58,816 [DEBUG] cybench.models.nn_models: Early stopped at epoch 18
2026-09-12 14:40:59,662 [DEBUG] cybench.models.nn_models: Early stopped at epoch 14
2026-09-12 14:41:00,993 [DEBUG] cybench.models.nn_models: Early stopped at epoch 19
2026-09-12 14:41:02,547 [DEBUG] cybench.models.nn_models: Early stopped at epoch 24
2026-09-12 14:41:03,620 [DEBUG] cybench.models.nn_models: Early stopped at epoch 15
2026-09-12 14:41:05,467 [DEBUG] cybench.models.nn_models: Early stopped at epoch 23
2026-09-12 14:41:06,743 [DEBUG] cybench.models.nn_models: Early stopped at epoch 23
2026-09-12 14:41:07,678 [DEBUG] cybench.models.nn_models: Early stopped at epoch 18
2026-09-12 14:41:08,572 [DEBUG] cybench.models.nn_models: Early stopped at epoch 14
2026-09-12 14:41:09,775 [DEBUG] cybench.models.nn_models: Early stopped at epoch 21
2026-09-12 14:41:11,093 [DEBUG] cybench.models.nn_models: Early stopped at epoch 21
2026-09-12 14:41:12,124 [DEBUG] cybench.models.nn_models: Early stopped at epoch 15
2026-09-12 14:41:14,658 [DEBUG] cybench.models.nn_models: Early stopped at epoch 36
2026-09-12 14:41:15,736 [DEBUG] cybench.models.nn_models: Early stopped at epoch 20
2026-09-12 14:41:17,189 [DEBUG] cybench.models.nn_models: Early stopped at epoch 25
2026-09-12 14:41:18,576 [DEBUG] cybench.models.nn_models: Early stopped at epoch 24
2026-09-12 14:41:20,030 [DEBUG] cybench.models.nn_models: Early stopped at epoch 24
2026-09-12 14:41:22,363 [DEBUG] cybench.models.nn_models: Early stopped at epoch 37
2026-09-12 14:41:25,637 [DEBUG] cybench.models.nn_models: Early stopped at epoch 47
2026-09-12 14:41:27,108 [DEBUG] cybench.models.nn_models: Early stopped at epoch 19
2026-09-12 14:41:28,948 [DEBUG] cybench.models.nn_models: Early stopped at epoch 34
2026-09-12 14:41:30,075 [DEBUG] cybench.models.nn_models: Early stopped at epoch 20
2026-09-12 14:41:31,582 [DEBUG] cybench.models.nn_models: Early stopped at epoch 25
2026-09-12 14:41:36,024 [DEBUG] cybench.models.nn_models: Early stopped at epoch 23
2026-09-12 14:41:37,623 [DEBUG] cybench.models.nn_models: Early stopped at epoch 23
2026-09-12 14:41:40,883 [DEBUG] cybench.models.nn_models: Early stopped at epoch 46
2026-09-12 14:41:42,900 [DEBUG] cybench.models.nn_models: Early stopped at epoch 36
2026-09-12 14:42:26,812 [DEBUG] cybench.models.nn_models: Early stopped at epoch 29
2026-09-12 14:42:27,607 [DEBUG] cybench.models.nn_models: Early stopped at epoch 21
2026-09-12 14:42:28,861 [DEBUG] cybench.models.nn_models: Early stopped at epoch 29
2026-09-12 14:42:29,597 [DEBUG] cybench.models.nn_models: Early stopped at epoch 17
2026-09-12 14:42:30,490 [DEBUG] cybench.models.nn_models: Early stopped at epoch 17
2026-09-12 14:42:31,228 [DEBUG] cybench.models.nn_models: Early stopped at epoch 15
2026-09-12 14:42:32,570 [DEBUG] cybench.models.nn_models: Early stopped at epoch 37
2026-09-12 14:42:33,003 [DEBUG] cybench.models.nn_models: Early stopped at epoch 14
2026-09-12 14:42:33,695 [DEBUG] cybench.models.nn_models: Early stopped at epoch 15
2026-09-12 14:42:35,191 [DEBUG] cybench.models.nn_models: Early stopped at epoch 34
2026-09-12 14:42:36,915 [DEBUG] cybench.models.nn_models: Early stopped at epoch 42
2026-09-12 14:42:39,159 [DEBUG] cybench.models.nn_models: Early stopped at epoch 48
2026-09-12 14:42:40,494 [DEBUG] cybench.models.nn_models: Early stopped at epoch 29
2026-09-12 14:42:41,138 [DEBUG] cybench.models.nn_models: Early stopped at epoch 21
2026-09-12 14:42:41,710 [DEBUG] cybench.models.nn_models: Early stopped at epoch 18
2026-09-12 14:42:42,377 [DEBUG] cybench.models.nn_models: Early stopped at epoch 19
2026-09-12 14:42:43,002 [DEBUG] cybench.models.nn_models: Early stopped at epoch 19
2026-09-12 14:42:43,711 [DEBUG] cybench.models.nn_models: Early stopped at epoch 20
2026-09-12 14:42:46,699 [DEBUG] cybench.models.nn_models: Early stopped at epoch 28
2026-09-12 14:42:47,251 [DEBUG] cybench.models.nn_models: Early stopped at epoch 18
2026-09-12 14:42:48,616 [DEBUG] cybench.models.nn_models: Early stopped at epoch 45
2026-09-12 14:42:49,226 [DEBUG] cybench.models.nn_models: Early stopped at epoch 19
2026-09-12 14:42:49,869 [DEBUG] cybench.models.nn_models: Early stopped at epoch 21
2026-09-12 14:42:52,794 [DEBUG] cybench.models.nn_models: Early stopped at epoch 30
2026-09-12 14:42:55,427 [DEBUG] cybench.models.nn_models: Early stopped at epoch 19
2026-09-12 14:42:56,130 [DEBUG] cybench.models.nn_models: Early stopped at epoch 23
2026-09-12 14:42:57,123 [DEBUG] cybench.models.nn_models: Early stopped at epoch 30
2026-09-12 14:42:57,840 [DEBUG] cybench.models.nn_models: Early stopped at epoch 22
2026-09-12 14:42:58,974 [DEBUG] cybench.models.nn_models: Early stopped at epoch 32
2026-09-12 14:43:00,241 [DEBUG] cybench.models.nn_models: Early stopped at epoch 34
2026-09-12 14:43:00,787 [DEBUG] cybench.models.nn_models: Early stopped at epoch 14
2026-09-12 14:43:08,816 [DEBUG] cybench.models.nn_models: Early stopped at epoch 22
2026-09-12 14:43:13,705 [DEBUG] cybench.models.nn_models: Early stopped at epoch 30
2026-09-12 14:43:15,480 [DEBUG] cybench.models.nn_models: Early stopped at epoch 26
2026-09-12 14:43:16,486 [DEBUG] cybench.models.nn_models: Early stopped at epoch 14
2026-09-12 14:43:17,942 [DEBUG] cybench.models.nn_models: Early stopped at epoch 20
2026-09-12 14:43:19,603 [DEBUG] cybench.models.nn_models: Early stopped at epoch 32
2026-09-12 14:43:20,510 [DEBUG] cybench.models.nn_models: Early stopped at epoch 17
2026-09-12 14:43:21,293 [DEBUG] cybench.models.nn_models: Early stopped at epoch 14
2026-09-12 14:43:22,279 [DEBUG] cybench.models.nn_models: Early stopped at epoch 17
2026-09-12 14:43:23,729 [DEBUG] cybench.models.nn_models: Early stopped at epoch 20
2026-09-12 14:43:27,074 [DEBUG] cybench.models.nn_models: Early stopped at epoch 49
2026-09-12 14:43:28,163 [DEBUG] cybench.models.nn_models: Early stopped at epoch 15
2026-09-12 14:43:29,484 [DEBUG] cybench.models.nn_models: Early stopped at epoch 25
2026-09-12 14:43:30,710 [DEBUG] cybench.models.nn_models: Early stopped at epoch 22
2026-09-12 14:43:32,297 [DEBUG] cybench.models.nn_models: Early stopped at epoch 25
2026-09-12 14:43:33,691 [DEBUG] cybench.models.nn_models: Early stopped at epoch 22
2026-09-12 14:43:35,121 [DEBUG] cybench.models.nn_models: Early stopped at epoch 21
2026-09-12 14:43:36,458 [DEBUG] cybench.models.nn_models: Early stopped at epoch 15
2026-09-12 14:43:39,563 [DEBUG] cybench.models.nn_models: Early stopped at epoch 39
2026-09-12 14:43:41,023 [DEBUG] cybench.models.nn_models: Early stopped at epoch 25
2026-09-12 14:43:42,004 [DEBUG] cybench.models.nn_models: Early stopped at epoch 17
2026-09-12 14:43:43,644 [DEBUG] cybench.models.nn_models: Early stopped at epoch 27
2026-09-12 14:43:44,700 [DEBUG] cybench.models.nn_models: Early stopped at epoch 17
2026-09-12 14:43:46,523 [DEBUG] cybench.models.nn_models: Early stopped at epoch 28
2026-09-12 14:43:51,732 [DEBUG] cybench.models.nn_models: Early stopped at epoch 25
2026-09-12 14:43:54,117 [DEBUG] cybench.models.nn_models: Early stopped at epoch 43
2026-09-12 14:43:55,155 [DEBUG] cybench.models.nn_models: Early stopped at epoch 18
2026-09-12 14:43:56,547 [DEBUG] cybench.models.nn_models: Early stopped at epoch 24
2026-09-12 14:43:57,874 [DEBUG] cybench.models.nn_models: Early stopped at epoch 23
2026-09-12 14:43:59,027 [DEBUG] cybench.models.nn_models: Early stopped at epoch 18
2026-09-12 14:44:00,643 [DEBUG] cybench.models.nn_models: Early stopped at epoch 23
2026-09-12 14:44:02,126 [DEBUG] cybench.models.nn_models: Early stopped at epoch 20
2026-09-12 14:44:04,541 [DEBUG] cybench.models.nn_models: Early stopped at epoch 44
2026-09-12 14:44:22,973 [DEBUG] cybench.models.nn_models: Early stopped at epoch 23
2026-09-12 14:44:23,542 [DEBUG] cybench.models.nn_models: Early stopped at epoch 43
2026-09-12 14:44:24,102 [DEBUG] cybench.models.nn_models: Early stopped at epoch 46
2026-09-12 14:44:24,218 [DEBUG] cybench.models.nn_models: Early stopped at epoch 12
2026-09-12 14:44:26,985 [DEBUG] cybench.models.nn_models: Early stopped at epoch 32
2026-09-12 14:44:27,275 [DEBUG] cybench.models.nn_models: Early stopped at epoch 20
2026-09-12 14:44:28,595 [DEBUG] cybench.models.nn_models: Early stopped at epoch 26
2026-09-12 14:44:28,956 [DEBUG] cybench.models.nn_models: Early stopped at epoch 30
2026-09-12 14:44:30,473 [DEBUG] cybench.models.nn_models: Early stopped at epoch 21
2026-09-12 14:44:32,157 [DEBUG] cybench.models.nn_models: Early stopped at epoch 21
2026-09-12 14:44:34,826 [DEBUG] cybench.models.nn_models: Early stopped at epoch 47
2026-09-12 14:44:35,080 [DEBUG] cybench.models.nn_models: Early stopped at epoch 22
2026-09-12 14:44:36,106 [DEBUG] cybench.models.nn_models: Early stopped at epoch 39
2026-09-12 14:44:36,505 [DEBUG] cybench.models.nn_models: Early stopped at epoch 36
2026-09-12 14:44:36,687 [DEBUG] cybench.models.nn_models: Early stopped at epoch 12
2026-09-12 14:44:39,577 [DEBUG] cybench.models.nn_models: Early stopped at epoch 37
2026-09-12 14:44:40,006 [DEBUG] cybench.models.nn_models: Early stopped at epoch 20
2026-09-12 14:44:40,447 [DEBUG] cybench.models.nn_models: Early stopped at epoch 21
2026-09-12 14:44:41,065 [DEBUG] cybench.models.nn_models: Early stopped at epoch 28
2026-09-12 14:44:41,647 [DEBUG] cybench.models.nn_models: Early stopped at epoch 28
2026-09-12 14:44:42,083 [DEBUG] cybench.models.nn_models: Early stopped at epoch 20
2026-09-12 14:44:42,491 [DEBUG] cybench.models.nn_models: Early stopped at epoch 24
2026-09-12 14:44:43,786 [DEBUG] cybench.models.nn_models: Early stopped at epoch 20
2026-09-12 14:44:44,139 [DEBUG] cybench.models.nn_models: Early stopped at epoch 17
2026-09-12 14:44:44,593 [DEBUG] cybench.models.nn_models: Early stopped at epoch 21
2026-09-12 14:44:45,623 [DEBUG] cybench.models.nn_models: Early stopped at epoch 48
2026-09-12 14:44:46,273 [DEBUG] cybench.models.nn_models: Early stopped at epoch 23
2026-09-12 14:44:46,589 [DEBUG] cybench.models.nn_models: Early stopped at epoch 19
2026-09-12 14:44:47,103 [DEBUG] cybench.models.nn_models: Early stopped at epoch 30
2026-09-12 14:44:47,699 [DEBUG] cybench.models.nn_models: Early stopped at epoch 28
2026-09-12 14:44:48,516 [DEBUG] cybench.models.nn_models: Early stopped at epoch 38
2026-09-12 14:44:49,095 [DEBUG] cybench.models.nn_models: Early stopped at epoch 26
2026-09-12 14:44:49,576 [DEBUG] cybench.models.nn_models: Early stopped at epoch 21
2026-09-12 14:44:50,071 [DEBUG] cybench.models.nn_models: Early stopped at epoch 22
2026-09-12 14:44:51,566 [DEBUG] cybench.models.nn_models: Early stopped at epoch 31
2026-09-12 14:44:52,219 [DEBUG] cybench.models.nn_models: Early stopped at epoch 29
2026-09-12 14:44:52,657 [DEBUG] cybench.models.nn_models: Early stopped at epoch 19
2026-09-12 14:44:53,101 [DEBUG] cybench.models.nn_models: Early stopped at epoch 19
2026-09-12 14:44:54,984 [DEBUG] cybench.models.nn_models: Early stopped at epoch 30
2026-09-12 14:44:55,299 [DEBUG] cybench.models.nn_models: Early stopped at epoch 17
2026-09-12 14:44:55,680 [DEBUG] cybench.models.nn_models: Early stopped at epoch 23
2026-09-12 14:44:58,340 [DEBUG] cybench.models.nn_models: Early stopped at epoch 24
2026-09-12 14:44:59,167 [DEBUG] cybench.models.nn_models: Early stopped at epoch 40
2026-09-12 14:45:16,025 [DEBUG] cybench.models.nn_models: Early stopped at epoch 47
2026-09-12 14:45:16,467 [DEBUG] cybench.models.nn_models: Early stopped at epoch 38
2026-09-12 14:45:17,312 [DEBUG] cybench.models.nn_models: Early stopped at epoch 23
2026-09-12 14:45:17,804 [DEBUG] cybench.models.nn_models: Early stopped at epoch 43
2026-09-12 14:45:18,518 [DEBUG] cybench.models.nn_models: Early stopped at epoch 12
2026-09-12 14:45:18,939 [DEBUG] cybench.models.nn_models: Early stopped at epoch 42
2026-09-12 14:45:19,191 [DEBUG] cybench.models.nn_models: Early stopped at epoch 22
2026-09-12 14:45:20,964 [DEBUG] cybench.models.nn_models: Early stopped at epoch 50
2026-09-12 14:45:21,260 [DEBUG] cybench.models.nn_models: Early stopped at epoch 22
2026-09-12 14:45:21,731 [DEBUG] cybench.models.nn_models: Early stopped at epoch 50
2026-09-12 14:45:22,510 [DEBUG] cybench.models.nn_models: Early stopped at epoch 22
2026-09-12 14:45:24,514 [DEBUG] cybench.models.nn_models: Early stopped at epoch 21
2026-09-12 14:45:26,306 [DEBUG] cybench.models.nn_models: Early stopped at epoch 27
2026-09-12 14:45:28,497 [DEBUG] cybench.models.nn_models: Early stopped at epoch 19
2026-09-12 14:45:28,788 [DEBUG] cybench.models.nn_models: Early stopped at epoch 31
2026-09-12 14:45:29,137 [DEBUG] cybench.models.nn_models: Early stopped at epoch 27
2026-09-12 14:45:29,392 [DEBUG] cybench.models.nn_models: Early stopped at epoch 23
2026-09-12 14:45:29,624 [DEBUG] cybench.models.nn_models: Early stopped at epoch 21
2026-09-12 14:45:30,381 [DEBUG] cybench.models.nn_models: Early stopped at epoch 12
2026-09-12 14:45:33,252 [DEBUG] cybench.models.nn_models: Early stopped at epoch 40
2026-09-12 14:45:33,755 [DEBUG] cybench.models.nn_models: Early stopped at epoch 22
2026-09-12 14:45:34,213 [DEBUG] cybench.models.nn_models: Early stopped at epoch 19
2026-09-12 14:45:34,799 [DEBUG] cybench.models.nn_models: Early stopped at epoch 29
2026-09-12 14:45:35,611 [DEBUG] cybench.models.nn_models: Early stopped at epoch 34
2026-09-12 14:45:36,023 [DEBUG] cybench.models.nn_models: Early stopped at epoch 21
2026-09-12 14:45:36,431 [DEBUG] cybench.models.nn_models: Early stopped at epoch 22
2026-09-12 14:45:37,712 [DEBUG] cybench.models.nn_models: Early stopped at epoch 20
2026-09-12 14:45:38,067 [DEBUG] cybench.models.nn_models: Early stopped at epoch 17
2026-09-12 14:45:38,521 [DEBUG] cybench.models.nn_models: Early stopped at epoch 21
2026-09-12 14:45:39,460 [DEBUG] cybench.models.nn_models: Early stopped at epoch 45
2026-09-12 14:45:39,928 [DEBUG] cybench.models.nn_models: Early stopped at epoch 19
2026-09-12 14:45:40,286 [DEBUG] cybench.models.nn_models: Early stopped at epoch 20
2026-09-12 14:45:40,809 [DEBUG] cybench.models.nn_models: Early stopped at epoch 30
2026-09-12 14:45:41,334 [DEBUG] cybench.models.nn_models: Early stopped at epoch 28
2026-09-12 14:45:42,153 [DEBUG] cybench.models.nn_models: Early stopped at epoch 38
2026-09-12 14:45:42,699 [DEBUG] cybench.models.nn_models: Early stopped at epoch 26
2026-09-12 14:45:43,099 [DEBUG] cybench.models.nn_models: Early stopped at epoch 21
2026-09-12 14:45:43,557 [DEBUG] cybench.models.nn_models: Early stopped at epoch 22
2026-09-12 14:45:43,956 [DEBUG] cybench.models.nn_models: Early stopped at epoch 23
2026-09-12 14:45:44,388 [DEBUG] cybench.models.nn_models: Early stopped at epoch 29
2026-09-12 14:45:44,855 [DEBUG] cybench.models.nn_models: Early stopped at epoch 24
2026-09-12 14:45:45,269 [DEBUG] cybench.models.nn_models: Early stopped at epoch 20
2026-09-12 14:45:45,707 [DEBUG] cybench.models.nn_models: Early stopped at epoch 20
2026-09-12 14:45:47,556 [DEBUG] cybench.models.nn_models: Early stopped at epoch 34
2026-09-12 14:45:47,809 [DEBUG] cybench.models.nn_models: Early stopped at epoch 16
2026-09-12 14:45:48,320 [DEBUG] cybench.models.nn_models: Early stopped at epoch 30
2026-09-12 14:45:48,687 [DEBUG] cybench.models.nn_models: Early stopped at epoch 18
2026-09-12 14:45:49,806 [DEBUG] cybench.models.nn_models: Early stopped at epoch 50
2026-09-12 14:45:50,412 [DEBUG] cybench.models.nn_models: Early stopped at epoch 24
2026-09-12 14:46:09,918 [DEBUG] cybench.models.nn_models: Early stopped at epoch 23
2026-09-12 14:46:10,372 [DEBUG] cybench.models.nn_models: Early stopped at epoch 43
2026-09-12 14:46:11,073 [DEBUG] cybench.models.nn_models: Early stopped at epoch 12
2026-09-12 14:46:13,620 [DEBUG] cybench.models.nn_models: Early stopped at epoch 31
2026-09-12 14:46:13,815 [DEBUG] cybench.models.nn_models: Early stopped at epoch 15
2026-09-12 14:46:14,162 [DEBUG] cybench.models.nn_models: Early stopped at epoch 41
2026-09-12 14:46:14,918 [DEBUG] cybench.models.nn_models: Early stopped at epoch 26
2026-09-12 14:46:16,909 [DEBUG] cybench.models.nn_models: Early stopped at epoch 21
2026-09-12 14:46:18,610 [DEBUG] cybench.models.nn_models: Early stopped at epoch 20
2026-09-12 14:46:20,816 [DEBUG] cybench.models.nn_models: Early stopped at epoch 41
2026-09-12 14:46:22,384 [DEBUG] cybench.models.nn_models: Early stopped at epoch 50
2026-09-12 14:46:22,830 [DEBUG] cybench.models.nn_models: Early stopped at epoch 38
2026-09-12 14:46:23,582 [DEBUG] cybench.models.nn_models: Early stopped at epoch 12
2026-09-12 14:46:26,235 [DEBUG] cybench.models.nn_models: Early stopped at epoch 40
2026-09-12 14:46:26,742 [DEBUG] cybench.models.nn_models: Early stopped at epoch 22
2026-09-12 14:46:27,139 [DEBUG] cybench.models.nn_models: Early stopped at epoch 20
2026-09-12 14:46:27,949 [DEBUG] cybench.models.nn_models: Early stopped at epoch 37
2026-09-12 14:46:28,423 [DEBUG] cybench.models.nn_models: Early stopped at epoch 21
2026-09-12 14:46:28,800 [DEBUG] cybench.models.nn_models: Early stopped at epoch 18
2026-09-12 14:46:29,192 [DEBUG] cybench.models.nn_models: Early stopped at epoch 24
2026-09-12 14:46:30,529 [DEBUG] cybench.models.nn_models: Early stopped at epoch 20
2026-09-12 14:46:30,874 [DEBUG] cybench.models.nn_models: Early stopped at epoch 17
2026-09-12 14:46:31,318 [DEBUG] cybench.models.nn_models: Early stopped at epoch 21
2026-09-12 14:46:31,964 [DEBUG] cybench.models.nn_models: Early stopped at epoch 30
2026-09-12 14:46:32,632 [DEBUG] cybench.models.nn_models: Early stopped at epoch 27
2026-09-12 14:46:33,057 [DEBUG] cybench.models.nn_models: Early stopped at epoch 26
2026-09-12 14:46:33,625 [DEBUG] cybench.models.nn_models: Early stopped at epoch 30
2026-09-12 14:46:34,138 [DEBUG] cybench.models.nn_models: Early stopped at epoch 28
2026-09-12 14:46:34,959 [DEBUG] cybench.models.nn_models: Early stopped at epoch 38
2026-09-12 14:46:35,564 [DEBUG] cybench.models.nn_models: Early stopped at epoch 26
2026-09-12 14:46:35,968 [DEBUG] cybench.models.nn_models: Early stopped at epoch 21
2026-09-12 14:46:36,444 [DEBUG] cybench.models.nn_models: Early stopped at epoch 22
2026-09-12 14:46:37,722 [DEBUG] cybench.models.nn_models: Early stopped at epoch 31
2026-09-12 14:46:38,225 [DEBUG] cybench.models.nn_models: Early stopped at epoch 25
2026-09-12 14:46:38,636 [DEBUG] cybench.models.nn_models: Early stopped at epoch 19
2026-09-12 14:46:39,026 [DEBUG] cybench.models.nn_models: Early stopped at epoch 19
2026-09-12 14:46:41,594 [DEBUG] cybench.models.nn_models: Early stopped at epoch 19
2026-09-12 14:46:42,043 [DEBUG] cybench.models.nn_models: Early stopped at epoch 26
2026-09-12 14:46:44,629 [DEBUG] cybench.models.nn_models: Early stopped at epoch 24
2026-09-12 14:46:56,001 [DEBUG] cybench.models.nn_models: Early stopped at epoch 14
2026-09-12 14:46:56,686 [DEBUG] cybench.models.nn_models: Early stopped at epoch 48
2026-09-12 14:46:56,892 [DEBUG] cybench.models.nn_models: Early stopped at epoch 30
2026-09-12 14:46:57,145 [DEBUG] cybench.models.nn_models: Early stopped at epoch 35
2026-09-12 14:46:57,422 [DEBUG] cybench.models.nn_models: Early stopped at epoch 36
2026-09-12 14:46:57,925 [DEBUG] cybench.models.nn_models: Early stopped at epoch 24
2026-09-12 14:46:58,039 [DEBUG] cybench.models.nn_models: Early stopped at epoch 18
2026-09-12 14:46:59,787 [DEBUG] cybench.models.nn_models: Early stopped at epoch 14
2026-09-12 14:47:00,280 [DEBUG] cybench.models.nn_models: Early stopped at epoch 30
2026-09-12 14:47:00,562 [DEBUG] cybench.models.nn_models: Early stopped at epoch 24
2026-09-12 14:47:02,651 [DEBUG] cybench.models.nn_models: Early stopped at epoch 26
2026-09-12 14:47:02,966 [DEBUG] cybench.models.nn_models: Early stopped at epoch 27
2026-09-12 14:47:03,246 [DEBUG] cybench.models.nn_models: Early stopped at epoch 22
2026-09-12 14:47:10,789 [DEBUG] cybench.models.nn_models: Early stopped at epoch 15
2026-09-12 14:47:12,064 [DEBUG] cybench.models.nn_models: Early stopped at epoch 37
2026-09-12 14:47:12,910 [DEBUG] cybench.models.nn_models: Early stopped at epoch 24
2026-09-12 14:47:13,087 [DEBUG] cybench.models.nn_models: Early stopped at epoch 24
2026-09-12 14:47:14,916 [DEBUG] cybench.models.nn_models: Early stopped at epoch 14
2026-09-12 14:47:15,283 [DEBUG] cybench.models.nn_models: Early stopped at epoch 30
2026-09-12 14:47:15,582 [DEBUG] cybench.models.nn_models: Early stopped at epoch 24
2026-09-12 14:47:17,715 [DEBUG] cybench.models.nn_models: Early stopped at epoch 26
2026-09-12 14:47:18,029 [DEBUG] cybench.models.nn_models: Early stopped at epoch 27
2026-09-12 14:47:18,343 [DEBUG] cybench.models.nn_models: Early stopped at epoch 22
2026-09-12 14:47:25,964 [DEBUG] cybench.models.nn_models: Early stopped at epoch 14
2026-09-12 14:47:26,551 [DEBUG] cybench.models.nn_models: Early stopped at epoch 35
2026-09-12 14:47:26,765 [DEBUG] cybench.models.nn_models: Early stopped at epoch 30
2026-09-12 14:47:26,993 [DEBUG] cybench.models.nn_models: Early stopped at epoch 34
2026-09-12 14:47:27,242 [DEBUG] cybench.models.nn_models: Early stopped at epoch 36
2026-09-12 14:47:27,750 [DEBUG] cybench.models.nn_models: Early stopped at epoch 26
2026-09-12 14:47:27,926 [DEBUG] cybench.models.nn_models: Early stopped at epoch 25
2026-09-12 14:47:29,741 [DEBUG] cybench.models.nn_models: Early stopped at epoch 14
2026-09-12 14:47:30,062 [DEBUG] cybench.models.nn_models: Early stopped at epoch 29
2026-09-12 14:47:30,301 [DEBUG] cybench.models.nn_models: Early stopped at epoch 20
2026-09-12 14:47:32,465 [DEBUG] cybench.models.nn_models: Early stopped at epoch 26
2026-09-12 14:47:32,809 [DEBUG] cybench.models.nn_models: Early stopped at epoch 27
2026-09-12 14:47:33,096 [DEBUG] cybench.models.nn_models: Early stopped at epoch 22
2026-09-12 14:47:41,206 [DEBUG] cybench.models.nn_models: Early stopped at epoch 12
2026-09-12 14:47:41,811 [DEBUG] cybench.models.nn_models: Early stopped at epoch 41
2026-09-12 14:47:41,980 [DEBUG] cybench.models.nn_models: Early stopped at epoch 24
2026-09-12 14:47:43,271 [DEBUG] cybench.models.nn_models: Early stopped at epoch 25
2026-09-12 14:47:43,916 [DEBUG] cybench.models.nn_models: Early stopped at epoch 46
2026-09-12 14:47:44,218 [DEBUG] cybench.models.nn_models: Early stopped at epoch 30
2026-09-12 14:47:45,117 [DEBUG] cybench.models.nn_models: Early stopped at epoch 34
2026-09-12 14:47:45,386 [DEBUG] cybench.models.nn_models: Early stopped at epoch 38
2026-09-12 14:47:46,385 [DEBUG] cybench.models.nn_models: Early stopped at epoch 29
2026-09-12 14:47:46,979 [DEBUG] cybench.models.nn_models: Early stopped at epoch 37
2026-09-12 14:47:47,482 [DEBUG] cybench.models.nn_models: Early stopped at epoch 26
2026-09-12 14:47:48,064 [DEBUG] cybench.models.nn_models: Early stopped at epoch 20
2026-09-12 14:47:48,226 [DEBUG] cybench.models.nn_models: Early stopped at epoch 21
2026-09-12 14:47:48,702 [DEBUG] cybench.models.nn_models: Early stopped at epoch 23
2026-09-12 14:47:49,355 [DEBUG] cybench.models.nn_models: Early stopped at epoch 35
2026-09-12 14:47:49,440 [DEBUG] cybench.models.nn_models: Early stopped at epoch 12
2026-09-12 14:47:50,798 [DEBUG] cybench.models.nn_models: Early stopped at epoch 36
2026-09-12 14:47:51,761 [DEBUG] cybench.models.nn_models: Early stopped at epoch 31
2026-09-12 14:47:53,529 [DEBUG] cybench.models.nn_models: Early stopped at epoch 29
2026-09-12 14:47:53,944 [DEBUG] cybench.models.nn_models: Early stopped at epoch 34
2026-09-12 14:47:54,445 [DEBUG] cybench.models.nn_models: Early stopped at epoch 40
2026-09-12 14:47:54,977 [DEBUG] cybench.models.nn_models: Early stopped at epoch 44
2026-09-12 14:47:56,147 [DEBUG] cybench.models.nn_models: Early stopped at epoch 36
2026-09-12 14:47:57,326 [DEBUG] cybench.models.nn_models: Early stopped at epoch 50
2026-09-12 14:47:57,727 [DEBUG] cybench.models.nn_models: Early stopped at epoch 36
2026-09-12 14:47:58,235 [DEBUG] cybench.models.nn_models: Early stopped at epoch 44
2026-09-12 14:47:59,291 [DEBUG] cybench.models.nn_models: Early stopped at epoch 27
2026-09-12 14:47:59,831 [DEBUG] cybench.models.nn_models: Early stopped at epoch 44
2026-09-12 14:48:00,658 [DEBUG] cybench.models.nn_models: Early stopped at epoch 21
2026-09-12 14:48:01,052 [DEBUG] cybench.models.nn_models: Early stopped at epoch 33
2026-09-12 14:48:01,252 [DEBUG] cybench.models.nn_models: Early stopped at epoch 18
2026-09-12 14:48:02,480 [DEBUG] cybench.models.nn_models: Early stopped at epoch 34
2026-09-12 14:48:02,791 [DEBUG] cybench.models.nn_models: Early stopped at epoch 27
2026-09-12 14:48:03,887 [DEBUG] cybench.models.nn_models: Early stopped at epoch 48
2026-09-12 14:48:04,787 [DEBUG] cybench.models.nn_models: Early stopped at epoch 22
2026-09-12 14:48:05,035 [DEBUG] cybench.models.nn_models: Early stopped at epoch 22
2026-09-12 14:48:12,967 [DEBUG] cybench.models.nn_models: Early stopped at epoch 12
2026-09-12 14:48:13,220 [DEBUG] cybench.models.nn_models: Early stopped at epoch 38
2026-09-12 14:48:13,415 [DEBUG] cybench.models.nn_models: Early stopped at epoch 29
2026-09-12 14:48:13,573 [DEBUG] cybench.models.nn_models: Early stopped at epoch 24
2026-09-12 14:48:14,659 [DEBUG] cybench.models.nn_models: Early stopped at epoch 49
2026-09-12 14:48:14,849 [DEBUG] cybench.models.nn_models: Early stopped at epoch 26
2026-09-12 14:48:15,025 [DEBUG] cybench.models.nn_models: Early stopped at epoch 25
2026-09-12 14:48:15,590 [DEBUG] cybench.models.nn_models: Early stopped at epoch 24
2026-09-12 14:48:16,472 [DEBUG] cybench.models.nn_models: Early stopped at epoch 34
2026-09-12 14:48:16,696 [DEBUG] cybench.models.nn_models: Early stopped at epoch 31
2026-09-12 14:48:17,669 [DEBUG] cybench.models.nn_models: Early stopped at epoch 23
2026-09-12 14:48:17,843 [DEBUG] cybench.models.nn_models: Early stopped at epoch 27
2026-09-12 14:48:18,452 [DEBUG] cybench.models.nn_models: Early stopped at epoch 44
2026-09-12 14:48:18,618 [DEBUG] cybench.models.nn_models: Early stopped at epoch 23
2026-09-12 14:48:19,210 [DEBUG] cybench.models.nn_models: Early stopped at epoch 20
2026-09-12 14:48:19,353 [DEBUG] cybench.models.nn_models: Early stopped at epoch 21
2026-09-12 14:48:19,822 [DEBUG] cybench.models.nn_models: Early stopped at epoch 24
2026-09-12 14:48:20,693 [DEBUG] cybench.models.nn_models: Early stopped at epoch 12
2026-09-12 14:48:22,107 [DEBUG] cybench.models.nn_models: Early stopped at epoch 39
2026-09-12 14:48:23,024 [DEBUG] cybench.models.nn_models: Early stopped at epoch 30
2026-09-12 14:48:23,586 [DEBUG] cybench.models.nn_models: Early stopped at epoch 46
2026-09-12 14:48:24,737 [DEBUG] cybench.models.nn_models: Early stopped at epoch 29
2026-09-12 14:48:25,122 [DEBUG] cybench.models.nn_models: Early stopped at epoch 33
2026-09-12 14:48:25,680 [DEBUG] cybench.models.nn_models: Early stopped at epoch 50
2026-09-12 14:48:26,175 [DEBUG] cybench.models.nn_models: Early stopped at epoch 46
2026-09-12 14:48:27,380 [DEBUG] cybench.models.nn_models: Early stopped at epoch 36
2026-09-12 14:48:28,504 [DEBUG] cybench.models.nn_models: Early stopped at epoch 50
2026-09-12 14:48:28,923 [DEBUG] cybench.models.nn_models: Early stopped at epoch 36
2026-09-12 14:48:29,421 [DEBUG] cybench.models.nn_models: Early stopped at epoch 44
2026-09-12 14:48:30,467 [DEBUG] cybench.models.nn_models: Early stopped at epoch 27
2026-09-12 14:48:31,006 [DEBUG] cybench.models.nn_models: Early stopped at epoch 44
2026-09-12 14:48:31,813 [DEBUG] cybench.models.nn_models: Early stopped at epoch 21
2026-09-12 14:48:32,230 [DEBUG] cybench.models.nn_models: Early stopped at epoch 33
2026-09-12 14:48:32,419 [DEBUG] cybench.models.nn_models: Early stopped at epoch 18
2026-09-12 14:48:33,617 [DEBUG] cybench.models.nn_models: Early stopped at epoch 34
2026-09-12 14:48:33,926 [DEBUG] cybench.models.nn_models: Early stopped at epoch 27
2026-09-12 14:48:35,046 [DEBUG] cybench.models.nn_models: Early stopped at epoch 48
2026-09-12 14:48:35,985 [DEBUG] cybench.models.nn_models: Early stopped at epoch 23
2026-09-12 14:48:36,226 [DEBUG] cybench.models.nn_models: Early stopped at epoch 21
2026-09-12 14:48:44,413 [DEBUG] cybench.models.nn_models: Early stopped at epoch 12
2026-09-12 14:48:45,005 [DEBUG] cybench.models.nn_models: Early stopped at epoch 41
2026-09-12 14:48:45,175 [DEBUG] cybench.models.nn_models: Early stopped at epoch 24
2026-09-12 14:48:46,486 [DEBUG] cybench.models.nn_models: Early stopped at epoch 24
2026-09-12 14:48:47,409 [DEBUG] cybench.models.nn_models: Early stopped at epoch 27
2026-09-12 14:48:48,201 [DEBUG] cybench.models.nn_models: Early stopped at epoch 23
2026-09-12 14:48:48,544 [DEBUG] cybench.models.nn_models: Early stopped at epoch 50
2026-09-12 14:48:49,524 [DEBUG] cybench.models.nn_models: Early stopped at epoch 30
2026-09-12 14:48:49,833 [DEBUG] cybench.models.nn_models: Early stopped at epoch 50
2026-09-12 14:48:50,087 [DEBUG] cybench.models.nn_models: Early stopped at epoch 37
2026-09-12 14:48:50,292 [DEBUG] cybench.models.nn_models: Early stopped at epoch 30
2026-09-12 14:48:50,469 [DEBUG] cybench.models.nn_models: Early stopped at epoch 25
2026-09-12 14:48:51,028 [DEBUG] cybench.models.nn_models: Early stopped at epoch 20
2026-09-12 14:48:51,186 [DEBUG] cybench.models.nn_models: Early stopped at epoch 21
2026-09-12 14:48:51,701 [DEBUG] cybench.models.nn_models: Early stopped at epoch 23
2026-09-12 14:48:52,335 [DEBUG] cybench.models.nn_models: Early stopped at epoch 35
2026-09-12 14:48:52,425 [DEBUG] cybench.models.nn_models: Early stopped at epoch 12
2026-09-12 14:48:53,762 [DEBUG] cybench.models.nn_models: Early stopped at epoch 35
2026-09-12 14:48:54,714 [DEBUG] cybench.models.nn_models: Early stopped at epoch 30
2026-09-12 14:48:56,440 [DEBUG] cybench.models.nn_models: Early stopped at epoch 29
2026-09-12 14:48:56,854 [DEBUG] cybench.models.nn_models: Early stopped at epoch 37
2026-09-12 14:48:57,953 [DEBUG] cybench.models.nn_models: Early stopped at epoch 46
2026-09-12 14:48:59,269 [DEBUG] cybench.models.nn_models: Early stopped at epoch 47
2026-09-12 14:49:00,458 [DEBUG] cybench.models.nn_models: Early stopped at epoch 50
2026-09-12 14:49:00,882 [DEBUG] cybench.models.nn_models: Early stopped at epoch 36
2026-09-12 14:49:01,382 [DEBUG] cybench.models.nn_models: Early stopped at epoch 44
2026-09-12 14:49:02,375 [DEBUG] cybench.models.nn_models: Early stopped at epoch 27
2026-09-12 14:49:02,877 [DEBUG] cybench.models.nn_models: Early stopped at epoch 44
2026-09-12 14:49:03,791 [DEBUG] cybench.models.nn_models: Early stopped at epoch 21
2026-09-12 14:49:04,166 [DEBUG] cybench.models.nn_models: Early stopped at epoch 33
2026-09-12 14:49:04,365 [DEBUG] cybench.models.nn_models: Early stopped at epoch 18
2026-09-12 14:49:05,577 [DEBUG] cybench.models.nn_models: Early stopped at epoch 34
2026-09-12 14:49:05,889 [DEBUG] cybench.models.nn_models: Early stopped at epoch 27
2026-09-12 14:49:07,026 [DEBUG] cybench.models.nn_models: Early stopped at epoch 48
2026-09-12 14:49:07,934 [DEBUG] cybench.models.nn_models: Early stopped at epoch 22
2026-09-12 14:49:08,181 [DEBUG] cybench.models.nn_models: Early stopped at epoch 22
