2026-09-15 13:24:07,002 [DEBUG] matplotlib: matplotlib data path: d:\Anaconda\envs\specllm\Lib\site-packages\matplotlib\mpl-data
2026-09-15 13:24:07,005 [DEBUG] matplotlib: CONFIGDIR=C:\Users\35454\.matplotlib
2026-09-15 13:24:07,025 [DEBUG] matplotlib: interactive is False
2026-09-15 13:24:07,026 [DEBUG] matplotlib: platform is win32
2026-09-15 13:24:07,045 [DEBUG] matplotlib: CACHEDIR=C:\Users\35454\.matplotlib
2026-09-15 13:24:07,047 [DEBUG] matplotlib.font_manager: Using fontManager instance from C:\Users\35454\.matplotlib\fontlist-v390.json
2026-09-15 13:24:07,586 [DEBUG] matplotlib.pyplot: Loaded backend module://matplotlib_inline.backend_inline version unknown.
2026-09-15 13:24:47,659 [DEBUG] cybench.models.nn_models: Early stopped at epoch 16
2026-09-15 13:27:51,851 [DEBUG] cybench.models.nn_models: Early stopped at epoch 18
2026-09-15 13:30:31,739 [DEBUG] cybench.models.nn_models: Early stopped at epoch 19
2026-09-15 13:33:02,544 [DEBUG] matplotlib: matplotlib data path: d:\Anaconda\envs\specllm\Lib\site-packages\matplotlib\mpl-data
2026-09-15 13:33:02,547 [DEBUG] matplotlib: CONFIGDIR=C:\Users\35454\.matplotlib
2026-09-15 13:33:02,563 [DEBUG] matplotlib: interactive is False
2026-09-15 13:33:02,563 [DEBUG] matplotlib: platform is win32
2026-09-15 13:33:02,580 [DEBUG] matplotlib: CACHEDIR=C:\Users\35454\.matplotlib
2026-09-15 13:33:02,580 [DEBUG] matplotlib.font_manager: Using fontManager instance from C:\Users\35454\.matplotlib\fontlist-v390.json
2026-09-15 13:33:03,120 [DEBUG] matplotlib.pyplot: Loaded backend module://matplotlib_inline.backend_inline version unknown.
2026-09-15 13:33:03,120 [DEBUG] matplotlib.pyplot: Loaded backend module://matplotlib_inline.backend_inline version unknown.
2026-09-15 13:33:34,845 [DEBUG] cybench.models.nn_models: Early stopped at epoch 17
2026-09-15 13:33:36,012 [DEBUG] cybench.models.nn_models: Early stopped at epoch 37
2026-09-15 13:33:36,547 [DEBUG] cybench.models.nn_models: Early stopped at epoch 16
2026-09-15 13:33:37,379 [DEBUG] cybench.models.nn_models: Early stopped at epoch 25
2026-09-15 13:33:38,078 [DEBUG] cybench.models.nn_models: Early stopped at epoch 22
2026-09-15 13:33:38,649 [DEBUG] cybench.models.nn_models: Early stopped at epoch 17
2026-09-15 13:33:39,510 [DEBUG] cybench.models.nn_models: Early stopped at epoch 25
2026-09-15 13:33:39,953 [DEBUG] cybench.models.nn_models: Early stopped at epoch 15
2026-09-15 13:33:40,605 [DEBUG] cybench.models.nn_models: Early stopped at epoch 21
2026-09-15 13:33:41,140 [DEBUG] cybench.models.nn_models: Early stopped at epoch 17
2026-09-15 13:33:42,300 [DEBUG] cybench.models.nn_models: Early stopped at epoch 32
2026-09-15 13:33:43,136 [DEBUG] cybench.models.nn_models: Early stopped at epoch 29
2026-09-15 13:33:44,331 [DEBUG] cybench.models.nn_models: Early stopped at epoch 37
2026-09-15 13:33:44,905 [DEBUG] cybench.models.nn_models: Early stopped at epoch 17
2026-09-15 13:33:45,595 [DEBUG] cybench.models.nn_models: Early stopped at epoch 20
2026-09-15 13:33:46,723 [DEBUG] cybench.models.nn_models: Early stopped at epoch 37
2026-09-15 13:33:47,241 [DEBUG] cybench.models.nn_models: Early stopped at epoch 16
2026-09-15 13:33:49,592 [DEBUG] cybench.models.nn_models: Early stopped at epoch 17
2026-09-15 13:33:50,143 [DEBUG] cybench.models.nn_models: Early stopped at epoch 18
2026-09-15 13:33:56,326 [DEBUG] cybench.models.nn_models: Early stopped at epoch 24
2026-09-15 13:33:58,035 [DEBUG] cybench.models.nn_models: Early stopped at epoch 27
2026-09-15 13:33:59,437 [DEBUG] cybench.models.nn_models: Early stopped at epoch 21
2026-09-15 13:34:00,730 [DEBUG] cybench.models.nn_models: Early stopped at epoch 22
2026-09-15 13:34:03,208 [DEBUG] cybench.models.nn_models: Early stopped at epoch 43
2026-09-15 13:34:04,617 [DEBUG] cybench.models.nn_models: Early stopped at epoch 23
2026-09-15 13:34:06,300 [DEBUG] cybench.models.nn_models: Early stopped at epoch 25
2026-09-15 13:34:08,218 [DEBUG] cybench.models.nn_models: Early stopped at epoch 33
2026-09-15 13:34:10,673 [DEBUG] cybench.models.nn_models: Early stopped at epoch 43
2026-09-15 13:34:12,083 [DEBUG] cybench.models.nn_models: Early stopped at epoch 22
2026-09-15 13:34:13,772 [DEBUG] cybench.models.nn_models: Early stopped at epoch 25
2026-09-15 13:34:15,371 [DEBUG] cybench.models.nn_models: Early stopped at epoch 27
2026-09-15 13:34:16,816 [DEBUG] cybench.models.nn_models: Early stopped at epoch 24
2026-09-15 13:34:18,437 [DEBUG] cybench.models.nn_models: Early stopped at epoch 26
2026-09-15 13:34:20,204 [DEBUG] cybench.models.nn_models: Early stopped at epoch 25
2026-09-15 13:34:21,686 [DEBUG] cybench.models.nn_models: Early stopped at epoch 24
2026-09-15 13:34:23,594 [DEBUG] cybench.models.nn_models: Early stopped at epoch 31
2026-09-15 13:34:26,149 [DEBUG] cybench.models.nn_models: Early stopped at epoch 39
2026-09-15 13:34:27,412 [DEBUG] cybench.models.nn_models: Early stopped at epoch 18
2026-09-15 13:34:28,849 [DEBUG] cybench.models.nn_models: Early stopped at epoch 23
2026-09-15 13:34:59,234 [DEBUG] cybench.models.nn_models: Early stopped at epoch 31
2026-09-15 13:34:59,946 [DEBUG] cybench.models.nn_models: Early stopped at epoch 21
2026-09-15 13:35:01,386 [DEBUG] cybench.models.nn_models: Early stopped at epoch 43
2026-09-15 13:35:02,054 [DEBUG] cybench.models.nn_models: Early stopped at epoch 21
2026-09-15 13:35:02,753 [DEBUG] cybench.models.nn_models: Early stopped at epoch 22
2026-09-15 13:35:03,284 [DEBUG] cybench.models.nn_models: Early stopped at epoch 17
2026-09-15 13:35:03,833 [DEBUG] cybench.models.nn_models: Early stopped at epoch 16
2026-09-15 13:35:04,576 [DEBUG] cybench.models.nn_models: Early stopped at epoch 25
2026-09-15 13:35:05,217 [DEBUG] cybench.models.nn_models: Early stopped at epoch 21
2026-09-15 13:35:05,914 [DEBUG] cybench.models.nn_models: Early stopped at epoch 21
2026-09-15 13:35:06,973 [DEBUG] cybench.models.nn_models: Early stopped at epoch 29
2026-09-15 13:35:07,803 [DEBUG] cybench.models.nn_models: Early stopped at epoch 27
2026-09-15 13:35:08,749 [DEBUG] cybench.models.nn_models: Early stopped at epoch 31
2026-09-15 13:35:09,585 [DEBUG] cybench.models.nn_models: Early stopped at epoch 26
2026-09-15 13:35:10,375 [DEBUG] cybench.models.nn_models: Early stopped at epoch 22
2026-09-15 13:35:11,070 [DEBUG] cybench.models.nn_models: Early stopped at epoch 22
2026-09-15 13:35:11,712 [DEBUG] cybench.models.nn_models: Early stopped at epoch 20
2026-09-15 13:35:12,587 [DEBUG] cybench.models.nn_models: Early stopped at epoch 26
2026-09-15 13:35:13,309 [DEBUG] cybench.models.nn_models: Early stopped at epoch 20
2026-09-15 13:35:14,465 [DEBUG] cybench.models.nn_models: Early stopped at epoch 38
2026-09-15 13:35:21,439 [DEBUG] cybench.models.nn_models: Early stopped at epoch 39
2026-09-15 13:35:22,725 [DEBUG] cybench.models.nn_models: Early stopped at epoch 20
2026-09-15 13:35:25,182 [DEBUG] cybench.models.nn_models: Early stopped at epoch 37
2026-09-15 13:35:27,200 [DEBUG] cybench.models.nn_models: Early stopped at epoch 34
2026-09-15 13:35:29,828 [DEBUG] cybench.models.nn_models: Early stopped at epoch 43
2026-09-15 13:35:31,333 [DEBUG] cybench.models.nn_models: Early stopped at epoch 23
2026-09-15 13:35:32,986 [DEBUG] cybench.models.nn_models: Early stopped at epoch 25
2026-09-15 13:35:34,939 [DEBUG] cybench.models.nn_models: Early stopped at epoch 33
2026-09-15 13:35:36,939 [DEBUG] cybench.models.nn_models: Early stopped at epoch 34
2026-09-15 13:35:38,980 [DEBUG] cybench.models.nn_models: Early stopped at epoch 32
2026-09-15 13:35:40,758 [DEBUG] cybench.models.nn_models: Early stopped at epoch 25
2026-09-15 13:35:41,974 [DEBUG] cybench.models.nn_models: Early stopped at epoch 20
2026-09-15 13:35:43,649 [DEBUG] cybench.models.nn_models: Early stopped at epoch 26
2026-09-15 13:35:45,284 [DEBUG] cybench.models.nn_models: Early stopped at epoch 25
2026-09-15 13:35:46,609 [DEBUG] cybench.models.nn_models: Early stopped at epoch 19
2026-09-15 13:35:48,266 [DEBUG] cybench.models.nn_models: Early stopped at epoch 27
2026-09-15 13:35:49,571 [DEBUG] cybench.models.nn_models: Early stopped at epoch 23
2026-09-15 13:35:51,116 [DEBUG] cybench.models.nn_models: Early stopped at epoch 27
2026-09-15 13:35:52,967 [DEBUG] cybench.models.nn_models: Early stopped at epoch 31
2026-09-15 13:35:54,601 [DEBUG] cybench.models.nn_models: Early stopped at epoch 31
2026-09-15 13:36:24,779 [DEBUG] cybench.models.nn_models: Early stopped at epoch 38
2026-09-15 13:36:25,490 [DEBUG] cybench.models.nn_models: Early stopped at epoch 21
2026-09-15 13:36:25,977 [DEBUG] cybench.models.nn_models: Early stopped at epoch 15
2026-09-15 13:36:26,565 [DEBUG] cybench.models.nn_models: Early stopped at epoch 19
2026-09-15 13:36:27,386 [DEBUG] cybench.models.nn_models: Early stopped at epoch 25
2026-09-15 13:36:28,377 [DEBUG] cybench.models.nn_models: Early stopped at epoch 29
2026-09-15 13:36:29,763 [DEBUG] cybench.models.nn_models: Early stopped at epoch 39
2026-09-15 13:36:30,687 [DEBUG] cybench.models.nn_models: Early stopped at epoch 30
2026-09-15 13:36:31,168 [DEBUG] cybench.models.nn_models: Early stopped at epoch 16
2026-09-15 13:36:31,810 [DEBUG] cybench.models.nn_models: Early stopped at epoch 19
2026-09-15 13:36:32,938 [DEBUG] cybench.models.nn_models: Early stopped at epoch 30
2026-09-15 13:36:33,407 [DEBUG] cybench.models.nn_models: Early stopped at epoch 16
2026-09-15 13:36:34,563 [DEBUG] cybench.models.nn_models: Early stopped at epoch 37
2026-09-15 13:36:36,193 [DEBUG] cybench.models.nn_models: Early stopped at epoch 48
2026-09-15 13:36:37,054 [DEBUG] cybench.models.nn_models: Early stopped at epoch 24
2026-09-15 13:36:37,628 [DEBUG] cybench.models.nn_models: Early stopped at epoch 19
2026-09-15 13:36:38,558 [DEBUG] cybench.models.nn_models: Early stopped at epoch 28
2026-09-15 13:36:39,713 [DEBUG] cybench.models.nn_models: Early stopped at epoch 35
2026-09-15 13:36:40,630 [DEBUG] cybench.models.nn_models: Early stopped at epoch 27
2026-09-15 13:36:41,617 [DEBUG] cybench.models.nn_models: Early stopped at epoch 31
2026-09-15 13:36:47,638 [DEBUG] cybench.models.nn_models: Early stopped at epoch 21
2026-09-15 13:36:48,899 [DEBUG] cybench.models.nn_models: Early stopped at epoch 21
2026-09-15 13:36:51,599 [DEBUG] cybench.models.nn_models: Early stopped at epoch 42
2026-09-15 13:36:53,114 [DEBUG] cybench.models.nn_models: Early stopped at epoch 26
2026-09-15 13:36:54,711 [DEBUG] cybench.models.nn_models: Early stopped at epoch 27
2026-09-15 13:36:56,264 [DEBUG] cybench.models.nn_models: Early stopped at epoch 24
2026-09-15 13:36:57,840 [DEBUG] cybench.models.nn_models: Early stopped at epoch 23
2026-09-15 13:36:59,177 [DEBUG] cybench.models.nn_models: Early stopped at epoch 22
2026-09-15 13:37:00,883 [DEBUG] cybench.models.nn_models: Early stopped at epoch 29
2026-09-15 13:37:02,161 [DEBUG] cybench.models.nn_models: Early stopped at epoch 20
2026-09-15 13:37:04,049 [DEBUG] cybench.models.nn_models: Early stopped at epoch 27
2026-09-15 13:37:05,254 [DEBUG] cybench.models.nn_models: Early stopped at epoch 20
2026-09-15 13:37:06,595 [DEBUG] cybench.models.nn_models: Early stopped at epoch 22
2026-09-15 13:37:08,734 [DEBUG] cybench.models.nn_models: Early stopped at epoch 33
2026-09-15 13:37:10,239 [DEBUG] cybench.models.nn_models: Early stopped at epoch 22
2026-09-15 13:37:12,072 [DEBUG] cybench.models.nn_models: Early stopped at epoch 31
2026-09-15 13:37:13,180 [DEBUG] cybench.models.nn_models: Early stopped at epoch 19
2026-09-15 13:37:14,706 [DEBUG] cybench.models.nn_models: Early stopped at epoch 24
2026-09-15 13:37:17,847 [DEBUG] cybench.models.nn_models: Early stopped at epoch 46
2026-09-15 13:37:18,949 [DEBUG] cybench.models.nn_models: Early stopped at epoch 22
2026-09-15 13:37:32,474 [DEBUG] cybench.models.nn_models: Early stopped at epoch 50
2026-09-15 13:37:32,984 [DEBUG] cybench.models.nn_models: Early stopped at epoch 50
2026-09-15 13:37:33,396 [DEBUG] cybench.models.nn_models: Early stopped at epoch 37
2026-09-15 13:37:33,801 [DEBUG] cybench.models.nn_models: Early stopped at epoch 34
2026-09-15 13:37:34,176 [DEBUG] cybench.models.nn_models: Early stopped at epoch 35
2026-09-15 13:37:36,139 [DEBUG] cybench.models.nn_models: Early stopped at epoch 46
2026-09-15 13:37:36,511 [DEBUG] cybench.models.nn_models: Early stopped at epoch 39
2026-09-15 13:37:36,935 [DEBUG] cybench.models.nn_models: Early stopped at epoch 37
2026-09-15 13:37:37,275 [DEBUG] cybench.models.nn_models: Early stopped at epoch 28
2026-09-15 13:37:39,647 [DEBUG] cybench.models.nn_models: Early stopped at epoch 26
2026-09-15 13:37:39,954 [DEBUG] cybench.models.nn_models: Early stopped at epoch 30
2026-09-15 13:37:40,314 [DEBUG] cybench.models.nn_models: Early stopped at epoch 28
2026-09-15 13:37:42,274 [DEBUG] cybench.models.nn_models: Early stopped at epoch 41
2026-09-15 13:37:42,634 [DEBUG] cybench.models.nn_models: Early stopped at epoch 31
2026-09-15 13:37:43,030 [DEBUG] cybench.models.nn_models: Early stopped at epoch 35
2026-09-15 13:37:43,328 [DEBUG] cybench.models.nn_models: Early stopped at epoch 30
2026-09-15 13:37:44,486 [DEBUG] cybench.models.nn_models: Early stopped at epoch 22
2026-09-15 13:37:45,359 [DEBUG] cybench.models.nn_models: Early stopped at epoch 32
2026-09-15 13:37:45,662 [DEBUG] cybench.models.nn_models: Early stopped at epoch 29
2026-09-15 13:37:46,169 [DEBUG] cybench.models.nn_models: Early stopped at epoch 47
2026-09-15 13:37:49,614 [DEBUG] cybench.models.nn_models: Early stopped at epoch 49
2026-09-15 13:37:50,369 [DEBUG] cybench.models.nn_models: Early stopped at epoch 46
2026-09-15 13:37:51,066 [DEBUG] cybench.models.nn_models: Early stopped at epoch 43
2026-09-15 13:37:51,848 [DEBUG] cybench.models.nn_models: Early stopped at epoch 46
2026-09-15 13:37:52,455 [DEBUG] cybench.models.nn_models: Early stopped at epoch 36
2026-09-15 13:37:53,718 [DEBUG] cybench.models.nn_models: Early stopped at epoch 47
2026-09-15 13:37:55,340 [DEBUG] cybench.models.nn_models: Early stopped at epoch 48
2026-09-15 13:37:56,124 [DEBUG] cybench.models.nn_models: Early stopped at epoch 42
2026-09-15 13:37:56,976 [DEBUG] cybench.models.nn_models: Early stopped at epoch 44
2026-09-15 13:37:57,800 [DEBUG] cybench.models.nn_models: Early stopped at epoch 43
2026-09-15 13:38:00,156 [DEBUG] cybench.models.nn_models: Early stopped at epoch 47
2026-09-15 13:38:00,943 [DEBUG] cybench.models.nn_models: Early stopped at epoch 42
2026-09-15 13:38:02,684 [DEBUG] cybench.models.nn_models: Early stopped at epoch 43
2026-09-15 13:38:03,575 [DEBUG] cybench.models.nn_models: Early stopped at epoch 48
2026-09-15 13:38:05,054 [DEBUG] cybench.models.nn_models: Early stopped at epoch 50
2026-09-15 13:38:07,394 [DEBUG] cybench.models.nn_models: Early stopped at epoch 30
2026-09-15 13:38:08,132 [DEBUG] cybench.models.nn_models: Early stopped at epoch 41
2026-09-15 13:38:09,727 [DEBUG] cybench.models.nn_models: Early stopped at epoch 50
2026-09-15 13:38:14,673 [DEBUG] cybench.models.nn_models: Early stopped at epoch 50
2026-09-15 13:38:28,478 [DEBUG] cybench.models.nn_models: Early stopped at epoch 25
2026-09-15 13:38:29,329 [DEBUG] cybench.models.nn_models: Early stopped at epoch 33
2026-09-15 13:38:29,731 [DEBUG] cybench.models.nn_models: Early stopped at epoch 39
2026-09-15 13:38:30,129 [DEBUG] cybench.models.nn_models: Early stopped at epoch 35
2026-09-15 13:38:30,489 [DEBUG] cybench.models.nn_models: Early stopped at epoch 32
2026-09-15 13:38:30,655 [DEBUG] cybench.models.nn_models: Early stopped at epoch 18
2026-09-15 13:38:30,940 [DEBUG] cybench.models.nn_models: Early stopped at epoch 35
2026-09-15 13:38:31,938 [DEBUG] cybench.models.nn_models: Early stopped at epoch 41
2026-09-15 13:38:32,342 [DEBUG] cybench.models.nn_models: Early stopped at epoch 34
2026-09-15 13:38:32,607 [DEBUG] cybench.models.nn_models: Early stopped at epoch 21
2026-09-15 13:38:33,155 [DEBUG] cybench.models.nn_models: Early stopped at epoch 42
2026-09-15 13:38:33,513 [DEBUG] cybench.models.nn_models: Early stopped at epoch 37
2026-09-15 13:38:33,754 [DEBUG] cybench.models.nn_models: Early stopped at epoch 26
2026-09-15 13:38:34,542 [DEBUG] cybench.models.nn_models: Early stopped at epoch 22
2026-09-15 13:38:34,878 [DEBUG] cybench.models.nn_models: Early stopped at epoch 26
2026-09-15 13:38:35,244 [DEBUG] cybench.models.nn_models: Early stopped at epoch 31
2026-09-15 13:38:35,645 [DEBUG] cybench.models.nn_models: Early stopped at epoch 34
2026-09-15 13:38:35,885 [DEBUG] cybench.models.nn_models: Early stopped at epoch 23
2026-09-15 13:38:36,083 [DEBUG] cybench.models.nn_models: Early stopped at epoch 22
2026-09-15 13:38:37,131 [DEBUG] cybench.models.nn_models: Early stopped at epoch 41
2026-09-15 13:38:37,495 [DEBUG] cybench.models.nn_models: Early stopped at epoch 28
2026-09-15 13:38:37,962 [DEBUG] cybench.models.nn_models: Early stopped at epoch 40
2026-09-15 13:38:38,397 [DEBUG] cybench.models.nn_models: Early stopped at epoch 37
2026-09-15 13:38:38,644 [DEBUG] cybench.models.nn_models: Early stopped at epoch 24
2026-09-15 13:38:39,023 [DEBUG] cybench.models.nn_models: Early stopped at epoch 40
2026-09-15 13:38:39,925 [DEBUG] cybench.models.nn_models: Early stopped at epoch 31
2026-09-15 13:38:40,310 [DEBUG] cybench.models.nn_models: Early stopped at epoch 34
2026-09-15 13:38:40,820 [DEBUG] cybench.models.nn_models: Early stopped at epoch 47
2026-09-15 13:38:41,162 [DEBUG] cybench.models.nn_models: Early stopped at epoch 31
2026-09-15 13:38:41,526 [DEBUG] cybench.models.nn_models: Early stopped at epoch 43
2026-09-15 13:38:44,315 [DEBUG] cybench.models.nn_models: Early stopped at epoch 36
2026-09-15 13:38:45,072 [DEBUG] cybench.models.nn_models: Early stopped at epoch 43
2026-09-15 13:38:45,838 [DEBUG] cybench.models.nn_models: Early stopped at epoch 43
2026-09-15 13:38:46,509 [DEBUG] cybench.models.nn_models: Early stopped at epoch 38
2026-09-15 13:38:47,309 [DEBUG] cybench.models.nn_models: Early stopped at epoch 45
2026-09-15 13:38:48,582 [DEBUG] cybench.models.nn_models: Early stopped at epoch 41
2026-09-15 13:38:49,302 [DEBUG] cybench.models.nn_models: Early stopped at epoch 42
2026-09-15 13:38:50,086 [DEBUG] cybench.models.nn_models: Early stopped at epoch 45
2026-09-15 13:38:51,739 [DEBUG] cybench.models.nn_models: Early stopped at epoch 43
2026-09-15 13:38:52,515 [DEBUG] cybench.models.nn_models: Early stopped at epoch 46
2026-09-15 13:38:53,820 [DEBUG] cybench.models.nn_models: Early stopped at epoch 49
2026-09-15 13:38:54,567 [DEBUG] cybench.models.nn_models: Early stopped at epoch 45
2026-09-15 13:38:55,279 [DEBUG] cybench.models.nn_models: Early stopped at epoch 42
2026-09-15 13:38:55,997 [DEBUG] cybench.models.nn_models: Early stopped at epoch 44
2026-09-15 13:38:57,556 [DEBUG] cybench.models.nn_models: Early stopped at epoch 41
2026-09-15 13:38:59,625 [DEBUG] cybench.models.nn_models: Early stopped at epoch 36
2026-09-15 13:39:00,444 [DEBUG] cybench.models.nn_models: Early stopped at epoch 46
2026-09-15 13:39:01,012 [DEBUG] cybench.models.nn_models: Early stopped at epoch 31
2026-09-15 13:39:01,665 [DEBUG] cybench.models.nn_models: Early stopped at epoch 34
2026-09-15 13:39:02,237 [DEBUG] cybench.models.nn_models: Early stopped at epoch 31
2026-09-15 13:39:07,332 [DEBUG] cybench.models.nn_models: Early stopped at epoch 46
2026-09-15 13:39:08,295 [DEBUG] cybench.models.nn_models: Early stopped at epoch 50
2026-09-15 13:39:23,021 [DEBUG] cybench.models.nn_models: Early stopped at epoch 45
2026-09-15 13:39:23,728 [DEBUG] cybench.models.nn_models: Early stopped at epoch 49
2026-09-15 13:39:24,160 [DEBUG] cybench.models.nn_models: Early stopped at epoch 33
2026-09-15 13:39:24,655 [DEBUG] cybench.models.nn_models: Early stopped at epoch 39
2026-09-15 13:39:25,078 [DEBUG] cybench.models.nn_models: Early stopped at epoch 34
2026-09-15 13:39:25,510 [DEBUG] cybench.models.nn_models: Early stopped at epoch 36
2026-09-15 13:39:25,958 [DEBUG] cybench.models.nn_models: Early stopped at epoch 47
2026-09-15 13:39:26,412 [DEBUG] cybench.models.nn_models: Early stopped at epoch 47
2026-09-15 13:39:27,412 [DEBUG] cybench.models.nn_models: Early stopped at epoch 26
2026-09-15 13:39:27,971 [DEBUG] cybench.models.nn_models: Early stopped at epoch 43
2026-09-15 13:39:28,437 [DEBUG] cybench.models.nn_models: Early stopped at epoch 37
2026-09-15 13:39:28,984 [DEBUG] cybench.models.nn_models: Early stopped at epoch 42
2026-09-15 13:39:30,026 [DEBUG] cybench.models.nn_models: Early stopped at epoch 49
2026-09-15 13:39:31,204 [DEBUG] cybench.models.nn_models: Early stopped at epoch 41
2026-09-15 13:39:31,578 [DEBUG] cybench.models.nn_models: Early stopped at epoch 26
2026-09-15 13:39:32,203 [DEBUG] cybench.models.nn_models: Early stopped at epoch 49
2026-09-15 13:39:32,769 [DEBUG] cybench.models.nn_models: Early stopped at epoch 42
2026-09-15 13:39:33,293 [DEBUG] cybench.models.nn_models: Early stopped at epoch 50
2026-09-15 13:39:33,709 [DEBUG] cybench.models.nn_models: Early stopped at epoch 39
2026-09-15 13:39:34,911 [DEBUG] cybench.models.nn_models: Early stopped at epoch 41
2026-09-15 13:39:35,542 [DEBUG] cybench.models.nn_models: Early stopped at epoch 46
2026-09-15 13:39:35,944 [DEBUG] cybench.models.nn_models: Early stopped at epoch 29
2026-09-15 13:39:36,357 [DEBUG] cybench.models.nn_models: Early stopped at epoch 30
2026-09-15 13:39:38,539 [DEBUG] cybench.models.nn_models: Early stopped at epoch 31
2026-09-15 13:39:38,948 [DEBUG] cybench.models.nn_models: Early stopped at epoch 34
2026-09-15 13:39:39,350 [DEBUG] cybench.models.nn_models: Early stopped at epoch 31
2026-09-15 13:39:39,764 [DEBUG] cybench.models.nn_models: Early stopped at epoch 31
2026-09-15 13:39:40,160 [DEBUG] cybench.models.nn_models: Early stopped at epoch 40
2026-09-15 13:39:43,261 [DEBUG] cybench.models.nn_models: Early stopped at epoch 48
2026-09-15 13:39:44,105 [DEBUG] cybench.models.nn_models: Early stopped at epoch 46
2026-09-15 13:39:45,638 [DEBUG] cybench.models.nn_models: Early stopped at epoch 32
2026-09-15 13:39:47,226 [DEBUG] cybench.models.nn_models: Early stopped at epoch 48
2026-09-15 13:39:49,656 [DEBUG] cybench.models.nn_models: Early stopped at epoch 48
2026-09-15 13:39:51,512 [DEBUG] cybench.models.nn_models: Early stopped at epoch 46
2026-09-15 13:39:52,356 [DEBUG] cybench.models.nn_models: Early stopped at epoch 45
2026-09-15 13:39:55,812 [DEBUG] cybench.models.nn_models: Early stopped at epoch 48
2026-09-15 13:39:57,749 [DEBUG] cybench.models.nn_models: Early stopped at epoch 46
2026-09-15 13:40:01,182 [DEBUG] cybench.models.nn_models: Early stopped at epoch 36
2026-09-15 13:40:03,236 [DEBUG] cybench.models.nn_models: Early stopped at epoch 49
2026-09-15 13:40:03,995 [DEBUG] cybench.models.nn_models: Early stopped at epoch 36
2026-09-15 13:40:04,677 [DEBUG] cybench.models.nn_models: Early stopped at epoch 33
2026-09-15 13:40:05,308 [DEBUG] cybench.models.nn_models: Early stopped at epoch 39
2026-09-15 13:40:09,235 [DEBUG] cybench.models.nn_models: Early stopped at epoch 48
2026-09-15 13:40:10,304 [DEBUG] cybench.models.nn_models: Early stopped at epoch 50
2026-09-15 13:40:11,351 [DEBUG] cybench.models.nn_models: Early stopped at epoch 50
2026-09-15 13:40:19,490 [DEBUG] cybench.models.nn_models: Early stopped at epoch 23
2026-09-15 13:40:19,691 [DEBUG] cybench.models.nn_models: Early stopped at epoch 28
2026-09-15 13:40:19,853 [DEBUG] cybench.models.nn_models: Early stopped at epoch 24
2026-09-15 13:40:20,022 [DEBUG] cybench.models.nn_models: Early stopped at epoch 24
2026-09-15 13:40:21,598 [DEBUG] cybench.models.nn_models: Early stopped at epoch 24
2026-09-15 13:40:21,752 [DEBUG] cybench.models.nn_models: Early stopped at epoch 23
2026-09-15 13:40:22,971 [DEBUG] cybench.models.nn_models: Early stopped at epoch 24
2026-09-15 13:40:23,547 [DEBUG] cybench.models.nn_models: Early stopped at epoch 49
2026-09-15 13:40:23,843 [DEBUG] cybench.models.nn_models: Early stopped at epoch 24
2026-09-15 13:40:24,132 [DEBUG] cybench.models.nn_models: Early stopped at epoch 26
2026-09-15 13:40:25,008 [DEBUG] cybench.models.nn_models: Early stopped at epoch 28
2026-09-15 13:40:25,816 [DEBUG] cybench.models.nn_models: Early stopped at epoch 25
2026-09-15 13:40:26,103 [DEBUG] cybench.models.nn_models: Early stopped at epoch 25
2026-09-15 13:40:26,382 [DEBUG] cybench.models.nn_models: Early stopped at epoch 25
2026-09-15 13:40:32,453 [DEBUG] cybench.models.nn_models: Early stopped at epoch 24
2026-09-15 13:40:32,621 [DEBUG] cybench.models.nn_models: Early stopped at epoch 24
2026-09-15 13:40:32,923 [DEBUG] cybench.models.nn_models: Early stopped at epoch 25
2026-09-15 13:40:33,094 [DEBUG] cybench.models.nn_models: Early stopped at epoch 24
2026-09-15 13:40:34,566 [DEBUG] cybench.models.nn_models: Early stopped at epoch 24
2026-09-15 13:40:36,144 [DEBUG] cybench.models.nn_models: Early stopped at epoch 32
2026-09-15 13:40:36,437 [DEBUG] cybench.models.nn_models: Early stopped at epoch 28
2026-09-15 13:40:36,756 [DEBUG] cybench.models.nn_models: Early stopped at epoch 28
2026-09-15 13:40:36,997 [DEBUG] cybench.models.nn_models: Early stopped at epoch 23
2026-09-15 13:40:37,866 [DEBUG] cybench.models.nn_models: Early stopped at epoch 28
2026-09-15 13:40:38,169 [DEBUG] cybench.models.nn_models: Early stopped at epoch 29
2026-09-15 13:40:38,931 [DEBUG] cybench.models.nn_models: Early stopped at epoch 25
2026-09-15 13:40:39,193 [DEBUG] cybench.models.nn_models: Early stopped at epoch 25
2026-09-15 13:40:50,025 [DEBUG] cybench.models.nn_models: Early stopped at epoch 33
2026-09-15 13:40:51,020 [DEBUG] cybench.models.nn_models: Early stopped at epoch 37
2026-09-15 13:40:51,383 [DEBUG] cybench.models.nn_models: Early stopped at epoch 35
2026-09-15 13:40:51,679 [DEBUG] cybench.models.nn_models: Early stopped at epoch 29
2026-09-15 13:40:54,094 [DEBUG] cybench.models.nn_models: Early stopped at epoch 32
2026-09-15 13:41:03,023 [DEBUG] cybench.models.nn_models: Early stopped at epoch 45
2026-09-15 13:41:03,318 [DEBUG] cybench.models.nn_models: Early stopped at epoch 40
2026-09-15 13:41:03,676 [DEBUG] cybench.models.nn_models: Early stopped at epoch 49
2026-09-15 13:41:04,111 [DEBUG] cybench.models.nn_models: Early stopped at epoch 45
2026-09-15 13:41:04,473 [DEBUG] cybench.models.nn_models: Early stopped at epoch 50
2026-09-15 13:41:04,810 [DEBUG] cybench.models.nn_models: Early stopped at epoch 44
2026-09-15 13:41:05,112 [DEBUG] cybench.models.nn_models: Early stopped at epoch 44
2026-09-15 13:41:05,312 [DEBUG] cybench.models.nn_models: Early stopped at epoch 31
2026-09-15 13:41:05,590 [DEBUG] cybench.models.nn_models: Early stopped at epoch 41
2026-09-15 13:41:06,012 [DEBUG] cybench.models.nn_models: Early stopped at epoch 44
2026-09-15 13:41:06,312 [DEBUG] cybench.models.nn_models: Early stopped at epoch 48
2026-09-15 13:41:06,624 [DEBUG] cybench.models.nn_models: Early stopped at epoch 44
2026-09-15 13:41:06,903 [DEBUG] cybench.models.nn_models: Early stopped at epoch 43
2026-09-15 13:41:07,203 [DEBUG] cybench.models.nn_models: Early stopped at epoch 44
2026-09-15 13:41:07,940 [DEBUG] cybench.models.nn_models: Early stopped at epoch 43
2026-09-15 13:41:08,229 [DEBUG] cybench.models.nn_models: Early stopped at epoch 41
2026-09-15 13:41:08,545 [DEBUG] cybench.models.nn_models: Early stopped at epoch 45
2026-09-15 13:41:08,795 [DEBUG] cybench.models.nn_models: Early stopped at epoch 42
2026-09-15 13:41:09,069 [DEBUG] cybench.models.nn_models: Early stopped at epoch 45
2026-09-15 13:41:09,401 [DEBUG] cybench.models.nn_models: Early stopped at epoch 49
2026-09-15 13:41:09,647 [DEBUG] cybench.models.nn_models: Early stopped at epoch 25
2026-09-15 13:41:09,861 [DEBUG] cybench.models.nn_models: Early stopped at epoch 32
2026-09-15 13:41:10,151 [DEBUG] cybench.models.nn_models: Early stopped at epoch 44
2026-09-15 13:41:10,395 [DEBUG] cybench.models.nn_models: Early stopped at epoch 34
2026-09-15 13:41:10,573 [DEBUG] cybench.models.nn_models: Early stopped at epoch 23
2026-09-15 13:41:10,883 [DEBUG] cybench.models.nn_models: Early stopped at epoch 41
2026-09-15 13:41:11,125 [DEBUG] cybench.models.nn_models: Early stopped at epoch 26
2026-09-15 13:41:11,457 [DEBUG] cybench.models.nn_models: Early stopped at epoch 47
2026-09-15 13:41:13,447 [DEBUG] cybench.models.nn_models: Early stopped at epoch 48
2026-09-15 13:41:14,487 [DEBUG] cybench.models.nn_models: Early stopped at epoch 45
2026-09-15 13:41:15,194 [DEBUG] cybench.models.nn_models: Early stopped at epoch 45
2026-09-15 13:41:22,317 [DEBUG] cybench.models.nn_models: Early stopped at epoch 36
2026-09-15 13:41:29,781 [DEBUG] cybench.models.nn_models: Early stopped at epoch 48
2026-09-15 13:41:40,210 [DEBUG] cybench.models.nn_models: Early stopped at epoch 42
2026-09-15 13:41:40,505 [DEBUG] cybench.models.nn_models: Early stopped at epoch 43
2026-09-15 13:41:41,220 [DEBUG] cybench.models.nn_models: Early stopped at epoch 49
2026-09-15 13:41:41,587 [DEBUG] cybench.models.nn_models: Early stopped at epoch 43
2026-09-15 13:41:42,274 [DEBUG] cybench.models.nn_models: Early stopped at epoch 44
2026-09-15 13:41:42,531 [DEBUG] cybench.models.nn_models: Early stopped at epoch 40
2026-09-15 13:41:43,151 [DEBUG] cybench.models.nn_models: Early stopped at epoch 43
2026-09-15 13:41:43,494 [DEBUG] cybench.models.nn_models: Early stopped at epoch 38
2026-09-15 13:41:43,706 [DEBUG] cybench.models.nn_models: Early stopped at epoch 33
2026-09-15 13:41:43,943 [DEBUG] cybench.models.nn_models: Early stopped at epoch 34
2026-09-15 13:41:44,224 [DEBUG] cybench.models.nn_models: Early stopped at epoch 42
2026-09-15 13:41:44,505 [DEBUG] cybench.models.nn_models: Early stopped at epoch 42
2026-09-15 13:41:45,209 [DEBUG] cybench.models.nn_models: Early stopped at epoch 43
2026-09-15 13:41:45,488 [DEBUG] cybench.models.nn_models: Early stopped at epoch 44
2026-09-15 13:41:45,772 [DEBUG] cybench.models.nn_models: Early stopped at epoch 42
2026-09-15 13:41:46,397 [DEBUG] cybench.models.nn_models: Early stopped at epoch 44
2026-09-15 13:41:47,016 [DEBUG] cybench.models.nn_models: Early stopped at epoch 32
2026-09-15 13:41:47,304 [DEBUG] cybench.models.nn_models: Early stopped at epoch 41
2026-09-15 13:41:47,641 [DEBUG] cybench.models.nn_models: Early stopped at epoch 45
2026-09-15 13:41:48,220 [DEBUG] cybench.models.nn_models: Early stopped at epoch 33
2026-09-15 13:41:48,796 [DEBUG] cybench.models.nn_models: Early stopped at epoch 26
2026-09-15 13:41:49,027 [DEBUG] cybench.models.nn_models: Early stopped at epoch 31
2026-09-15 13:41:50,977 [DEBUG] cybench.models.nn_models: Early stopped at epoch 48
2026-09-15 13:41:52,059 [DEBUG] cybench.models.nn_models: Early stopped at epoch 45
2026-09-15 13:41:52,744 [DEBUG] cybench.models.nn_models: Early stopped at epoch 45
2026-09-15 13:41:54,304 [DEBUG] cybench.models.nn_models: Early stopped at epoch 48
2026-09-15 13:42:01,418 [DEBUG] cybench.models.nn_models: Early stopped at epoch 50
2026-09-15 13:42:08,547 [DEBUG] cybench.models.nn_models: Early stopped at epoch 48
2026-09-15 13:42:17,777 [DEBUG] cybench.models.nn_models: Early stopped at epoch 42
2026-09-15 13:42:18,010 [DEBUG] cybench.models.nn_models: Early stopped at epoch 34
2026-09-15 13:42:18,637 [DEBUG] cybench.models.nn_models: Early stopped at epoch 48
2026-09-15 13:42:19,016 [DEBUG] cybench.models.nn_models: Early stopped at epoch 45
2026-09-15 13:42:19,278 [DEBUG] cybench.models.nn_models: Early stopped at epoch 40
2026-09-15 13:42:19,562 [DEBUG] cybench.models.nn_models: Early stopped at epoch 44
2026-09-15 13:42:19,813 [DEBUG] cybench.models.nn_models: Early stopped at epoch 40
2026-09-15 13:42:20,394 [DEBUG] cybench.models.nn_models: Early stopped at epoch 43
2026-09-15 13:42:21,133 [DEBUG] cybench.models.nn_models: Early stopped at epoch 43
2026-09-15 13:42:21,413 [DEBUG] cybench.models.nn_models: Early stopped at epoch 42
2026-09-15 13:42:21,695 [DEBUG] cybench.models.nn_models: Early stopped at epoch 43
2026-09-15 13:42:21,999 [DEBUG] cybench.models.nn_models: Early stopped at epoch 44
2026-09-15 13:42:22,570 [DEBUG] cybench.models.nn_models: Early stopped at epoch 27
2026-09-15 13:42:22,855 [DEBUG] cybench.models.nn_models: Early stopped at epoch 42
2026-09-15 13:42:23,074 [DEBUG] cybench.models.nn_models: Early stopped at epoch 32
2026-09-15 13:42:23,336 [DEBUG] cybench.models.nn_models: Early stopped at epoch 44
2026-09-15 13:42:23,615 [DEBUG] cybench.models.nn_models: Early stopped at epoch 43
2026-09-15 13:42:23,916 [DEBUG] cybench.models.nn_models: Early stopped at epoch 43
2026-09-15 13:42:24,190 [DEBUG] cybench.models.nn_models: Early stopped at epoch 32
2026-09-15 13:42:24,413 [DEBUG] cybench.models.nn_models: Early stopped at epoch 35
2026-09-15 13:42:24,688 [DEBUG] cybench.models.nn_models: Early stopped at epoch 44
2026-09-15 13:42:24,926 [DEBUG] cybench.models.nn_models: Early stopped at epoch 39
2026-09-15 13:42:25,145 [DEBUG] cybench.models.nn_models: Early stopped at epoch 33
2026-09-15 13:42:25,433 [DEBUG] cybench.models.nn_models: Early stopped at epoch 45
2026-09-15 13:42:25,659 [DEBUG] cybench.models.nn_models: Early stopped at epoch 26
2026-09-15 13:42:25,948 [DEBUG] cybench.models.nn_models: Early stopped at epoch 45
2026-09-15 13:42:27,889 [DEBUG] cybench.models.nn_models: Early stopped at epoch 48
2026-09-15 13:42:29,036 [DEBUG] cybench.models.nn_models: Early stopped at epoch 45
2026-09-15 13:42:30,442 [DEBUG] cybench.models.nn_models: Early stopped at epoch 48
2026-09-15 13:42:37,095 [DEBUG] cybench.models.nn_models: Early stopped at epoch 50
2026-09-15 13:42:40,757 [DEBUG] cybench.models.nn_models: Early stopped at epoch 42
2026-09-15 13:42:44,454 [DEBUG] cybench.models.nn_models: Early stopped at epoch 49
