Stage 1 切分：与 Stage 2 相同（CN 固定 2020-2022，其余国家最后 30%）
CN hardcode ridge
  checkpoint written
CN hardcode xgboost
  checkpoint written
CN hardcode svr
  checkpoint written
CN hardcode cnn1d
  checkpoint written
CN hardcode transformer_flat
  checkpoint written
CN qwen_base ridge
  checkpoint written
CN qwen_base xgboost
  checkpoint written
CN qwen_base svr
  checkpoint written
CN qwen_base cnn1d
  checkpoint written
CN qwen_base transformer_flat
  checkpoint written
CN qwen_rag ridge
  checkpoint written
CN qwen_rag xgboost
  checkpoint written
CN qwen_rag svr
  checkpoint written
CN qwen_rag cnn1d
  checkpoint written
CN qwen_rag transformer_flat
  checkpoint written
ZA hardcode ridge
  checkpoint written
ZA hardcode xgboost
  checkpoint written
ZA hardcode svr
  checkpoint written
ZA hardcode cnn1d
  checkpoint written
ZA hardcode transformer_flat
  checkpoint written
ZA qwen_base ridge
  checkpoint written
ZA qwen_base xgboost
  checkpoint written
ZA qwen_base svr
  checkpoint written
ZA qwen_base cnn1d
  checkpoint written
ZA qwen_base transformer_flat
  checkpoint written
ZA qwen_rag ridge
  checkpoint written
ZA qwen_rag xgboost
  checkpoint written
ZA qwen_rag svr
  checkpoint written
ZA qwen_rag cnn1d
  checkpoint written
ZA qwen_rag transformer_flat
  checkpoint written
MX hardcode ridge
  checkpoint written
MX hardcode xgboost
  checkpoint written
MX hardcode svr
  checkpoint written
MX hardcode cnn1d
  checkpoint written
MX hardcode transformer_flat
  checkpoint written
MX qwen_base ridge
  checkpoint written
MX qwen_base xgboost
  checkpoint written
MX qwen_base svr
  checkpoint written
MX qwen_base cnn1d
  checkpoint written
MX qwen_base transformer_flat
  checkpoint written
MX qwen_rag ridge
  checkpoint written
MX qwen_rag xgboost
  checkpoint written
MX qwen_rag svr
  checkpoint written
MX qwen_rag cnn1d
  checkpoint written
MX qwen_rag transformer_flat
  checkpoint written
PT hardcode ridge
  checkpoint written
PT hardcode xgboost
  checkpoint written
PT hardcode svr
  checkpoint written
PT hardcode cnn1d
  checkpoint written
PT hardcode transformer_flat
  checkpoint written
PT qwen_base ridge
  checkpoint written
PT qwen_base xgboost
  checkpoint written
PT qwen_base svr
  checkpoint written
PT qwen_base cnn1d
  checkpoint written
PT qwen_base transformer_flat
  checkpoint written
PT qwen_rag ridge
  checkpoint written
PT qwen_rag xgboost
  checkpoint written
PT qwen_rag svr
  checkpoint written
PT qwen_rag cnn1d
  checkpoint written
PT qwen_rag transformer_flat
  checkpoint written
